<html>
<body>
<pre>
<h1>µVision Build Log</h1>
<h2>Tool Versions:</h2>
IDE-Version: µVision V5.14.0.0
Copyright (C) 2015 ARM Ltd and ARM Germany GmbH. All rights reserved.
License Information: Tomasz Strzebak AGH Flex license: MDK-ARM Professional: 100 user(s) (mdk_pro) Operation stops: 22 Jul 2015
 
Tool Versions:
Toolchain:       MDK-ARM Professional: 100 user(s)  Version: 5.14.0.0
Toolchain Path:  C:\Keil_v5\ARM\ARMCC\Bin
C Compiler:      Armcc.exe V5.05 update 1 (build 106)
Assembler:       Armasm.exe V5.05 update 1 (build 106)
Linker/Locator:  ArmLink.exe V5.05 update 1 (build 106)
Library Manager: ArmAr.exe V5.05 update 1 (build 106)
Hex Converter:   FromElf.exe V5.05 update 1 (build 106)
CPU DLL:         SARMCM3.DLL V5.14.0.0
Dialog DLL:      DCM.DLL V1.13.1.0
Target DLL:      STLink\ST-LINKIII-KEIL_SWO.dll V2.0.14.0_KEIL
Dialog DLL:      TCM.DLL V1.14.4.0
 
<h2>Project:</h2>
D:\OneDrive\Study\SKMMSW\LCD\MDK-ARM\Project.uvprojx
Project File Date:  04/09/2015

<h2>Output:</h2>
Build target 'STM32F429I_DISCO'
compiling LCD_MainTask.c...
linking...
Program Size: Code=50944 RO-data=22632 RW-data=828 ZI-data=172100  
".\STM32F429I_DISCO\STM32F429I_DISCO.axf" - 0 Error(s), 0 Warning(s).

<h2>Collection of Component include folders:</h2>
  D:\OneDrive\Study\SKMMSW\LCD\MDK-ARM\RTE
  C:\Keil_v5\ARM\PACK\Keil\STM32F4xx_DFP\2.3.0\Drivers\CMSIS\Device\ST\STM32F4xx\Include

<h2>Collection of Component Files used:</h2>
</pre>
</body>
</html>
