Component: ARM Compiler 5.05 update 1 (build 106) Tool: armlink [4d0efa]

==============================================================================

Section Cross References

    startup_stm32f429xx.o(RESET) refers to startup_stm32f429xx.o(STACK) for __initial_sp
    startup_stm32f429xx.o(RESET) refers to startup_stm32f429xx.o(.text) for Reset_Handler
    startup_stm32f429xx.o(RESET) refers to stm32f4xx_it.o(i.NMI_Handler) for NMI_Handler
    startup_stm32f429xx.o(RESET) refers to stm32f4xx_it.o(i.HardFault_Handler) for HardFault_Handler
    startup_stm32f429xx.o(RESET) refers to stm32f4xx_it.o(i.MemManage_Handler) for MemManage_Handler
    startup_stm32f429xx.o(RESET) refers to stm32f4xx_it.o(i.BusFault_Handler) for BusFault_Handler
    startup_stm32f429xx.o(RESET) refers to stm32f4xx_it.o(i.UsageFault_Handler) for UsageFault_Handler
    startup_stm32f429xx.o(RESET) refers to stm32f4xx_it.o(i.DebugMon_Handler) for DebugMon_Handler
    startup_stm32f429xx.o(RESET) refers to stm32f4xx_it.o(i.SysTick_Handler) for SysTick_Handler
    startup_stm32f429xx.o(RESET) refers to stm32f4xx_it.o(i.UART5_IRQHandler) for UART5_IRQHandler
    startup_stm32f429xx.o(RESET) refers to stm32f4xx_it.o(i.I2C3_EV_IRQHandler) for I2C3_EV_IRQHandler
    startup_stm32f429xx.o(RESET) refers to stm32f4xx_it.o(i.I2C3_ER_IRQHandler) for I2C3_ER_IRQHandler
    startup_stm32f429xx.o(RESET) refers to stm32f4xx_it.o(i.LTDC_IRQHandler) for LTDC_IRQHandler
    startup_stm32f429xx.o(.text) refers to system_stm32f4xx.o(i.SystemInit) for SystemInit
    startup_stm32f429xx.o(.text) refers to entry.o(.ARM.Collect$$$$00000000) for __main
    blueradio_fh_lib.o(i.bl_fh_CONNECT) refers to blueradio_fh_lib.o(i.bl_split_data) for bl_split_data
    blueradio_fh_lib.o(i.bl_fh_CONNECT) refers to printf8.o(i.__0printf$8) for __2printf
    blueradio_fh_lib.o(i.bl_fh_CONNECT) refers to blueradio_fh_lib.o(.bss) for .bss
    blueradio_fh_lib.o(i.bl_fh_CONNECT) refers to blueradio_fh_lib.o(.data) for .data
    blueradio_fh_lib.o(i.bl_fh_CONNECT) refers to main.o(.data) for conn_stat
    blueradio_fh_lib.o(i.bl_fh_DISCONNECT) refers to main.o(.data) for conn_stat
    blueradio_fh_lib.o(i.bl_fh_DISCOVERY) refers to blueradio_fh_lib.o(i.bl_split_data) for bl_split_data
    blueradio_fh_lib.o(i.bl_fh_DISCOVERY) refers to blueradio_fh_lib.o(i.bl_valF4ascii) for bl_valF4ascii
    blueradio_fh_lib.o(i.bl_fh_DISCOVERY) refers to blueradio_fh_lib.o(i.bl_valF2ascii) for bl_valF2ascii
    blueradio_fh_lib.o(i.bl_fh_DISCOVERY) refers to printf8.o(i.__0printf$8) for __2printf
    blueradio_fh_lib.o(i.bl_fh_DISCOVERY) refers to blueradio_fh_lib.o(.bss) for .bss
    blueradio_fh_lib.o(i.bl_fh_DISCOVERY) refers to blueradio_fh_lib.o(.data) for .data
    blueradio_fh_lib.o(i.bl_fh_DONE) refers to printf8.o(i.__0printf$8) for __2printf
    blueradio_fh_lib.o(i.bl_fh_DONE) refers to main.o(.data) for blscan_mode
    blueradio_fh_lib.o(i.bl_fh_ERROR) refers to printf8.o(i.__0printf$8) for __2printf
    blueradio_fh_lib.o(i.bl_fh_ERROR) refers to blueradio_fh_lib.o(i.bl_split_data) for bl_split_data
    blueradio_fh_lib.o(i.bl_fh_ERROR) refers to blueradio_fh_lib.o(.bss) for .bss
    blueradio_fh_lib.o(i.bl_fh_ERROR) refers to blueradio_fh_lib.o(.data) for .data
    blueradio_fh_lib.o(i.bl_fh_GATT_DC) refers to blueradio_fh_lib.o(i.bl_split_data) for bl_split_data
    blueradio_fh_lib.o(i.bl_fh_GATT_DC) refers to strcmp.o(.text) for strcmp
    blueradio_fh_lib.o(i.bl_fh_GATT_DC) refers to blueradio_fh_lib.o(.bss) for .bss
    blueradio_fh_lib.o(i.bl_fh_GATT_DC) refers to blueradio_fh_lib.o(.data) for .data
    blueradio_fh_lib.o(i.bl_fh_GATT_DONE) refers to blueradio_fh_lib.o(i.bl_split_data) for bl_split_data
    blueradio_fh_lib.o(i.bl_fh_GATT_DONE) refers to printf8.o(i.__0printf$8) for __2printf
    blueradio_fh_lib.o(i.bl_fh_GATT_DONE) refers to blueradio_fh_lib.o(.bss) for .bss
    blueradio_fh_lib.o(i.bl_fh_GATT_DONE) refers to blueradio_fh_lib.o(.data) for .data
    blueradio_fh_lib.o(i.bl_fh_GATT_VAL) refers to printf8.o(i.__0printf$8) for __2printf
    blueradio_fh_lib.o(i.bl_fh_OK) refers to printf8.o(i.__0printf$8) for __2printf
    blueradio_fh_lib.o(i.bl_fh_run) refers to blueradio_fh_lib.o(.constdata) for .constdata
    blueradio_fh_lib.o(.constdata) refers to blueradio_fh_lib.o(i.bl_fh_OK) for bl_fh_OK
    blueradio_fh_lib.o(.constdata) refers to blueradio_fh_lib.o(i.bl_fh_ERROR) for bl_fh_ERROR
    blueradio_fh_lib.o(.constdata) refers to blueradio_fh_lib.o(i.bl_fh_DONE) for bl_fh_DONE
    blueradio_fh_lib.o(.constdata) refers to blueradio_fh_lib.o(i.bl_fh_CONNECT) for bl_fh_CONNECT
    blueradio_fh_lib.o(.constdata) refers to blueradio_fh_lib.o(i.bl_fh_DISCONNECT) for bl_fh_DISCONNECT
    blueradio_fh_lib.o(.constdata) refers to blueradio_fh_lib.o(i.bl_fh_DISCOVERY) for bl_fh_DISCOVERY
    blueradio_fh_lib.o(.constdata) refers to blueradio_fh_lib.o(i.bl_fh_PAIR_REQ) for bl_fh_PAIR_REQ
[...]
    0x080071f0   0x00000076   Code   RO         6008    i.WM_InvalidateRect  STemWin524b_CM4_Keil.lib(wm.o)
    0x08007266   0x00000006   Code   RO         6009    i.WM_InvalidateWindow  STemWin524b_CM4_Keil.lib(wm.o)
    0x0800726c   0x0000005e   Code   RO         6010    i.WM_InvalidateWindowAndDescsEx  STemWin524b_CM4_Keil.lib(wm.o)
    0x080072ca   0x00000002   PAD
    0x080072cc   0x0000003c   Code   RO         6011    i.WM_SelectWindow   STemWin524b_CM4_Keil.lib(wm.o)
    0x08007308   0x0000001e   Code   RO         6306    i.WM_SendToParent   STemWin524b_CM4_Keil.lib(wm_sendtoparent.o)
    0x08007326   0x00000002   PAD
    0x08007328   0x00000048   Code   RO         6014    i.WM__ActivateClipRect  STemWin524b_CM4_Keil.lib(wm.o)
    0x08007370   0x00000010   Code   RO         6290    i.WM__AddCriticalHandle  STemWin524b_CM4_Keil.lib(wm_criticalhandle.o)
    0x08007380   0x00000010   Code   RO         6015    i.WM__Client2Screen  STemWin524b_CM4_Keil.lib(wm.o)
    0x08007390   0x0000004e   Code   RO         6016    i.WM__ClipAtParentBorders  STemWin524b_CM4_Keil.lib(wm.o)
    0x080073de   0x00000020   Code   RO         6296    i.WM__GetClientRectEx  STemWin524b_CM4_Keil.lib(wm_getclientrect.o)
    0x080073fe   0x00000018   Code   RO         6019    i.WM__GetClientRectWin  STemWin524b_CM4_Keil.lib(wm.o)
    0x08007416   0x00000012   Code   RO         6747    i.WM__GetFirstSibling  STemWin524b_CM4_Keil.lib(wm__getfirstsibling.o)
    0x08007428   0x00000040   Code   RO         6020    i.WM__GetNextIVR    STemWin524b_CM4_Keil.lib(wm.o)
    0x08007468   0x00000024   Code   RO         6582    i.WM__GetPrevSibling  STemWin524b_CM4_Keil.lib(wm__getprevsibling.o)
    0x0800748c   0x00000018   Code   RO         6021    i.WM__GetTopLevelLayer  STemWin524b_CM4_Keil.lib(wm.o)
    0x080074a4   0x000000f0   Code   RO         6022    i.WM__InitIVRSearch  STemWin524b_CM4_Keil.lib(wm.o)
    0x08007594   0x000000a4   Code   RO         6023    i.WM__InsertWindowIntoList  STemWin524b_CM4_Keil.lib(wm.o)
    0x08007638   0x00000006   Code   RO         6024    i.WM__Invalidate1Abs  STemWin524b_CM4_Keil.lib(wm.o)
    0x0800763e   0x00000002   PAD
    0x08007640   0x00000054   Code   RO         6025    i.WM__InvalidateDrawAndDescs  STemWin524b_CM4_Keil.lib(wm.o)
    0x08007694   0x00000076   Code   RO         6027    i.WM__InvalidateRect  STemWin524b_CM4_Keil.lib(wm.o)
    0x0800770a   0x00000006   Code   RO         6028    i.WM__InvalidateRectEx  STemWin524b_CM4_Keil.lib(wm.o)
    0x08007710   0x00000020   Code   RO         6033    i.WM__RectIsNZ      STemWin524b_CM4_Keil.lib(wm.o)
    0x08007730   0x00000014   Code   RO         6036    i.WM__SelectTopLevelLayer  STemWin524b_CM4_Keil.lib(wm.o)
    0x08007744   0x0000003c   Code   RO         6285    i.WM__SendMessage   STemWin524b_CM4_Keil.lib(wm__sendmessage.o)
    0x08007780   0x0000000e   Code   RO         6037    i.WM__SendMsgNoData  STemWin524b_CM4_Keil.lib(wm.o)
    0x0800778e   0x00000002   PAD
    0x08007790   0x00000078   Code   RO         5040    i._AddFreeMemory    STemWin524b_CM4_Keil.lib(gui_alloc.o)
    0x08007808   0x000000bc   Code   RO         5041    i._Alloc            STemWin524b_CM4_Keil.lib(gui_alloc.o)
    0x080078c4   0x00000004   Code   RO         5728    i._CalcSizeOfChar   STemWin524b_CM4_Keil.lib(gui_uc_encodenone.o)
    0x080078c8   0x0000004c   Code   RO         5192    i._Color2IndexBulk  STemWin524b_CM4_Keil.lib(guicc_m565.o)
    0x08007914   0x00000034   Code   RO         5205    i._Color2IndexBulk  STemWin524b_CM4_Keil.lib(guicc_m888.o)
    0x08007948   0x00000044   Code   RO         4926    i._Color2IndexBulk_1616I  STemWin524b_CM4_Keil.lib(guicc_1616i.o)
    0x0800798c   0x00000038   Code   RO         4944    i._Color2IndexBulk_88666I  STemWin524b_CM4_Keil.lib(guicc_88666i.o)
    0x080079c4   0x0000005c   Code   RO         4956    i._Color2IndexBulk_M1555I  STemWin524b_CM4_Keil.lib(guicc_m1555i.o)
    0x08007a20   0x00000058   Code   RO         4970    i._Color2IndexBulk_M4444I  STemWin524b_CM4_Keil.lib(guicc_m4444i.o)
    0x08007a78   0x00000044   Code   RO         4984    i._Color2IndexBulk_M8888I  STemWin524b_CM4_Keil.lib(guicc_m8888i.o)
    0x08007abc   0x00000054   Code   RO         5740    i._Color2Index_0    STemWin524b_CM4_Keil.lib(guicc_0.o)
    0x08007b10   0x00000072   Code   RO         5674    i._Color2Index_16   STemWin524b_CM4_Keil.lib(guicc_16.o)
    0x08007b82   0x00000002   PAD
    0x08007b84   0x00000028   Code   RO         4927    i._Color2Index_1616I  STemWin524b_CM4_Keil.lib(guicc_1616i.o)
    0x08007bac   0x00000020   Code   RO         4945    i._Color2Index_88666I  STemWin524b_CM4_Keil.lib(guicc_88666i.o)
    0x08007bcc   0x00000038   Code   RO         4957    i._Color2Index_M1555I  STemWin524b_CM4_Keil.lib(guicc_m1555i.o)
    0x08007c04   0x0000003a   Code   RO         4971    i._Color2Index_M4444I  STemWin524b_CM4_Keil.lib(guicc_m4444i.o)
    0x08007c3e   0x00000002   PAD
    0x08007c40   0x0000002c   Code   RO         5193    i._Color2Index_M565  STemWin524b_CM4_Keil.lib(guicc_m565.o)
    0x08007c6c   0x00000014   Code   RO         5206    i._Color2Index_M888  STemWin524b_CM4_Keil.lib(guicc_m888.o)
    0x08007c80   0x00000020   Code   RO         4985    i._Color2Index_M8888I  STemWin524b_CM4_Keil.lib(guicc_m8888i.o)
    0x08007ca0   0x00000050   Code   RO         5397    i._CopyBuffer       STemWin524b_CM4_Keil.lib(guidrv_lin_32.o)
    0x08007cf0   0x00000020   Code   RO         6039    i._DesktopHandle2Index  STemWin524b_CM4_Keil.lib(wm.o)
    0x08007d10   0x00000074   Code   RO         6143    i._DispLine         STemWin524b_CM4_Keil.lib(gui_charline.o)
    0x08007d84   0x00000104   Code   RO         5398    i._DrawBitLine1BPP  STemWin524b_CM4_Keil.lib(guidrv_lin_32.o)
    0x08007e88   0x0000011c   Code   RO         5964    i._DrawBitLine1BPP  STemWin524b_CM4_Keil.lib(guidev_32.o)
    0x08007fa4   0x00000094   Code   RO         5399    i._DrawBitLine2BPP  STemWin524b_CM4_Keil.lib(guidrv_lin_32.o)
    0x08008038   0x000000e0   Code   RO         5965    i._DrawBitLine2BPP  STemWin524b_CM4_Keil.lib(guidev_32.o)
    0x08008118   0x00000094   Code   RO         5966    i._DrawBitLine32BPP_DDB  STemWin524b_CM4_Keil.lib(guidev_32.o)
    0x080081ac   0x0000009c   Code   RO         5400    i._DrawBitLine4BPP  STemWin524b_CM4_Keil.lib(guidrv_lin_32.o)
    0x08008248   0x00000158   Code   RO         5967    i._DrawBitLine4BPP  STemWin524b_CM4_Keil.lib(guidev_32.o)
    0x080083a0   0x000000f0   Code   RO         5401    i._DrawBitLine8BPP  STemWin524b_CM4_Keil.lib(guidrv_lin_32.o)
    0x08008490   0x00000188   Code   RO         5402    i._DrawBitmap       STemWin524b_CM4_Keil.lib(guidrv_lin_32.o)
    0x08008618   0x000002a4   Code   RO         5968    i._DrawBitmap       STemWin524b_CM4_Keil.lib(guidev_32.o)
    0x080088bc   0x0000000a   Code   RO         5403    i._DrawHLine        STemWin524b_CM4_Keil.lib(guidrv_lin_32.o)
    0x080088c6   0x0000000a   Code   RO         5969    i._DrawHLine        STemWin524b_CM4_Keil.lib(guidev_32.o)
    0x080088d0   0x0000000c   Code   RO         5404    i._DrawVLine        STemWin524b_CM4_Keil.lib(guidrv_lin_32.o)
    0x080088dc   0x000000ac   Code   RO         5970    i._DrawVLine        STemWin524b_CM4_Keil.lib(guidev_32.o)
    0x08008988   0x00000006   Code   RO         5729    i._Encode           STemWin524b_CM4_Keil.lib(gui_uc_encodenone.o)
    0x0800898e   0x00000002   PAD
    0x08008990   0x00000098   Code   RO         5042    i._EnlargeBlocks    STemWin524b_CM4_Keil.lib(gui_alloc.o)
    0x08008a28   0x00000028   Code   RO         5405    i._FillRect         STemWin524b_CM4_Keil.lib(guidrv_lin_32.o)
    0x08008a50   0x000000a4   Code   RO         5971    i._FillRect         STemWin524b_CM4_Keil.lib(guidev_32.o)
    0x08008af4   0x000000d4   Code   RO         5406    i._FillRectOpt32    STemWin524b_CM4_Keil.lib(guidrv_lin_32.o)
    0x08008bc8   0x00000148   Code   RO         6042    i._FindNext_IVR     STemWin524b_CM4_Keil.lib(wm.o)
    0x08008d10   0x0000007c   Code   RO         6043    i._Findx0           STemWin524b_CM4_Keil.lib(wm.o)
    0x08008d8c   0x00000072   Code   RO         6044    i._Findx1           STemWin524b_CM4_Keil.lib(wm.o)
    0x08008dfe   0x000000a6   Code   RO         6045    i._Findy1           STemWin524b_CM4_Keil.lib(wm.o)
    0x08008ea4   0x00000004   Code   RO         5730    i._GetCharCode      STemWin524b_CM4_Keil.lib(gui_uc_encodenone.o)
    0x08008ea8   0x00000004   Code   RO         5731    i._GetCharSize      STemWin524b_CM4_Keil.lib(gui_uc_encodenone.o)
    0x08008eac   0x00000010   Code   RO         5407    i._GetDevData       STemWin524b_CM4_Keil.lib(guidrv_lin_32.o)
    0x08008ebc   0x00000010   Code   RO         5972    i._GetDevData       STemWin524b_CM4_Keil.lib(guidev_32.o)
    0x08008ecc   0x000000dc   Code   RO         5408    i._GetDevFunc       STemWin524b_CM4_Keil.lib(guidrv_lin_32.o)
    0x08008fa8   0x00000010   Code   RO         5973    i._GetDevFunc       STemWin524b_CM4_Keil.lib(guidev_32.o)
    0x08008fb8   0x0000001e   Code   RO         5306    i._GetDevProp       STemWin524b_CM4_Keil.lib(lcd_getex.o)
    0x08008fd6   0x0000003c   Code   RO         5409    i._GetDevProp       STemWin524b_CM4_Keil.lib(guidrv_lin_32.o)
    0x08009012   0x0000000c   Code   RO         5974    i._GetDevProp       STemWin524b_CM4_Keil.lib(guidev_32.o)
    0x0800901e   0x00000052   Code   RO         5741    i._GetIndexMask_0   STemWin524b_CM4_Keil.lib(guicc_0.o)
    0x08009070   0x00000004   Code   RO         5675    i._GetIndexMask_16  STemWin524b_CM4_Keil.lib(guicc_16.o)
    0x08009074   0x00000004   Code   RO         4928    i._GetIndexMask_1616I  STemWin524b_CM4_Keil.lib(guicc_1616i.o)
    0x08009078   0x00000004   Code   RO         4939    i._GetIndexMask_8666  STemWin524b_CM4_Keil.lib(guicc_8666.o)
    0x0800907c   0x00000006   Code   RO         4946    i._GetIndexMask_88666I  STemWin524b_CM4_Keil.lib(guicc_88666i.o)
    0x08009082   0x00000006   Code   RO         4958    i._GetIndexMask_M1555I  STemWin524b_CM4_Keil.lib(guicc_m1555i.o)
    0x08009088   0x00000006   Code   RO         4972    i._GetIndexMask_M4444I  STemWin524b_CM4_Keil.lib(guicc_m4444i.o)
    0x0800908e   0x00000006   Code   RO         5194    i._GetIndexMask_M565  STemWin524b_CM4_Keil.lib(guicc_m565.o)
    0x08009094   0x00000006   Code   RO         5207    i._GetIndexMask_M888  STemWin524b_CM4_Keil.lib(guicc_m888.o)
    0x0800909a   0x00000006   Code   RO         4986    i._GetIndexMask_M8888I  STemWin524b_CM4_Keil.lib(guicc_m8888i.o)
    0x080090a0   0x0000001e   Code   RO         5307    i._GetMaxValue      STemWin524b_CM4_Keil.lib(lcd_getex.o)
    0x080090be   0x00000002   PAD
    0x080090c0   0x0000001c   Code   RO         5043    i._GetMinIndex      STemWin524b_CM4_Keil.lib(gui_alloc.o)
    0x080090dc   0x00000010   Code   RO         5410    i._GetPixelIndex    STemWin524b_CM4_Keil.lib(guidrv_lin_32.o)
    0x080090ec   0x0000000e   Code   RO         5975    i._GetPixelIndex    STemWin524b_CM4_Keil.lib(guidev_32.o)
    0x080090fa   0x0000001c   Code   RO         5411    i._GetPos           STemWin524b_CM4_Keil.lib(guidrv_lin_32.o)
    0x08009116   0x00000016   Code   RO         5412    i._GetRect          STemWin524b_CM4_Keil.lib(guidrv_lin_32.o)
    0x0800912c   0x00000030   Code   RO         5976    i._GetRect          STemWin524b_CM4_Keil.lib(guidev_32.o)
    0x0800915c   0x00000010   Code   RO         5716    i._GotoX            STemWin524b_CM4_Keil.lib(gui_goto.o)
    0x0800916c   0x00000010   Code   RO         5717    i._GotoY            STemWin524b_CM4_Keil.lib(gui_goto.o)
    0x0800917c   0x00000058   Code   RO         5195    i._Index2ColorBulk  STemWin524b_CM4_Keil.lib(guicc_m565.o)
    0x080091d4   0x00000034   Code   RO         5208    i._Index2ColorBulk  STemWin524b_CM4_Keil.lib(guicc_m888.o)
    0x08009208   0x0000004c   Code   RO         4929    i._Index2ColorBulk_1616I  STemWin524b_CM4_Keil.lib(guicc_1616i.o)
    0x08009254   0x00000044   Code   RO         4947    i._Index2ColorBulk_88666I  STemWin524b_CM4_Keil.lib(guicc_88666i.o)
    0x08009298   0x0000005c   Code   RO         4959    i._Index2ColorBulk_M1555I  STemWin524b_CM4_Keil.lib(guicc_m1555i.o)
    0x080092f4   0x0000005c   Code   RO         4973    i._Index2ColorBulk_M4444I  STemWin524b_CM4_Keil.lib(guicc_m4444i.o)
    0x08009350   0x00000044   Code   RO         4987    i._Index2ColorBulk_M8888I  STemWin524b_CM4_Keil.lib(guicc_m8888i.o)
    0x08009394   0x00000020   Code   RO         5742    i._Index2Color_0    STemWin524b_CM4_Keil.lib(guicc_0.o)
    0x080093b4   0x00000036   Code   RO         5676    i._Index2Color_16   STemWin524b_CM4_Keil.lib(guicc_16.o)
    0x080093ea   0x00000002   PAD
    0x080093ec   0x00000028   Code   RO         4930    i._Index2Color_1616I  STemWin524b_CM4_Keil.lib(guicc_1616i.o)
    0x08009414   0x00000020   Code   RO         4948    i._Index2Color_88666I  STemWin524b_CM4_Keil.lib(guicc_88666i.o)
    0x08009434   0x00000030   Code   RO         4960    i._Index2Color_M1555I  STemWin524b_CM4_Keil.lib(guicc_m1555i.o)
    0x08009464   0x00000030   Code   RO         4974    i._Index2Color_M4444I  STemWin524b_CM4_Keil.lib(guicc_m4444i.o)
    0x08009494   0x00000020   Code   RO         4988    i._Index2Color_M8888I  STemWin524b_CM4_Keil.lib(guicc_m8888i.o)
    0x080094b4   0x00000018   Code   RO         5413    i._Init             STemWin524b_CM4_Keil.lib(guidrv_lin_32.o)
    0x080094cc   0x00000070   Code   RO         5096    i._InitContext      STemWin524b_CM4_Keil.lib(gui_core.o)
    0x0800953c   0x000000a8   Code   RO         5044    i._InitOnce         STemWin524b_CM4_Keil.lib(gui_alloc.o)
    0x080095e4   0x00000024   Code   RO         5414    i._InitOnce         STemWin524b_CM4_Keil.lib(guidrv_lin_32.o)
    0x08009608   0x00000080   Code   RO         6046    i._Invalidate1Abs   STemWin524b_CM4_Keil.lib(wm.o)
    0x08009688   0x0000005c   Code   RO         2121    i._LCD_GetpPalConvTable  lcdconf_stm32f429i_disco.o
    0x080096e4   0x00000002   Code   RO         6144    i._Log2VisBuffered  STemWin524b_CM4_Keil.lib(gui_charline.o)
    0x080096e6   0x0000000a   Code   RO         5415    i._Off              STemWin524b_CM4_Keil.lib(guidrv_lin_32.o)
    0x080096f0   0x0000000a   Code   RO         5416    i._On               STemWin524b_CM4_Keil.lib(guidrv_lin_32.o)
    0x080096fa   0x00000002   PAD
    0x080096fc   0x00000028   Code   RO         5006    i._OnExit           STemWin524b_CM4_Keil.lib(gui__alpha.o)
    0x08009724   0x00000034   Code   RO         5045    i._OnExit           STemWin524b_CM4_Keil.lib(gui_alloc.o)
    0x08009758   0x0000002c   Code   RO         5097    i._OnExit           STemWin524b_CM4_Keil.lib(gui_core.o)
    0x08009784   0x00000014   Code   RO         5260    i._OnExit           STemWin524b_CM4_Keil.lib(lcd_color.o)
    0x08009798   0x00000034   Code   RO         6047    i._OnExit           STemWin524b_CM4_Keil.lib(wm.o)
    0x080097cc   0x00000040   Code   RO         5046    i._PopFreeBlock     STemWin524b_CM4_Keil.lib(gui_alloc.o)
    0x0800980c   0x00000028   Code   RO         5047    i._PushFreeBlock    STemWin524b_CM4_Keil.lib(gui_alloc.o)
    0x08009834   0x00000030   Code   RO         5417    i._ReadRect         STemWin524b_CM4_Keil.lib(guidrv_lin_32.o)
    0x08009864   0x00000034   Code   RO         5048    i._RemoveFreeBlock  STemWin524b_CM4_Keil.lib(gui_alloc.o)
    0x08009898   0x000000a0   Code   RO         5049    i._RemoveHoles      STemWin524b_CM4_Keil.lib(gui_alloc.o)
    0x08009938   0x00000026   Code   RO         5418    i._SetAlpha         STemWin524b_CM4_Keil.lib(guidrv_lin_32.o)
    0x0800995e   0x00000010   Code   RO         5419    i._SetAlphaMode     STemWin524b_CM4_Keil.lib(guidrv_lin_32.o)
    0x0800996e   0x00000002   PAD
    0x08009970   0x00000020   Code   RO         5230    i._SetBkColor       STemWin524b_CM4_Keil.lib(lcd.o)
    0x08009990   0x00000012   Code   RO         5420    i._SetChroma        STemWin524b_CM4_Keil.lib(guidrv_lin_32.o)
    0x080099a2   0x00000010   Code   RO         5421    i._SetChromaMode    STemWin524b_CM4_Keil.lib(guidrv_lin_32.o)
    0x080099b2   0x00000002   PAD
    0x080099b4   0x0000004c   Code   RO         6051    i._SetClipRectUserIntersect  STemWin524b_CM4_Keil.lib(wm.o)
    0x08009a00   0x00000020   Code   RO         5231    i._SetColor         STemWin524b_CM4_Keil.lib(lcd.o)
    0x08009a20   0x00000044   Code   RO         5422    i._SetDevFunc       STemWin524b_CM4_Keil.lib(guidrv_lin_32.o)
    0x08009a64   0x0000002c   Code   RO         5232    i._SetDrawMode      STemWin524b_CM4_Keil.lib(lcd.o)
    0x08009a90   0x000000a4   Code   RO         5423    i._SetOrg           STemWin524b_CM4_Keil.lib(guidrv_lin_32.o)
    0x08009b34   0x00000008   Code   RO         5977    i._SetOrg           STemWin524b_CM4_Keil.lib(guidev_32.o)
    0x08009b3c   0x00000012   Code   RO         5424    i._SetPixelIndex    STemWin524b_CM4_Keil.lib(guidrv_lin_32.o)
    0x08009b4e   0x00000002   PAD
    0x08009b50   0x00000048   Code   RO         5978    i._SetPixelIndex    STemWin524b_CM4_Keil.lib(guidev_32.o)
    0x08009b98   0x0000002e   Code   RO         5425    i._SetPos           STemWin524b_CM4_Keil.lib(guidrv_lin_32.o)
    0x08009bc6   0x00000044   Code   RO         5426    i._SetSize          STemWin524b_CM4_Keil.lib(guidrv_lin_32.o)
    0x08009c0a   0x00000028   Code   RO         5427    i._SetVRAMAddr      STemWin524b_CM4_Keil.lib(guidrv_lin_32.o)
    0x08009c32   0x0000002a   Code   RO         5428    i._SetVSize         STemWin524b_CM4_Keil.lib(guidrv_lin_32.o)
    0x08009c5c   0x00000026   Code   RO         5429    i._SetVis           STemWin524b_CM4_Keil.lib(guidrv_lin_32.o)
    0x08009c82   0x00000024   Code   RO         5430    i._ShowBuffer       STemWin524b_CM4_Keil.lib(guidrv_lin_32.o)
    0x08009ca6   0x00000002   PAD
    0x08009ca8   0x000000ea   Code   RO         5050    i._TestRAM          STemWin524b_CM4_Keil.lib(gui_alloc.o)
    0x08009d92   0x00000002   PAD
    0x08009d94   0x00000030   Code   RO         5130    i._UnlinkDevice     STemWin524b_CM4_Keil.lib(gui_device.o)
    0x08009dc4   0x0000000e   Code   RO         5051    i._WriteTagData     STemWin524b_CM4_Keil.lib(gui_alloc.o)
    0x08009dd2   0x00000002   PAD
    0x08009dd4   0x0000003c   Code   RO         5979    i._XY2PTR           STemWin524b_CM4_Keil.lib(guidev_32.o)
    0x08009e10   0x00000028   Code   RO         5431    i._XorPixel         STemWin524b_CM4_Keil.lib(guidrv_lin_32.o)
    0x08009e38   0x00000058   Code   RO         5980    i._XorPixel         STemWin524b_CM4_Keil.lib(guidev_32.o)
    0x08009e90   0x00000020   Code   RO         7014    i.__0printf$8       mc_w.l(printf8.o)
    0x08009eb0   0x00000028   Code   RO         7015    i.__0snprintf$8     mc_w.l(printf8.o)
    0x08009ed8   0x00000030   Code   RO         7094    i.__ARM_fpclassify  m_wm.l(fpclassify.o)
    0x08009f08   0x00000c38   Code   RO         6778    i.__hardfp_pow      m_wm.l(pow.o)
    0x0800ab40   0x000000f8   Code   RO         7096    i.__kernel_poly     m_wm.l(poly.o)
    0x0800ac38   0x00000030   Code   RO         7074    i.__mathlib_dbl_divzero  m_wm.l(dunder.o)
    0x0800ac68   0x00000014   Code   RO         7076    i.__mathlib_dbl_infnan2  m_wm.l(dunder.o)
    0x0800ac7c   0x00000004   PAD
    0x0800ac80   0x00000020   Code   RO         7077    i.__mathlib_dbl_invalid  m_wm.l(dunder.o)
    0x0800aca0   0x00000020   Code   RO         7078    i.__mathlib_dbl_overflow  m_wm.l(dunder.o)
    0x0800acc0   0x00000020   Code   RO         7080    i.__mathlib_dbl_underflow  m_wm.l(dunder.o)
    0x0800ace0   0x0000000e   Code   RO         7169    i.__scatterload_copy  mc_w.l(handlers.o)
    0x0800acee   0x00000002   Code   RO         7170    i.__scatterload_null  mc_w.l(handlers.o)
    0x0800acf0   0x0000000e   Code   RO         7171    i.__scatterload_zeroinit  mc_w.l(handlers.o)
    0x0800acfe   0x00000002   PAD
    0x0800ad00   0x0000000c   Code   RO         7131    i.__set_errno       mc_w.l(errno.o)
    0x0800ad0c   0x00000410   Code   RO         7021    i._printf_core      mc_w.l(printf8.o)
    0x0800b11c   0x00000024   Code   RO         7022    i._printf_post_padding  mc_w.l(printf8.o)
    0x0800b140   0x0000002e   Code   RO         7023    i._printf_pre_padding  mc_w.l(printf8.o)
    0x0800b16e   0x00000016   Code   RO         7024    i._snputc           mc_w.l(printf8.o)
    0x0800b184   0x00000058   Code   RO          304    i.bl_AdvertConfigCMD  blueradio_lib.o
    0x0800b1dc   0x00000048   Code   RO          305    i.bl_DiscoveryTimConfCMD  blueradio_lib.o
    0x0800b224   0x00000002   Code   RO           12    i.bl_UC_REQ         blueradio_fh_lib.o
    0x0800b226   0x00000002   PAD
    0x0800b228   0x00000124   Code   RO          306    i.bl_advertUpdate   blueradio_lib.o
    0x0800b34c   0x000000b4   Code   RO          307    i.bl_advertisingON  blueradio_lib.o
    0x0800b400   0x0000001c   Code   RO          308    i.bl_buffer_clearStatus  blueradio_lib.o
    0x0800b41c   0x00000026   Code   RO          309    i.bl_buffers_init   blueradio_lib.o
    0x0800b442   0x00000002   PAD
    0x0800b444   0x0000001c   Code   RO          310    i.bl_buffers_release  blueradio_lib.o
    0x0800b460   0x0000002a   Code   RO          311    i.bl_buffers_reserve  blueradio_lib.o
    0x0800b48a   0x0000007e   Code   RO          312    i.bl_checkEvents    blueradio_lib.o
    0x0800b508   0x00000042   Code   RO          313    i.bl_chngStatBuff   blueradio_lib.o
    0x0800b54a   0x00000002   Code   RO           13    i.bl_fh_BRSP        blueradio_fh_lib.o
    0x0800b54c   0x000000ec   Code   RO           14    i.bl_fh_CONNECT     blueradio_fh_lib.o
    0x0800b638   0x00000002   Code   RO           15    i.bl_fh_CPU         blueradio_fh_lib.o
    0x0800b63a   0x00000002   PAD
    0x0800b63c   0x0000000c   Code   RO           16    i.bl_fh_DISCONNECT  blueradio_fh_lib.o
    0x0800b648   0x00000154   Code   RO           17    i.bl_fh_DISCOVERY   blueradio_fh_lib.o
    0x0800b79c   0x00000058   Code   RO           18    i.bl_fh_DONE        blueradio_fh_lib.o
    0x0800b7f4   0x00000080   Code   RO           19    i.bl_fh_ERROR       blueradio_fh_lib.o
    0x0800b874   0x000000d4   Code   RO           20    i.bl_fh_GATT_DC     blueradio_fh_lib.o
    0x0800b948   0x00000002   Code   RO           21    i.bl_fh_GATT_DCD    blueradio_fh_lib.o
    0x0800b94a   0x00000002   PAD
    0x0800b94c   0x000000ac   Code   RO           22    i.bl_fh_GATT_DONE   blueradio_fh_lib.o
    0x0800b9f8   0x00000002   Code   RO           23    i.bl_fh_GATT_DPS    blueradio_fh_lib.o
    0x0800b9fa   0x00000002   PAD
    0x0800b9fc   0x00000028   Code   RO           24    i.bl_fh_GATT_VAL    blueradio_fh_lib.o
    0x0800ba24   0x00000030   Code   RO           25    i.bl_fh_OK          blueradio_fh_lib.o
    0x0800ba54   0x00000002   Code   RO           26    i.bl_fh_PAIRED      blueradio_fh_lib.o
    0x0800ba56   0x00000002   Code   RO           27    i.bl_fh_PAIR_FAIL   blueradio_fh_lib.o
    0x0800ba58   0x00000002   Code   RO           28    i.bl_fh_PAIR_REQ    blueradio_fh_lib.o
    0x0800ba5a   0x00000002   Code   RO           29    i.bl_fh_PIN_REQ     blueradio_fh_lib.o
    0x0800ba5c   0x00000002   Code   RO           30    i.bl_fh_PK_DIS      blueradio_fh_lib.o
    0x0800ba5e   0x00000002   Code   RO           31    i.bl_fh_PK_REQ      blueradio_fh_lib.o
    0x0800ba60   0x00000002   Code   RO           32    i.bl_fh_RN          blueradio_fh_lib.o
    0x0800ba62   0x00000002   Code   RO           33    i.bl_fh_RS          blueradio_fh_lib.o
    0x0800ba64   0x00000002   Code   RO           34    i.bl_fh_SCCPS       blueradio_fh_lib.o
    0x0800ba66   0x00000002   Code   RO           35    i.bl_fh_SPP         blueradio_fh_lib.o
    0x0800ba68   0x00000010   Code   RO           36    i.bl_fh_run         blueradio_fh_lib.o
    0x0800ba78   0x00000064   Code   RO          315    i.bl_handleResp     blueradio_lib.o
    0x0800badc   0x000000d4   Code   RO          769    i.bl_read_cmd       main.o
    0x0800bbb0   0x00000054   Code   RO          316    i.bl_setDiscoveryTime  blueradio_lib.o
    0x0800bc04   0x00000030   Code   RO           37    i.bl_split_data     blueradio_fh_lib.o
    0x0800bc34   0x00000098   Code   RO          317    i.bl_startDiscovery  blueradio_lib.o
    0x0800bccc   0x00000018   Code   RO           38    i.bl_valF2ascii     blueradio_fh_lib.o
    0x0800bce4   0x00000034   Code   RO           39    i.bl_valF4ascii     blueradio_fh_lib.o
    0x0800bd18   0x0000005c   Code   RO          318    i.ble_stopallcmd    blueradio_lib.o
    0x0800bd74   0x00000050   Code   RO         6053    i.cbBackWin         STemWin524b_CM4_Keil.lib(wm.o)
    0x0800bdc4   0x00000018   Code   RO          770    i.delay_ms          main.o
    0x0800bddc   0x0000008a   Code   RO         5233    i.emWin_LCD_Init    STemWin524b_CM4_Keil.lib(lcd.o)
    0x0800be66   0x00000018   Code   RO         7090    i.fabs              m_wm.l(fabs.o)
    0x0800be7e   0x00000002   PAD
    0x0800be80   0x00000024   Code   RO          564    i.fputc             itm_retarget.o
    0x0800bea4   0x00000060   Code   RO          319    i.get_resp_name     blueradio_lib.o
    0x0800bf04   0x00000292   Code   RO         1108    i.ili9341_Init      ili9341.o
    0x0800c196   0x00000002   PAD
    0x0800c198   0x0000043c   Code   RO          771    i.main              main.o
    0x0800c5d4   0x00000084   Code   RO          611    i.mpl_ReadStore_Data  mpl3115_lib.o
    0x0800c658   0x00000012   Code   RO          613    i.mpl_get_Pfrac     mpl3115_lib.o
    0x0800c66a   0x00000002   PAD
    0x0800c66c   0x000000c8   Code   RO          614    i.mpl_get_Psea      mpl3115_lib.o
    0x0800c734   0x00000012   Code   RO          615    i.mpl_get_Pval      mpl3115_lib.o
    0x0800c746   0x00000020   Code   RO          616    i.mpl_get_Tempfrac  mpl3115_lib.o
    0x0800c766   0x00000060   Code   RO          619    i.mpl_start_OneShot  mpl3115_lib.o
    0x0800c7c6   0x0000006e   Code   RO         7101    i.sqrt              m_wm.l(sqrt.o)
    0x0800c834   0x00000038   Code   RO          710    i.usart_sendString  usart.o
    0x0800c86c   0x00000060   Data   RO           41    .constdata          blueradio_fh_lib.o
    0x0800c8cc   0x00000133   Data   RO          321    .constdata          blueradio_lib.o
    0x0800c9ff   0x000000be   Data   RO          773    .constdata          main.o
    0x0800cabd   0x00000010   Data   RO         4018    .constdata          stm32f4xx_hal_rcc.o
    0x0800cacd   0x00000003   PAD
    0x0800cad0   0x00000018   Data   RO         4931    .constdata          STemWin524b_CM4_Keil.lib(guicc_1616i.o)
    0x0800cae8   0x00000018   Data   RO         4940    .constdata          STemWin524b_CM4_Keil.lib(guicc_8666.o)
    0x0800cb00   0x00000018   Data   RO         4949    .constdata          STemWin524b_CM4_Keil.lib(guicc_88666i.o)
    0x0800cb18   0x00000018   Data   RO         4961    .constdata          STemWin524b_CM4_Keil.lib(guicc_m1555i.o)
    0x0800cb30   0x00000018   Data   RO         4975    .constdata          STemWin524b_CM4_Keil.lib(guicc_m4444i.o)
    0x0800cb48   0x00000018   Data   RO         4989    .constdata          STemWin524b_CM4_Keil.lib(guicc_m8888i.o)
    0x0800cb60   0x00000008   Data   RO         5099    .constdata          STemWin524b_CM4_Keil.lib(gui_core.o)
    0x0800cb68   0x00000018   Data   RO         5196    .constdata          STemWin524b_CM4_Keil.lib(guicc_m565.o)
    0x0800cb80   0x00000018   Data   RO         5209    .constdata          STemWin524b_CM4_Keil.lib(guicc_m888.o)
    0x0800cb98   0x0000000c   Data   RO         5234    .constdata          STemWin524b_CM4_Keil.lib(lcd.o)
    0x0800cba4   0x00000034   Data   RO         5432    .constdata          STemWin524b_CM4_Keil.lib(guidrv_lin_32.o)
    0x0800cbd8   0x00000518   Data   RO         5468    .constdata          STemWin524b_CM4_Keil.lib(f6x8.o)
    0x0800d0f0   0x000001c0   Data   RO         5469    .constdata          STemWin524b_CM4_Keil.lib(f6x8.o)
    0x0800d2b0   0x00000008   Data   RO         5470    .constdata          STemWin524b_CM4_Keil.lib(f6x8.o)
    0x0800d2b8   0x00000014   Data   RO         5471    .constdata          STemWin524b_CM4_Keil.lib(f6x8.o)
    0x0800d2cc   0x00000024   Data   RO         5472    .constdata          STemWin524b_CM4_Keil.lib(f6x8.o)
    0x0800d2f0   0x00000014   Data   RO         5474    .constdata          STemWin524b_CM4_Keil.lib(f20_1.o)
    0x0800d304   0x00000014   Data   RO         5475    .constdata          STemWin524b_CM4_Keil.lib(f20_1.o)
    0x0800d318   0x00000028   Data   RO         5476    .constdata          STemWin524b_CM4_Keil.lib(f20_1.o)
    0x0800d340   0x00000028   Data   RO         5477    .constdata          STemWin524b_CM4_Keil.lib(f20_1.o)
    0x0800d368   0x00000028   Data   RO         5478    .constdata          STemWin524b_CM4_Keil.lib(f20_1.o)
    0x0800d390   0x00000028   Data   RO         5479    .constdata          STemWin524b_CM4_Keil.lib(f20_1.o)
    0x0800d3b8   0x00000014   Data   RO         5480    .constdata          STemWin524b_CM4_Keil.lib(f20_1.o)
    0x0800d3cc   0x00000028   Data   RO         5481    .constdata          STemWin524b_CM4_Keil.lib(f20_1.o)
    0x0800d3f4   0x00000014   Data   RO         5482    .constdata          STemWin524b_CM4_Keil.lib(f20_1.o)
    0x0800d408   0x00000028   Data   RO         5483    .constdata          STemWin524b_CM4_Keil.lib(f20_1.o)
    0x0800d430   0x00000014   Data   RO         5484    .constdata          STemWin524b_CM4_Keil.lib(f20_1.o)
    0x0800d444   0x00000028   Data   RO         5485    .constdata          STemWin524b_CM4_Keil.lib(f20_1.o)
    0x0800d46c   0x00000028   Data   RO         5486    .constdata          STemWin524b_CM4_Keil.lib(f20_1.o)
    0x0800d494   0x00000014   Data   RO         5487    .constdata          STemWin524b_CM4_Keil.lib(f20_1.o)
    0x0800d4a8   0x00000028   Data   RO         5488    .constdata          STemWin524b_CM4_Keil.lib(f20_1.o)
    0x0800d4d0   0x00000028   Data   RO         5489    .constdata          STemWin524b_CM4_Keil.lib(f20_1.o)
    0x0800d4f8   0x00000014   Data   RO         5490    .constdata          STemWin524b_CM4_Keil.lib(f20_1.o)
    0x0800d50c   0x00000028   Data   RO         5491    .constdata          STemWin524b_CM4_Keil.lib(f20_1.o)
    0x0800d534   0x00000014   Data   RO         5492    .constdata          STemWin524b_CM4_Keil.lib(f20_1.o)
    0x0800d548   0x00000014   Data   RO         5493    .constdata          STemWin524b_CM4_Keil.lib(f20_1.o)
    0x0800d55c   0x00000014   Data   RO         5494    .constdata          STemWin524b_CM4_Keil.lib(f20_1.o)
    0x0800d570   0x00000028   Data   RO         5495    .constdata          STemWin524b_CM4_Keil.lib(f20_1.o)
    0x0800d598   0x00000028   Data   RO         5496    .constdata          STemWin524b_CM4_Keil.lib(f20_1.o)
    0x0800d5c0   0x00000014   Data   RO         5497    .constdata          STemWin524b_CM4_Keil.lib(f20_1.o)
    0x0800d5d4   0x00000014   Data   RO         5498    .constdata          STemWin524b_CM4_Keil.lib(f20_1.o)
    0x0800d5e8   0x00000014   Data   RO         5499    .constdata          STemWin524b_CM4_Keil.lib(f20_1.o)
    0x0800d5fc   0x00000014   Data   RO         5500    .constdata          STemWin524b_CM4_Keil.lib(f20_1.o)
    0x0800d610   0x00000028   Data   RO         5501    .constdata          STemWin524b_CM4_Keil.lib(f20_1.o)
    0x0800d638   0x00000028   Data   RO         5502    .constdata          STemWin524b_CM4_Keil.lib(f20_1.o)
    0x0800d660   0x00000028   Data   RO         5503    .constdata          STemWin524b_CM4_Keil.lib(f20_1.o)
    0x0800d688   0x00000028   Data   RO         5504    .constdata          STemWin524b_CM4_Keil.lib(f20_1.o)
    0x0800d6b0   0x00000028   Data   RO         5505    .constdata          STemWin524b_CM4_Keil.lib(f20_1.o)
    0x0800d6d8   0x00000028   Data   RO         5506    .constdata          STemWin524b_CM4_Keil.lib(f20_1.o)
    0x0800d700   0x00000028   Data   RO         5507    .constdata          STemWin524b_CM4_Keil.lib(f20_1.o)
    0x0800d728   0x00000028   Data   RO         5508    .constdata          STemWin524b_CM4_Keil.lib(f20_1.o)
    0x0800d750   0x00000028   Data   RO         5509    .constdata          STemWin524b_CM4_Keil.lib(f20_1.o)
    0x0800d778   0x00000028   Data   RO         5510    .constdata          STemWin524b_CM4_Keil.lib(f20_1.o)
    0x0800d7a0   0x00000028   Data   RO         5511    .constdata          STemWin524b_CM4_Keil.lib(f20_1.o)
    0x0800d7c8   0x0000003c   Data   RO         5512    .constdata          STemWin524b_CM4_Keil.lib(f20_1.o)
    0x0800d804   0x00000028   Data   RO         5513    .constdata          STemWin524b_CM4_Keil.lib(f20_1.o)
    0x0800d82c   0x00000028   Data   RO         5514    .constdata          STemWin524b_CM4_Keil.lib(f20_1.o)
    0x0800d854   0x00000028   Data   RO         5515    .constdata          STemWin524b_CM4_Keil.lib(f20_1.o)
    0x0800d87c   0x00000028   Data   RO         5516    .constdata          STemWin524b_CM4_Keil.lib(f20_1.o)
    0x0800d8a4   0x00000028   Data   RO         5517    .constdata          STemWin524b_CM4_Keil.lib(f20_1.o)
    0x0800d8cc   0x00000014   Data   RO         5518    .constdata          STemWin524b_CM4_Keil.lib(f20_1.o)
    0x0800d8e0   0x00000014   Data   RO         5519    .constdata          STemWin524b_CM4_Keil.lib(f20_1.o)
    0x0800d8f4   0x00000014   Data   RO         5520    .constdata          STemWin524b_CM4_Keil.lib(f20_1.o)
    0x0800d908   0x00000014   Data   RO         5521    .constdata          STemWin524b_CM4_Keil.lib(f20_1.o)
    0x0800d91c   0x00000028   Data   RO         5522    .constdata          STemWin524b_CM4_Keil.lib(f20_1.o)
    0x0800d944   0x00000028   Data   RO         5523    .constdata          STemWin524b_CM4_Keil.lib(f20_1.o)
    0x0800d96c   0x00000028   Data   RO         5524    .constdata          STemWin524b_CM4_Keil.lib(f20_1.o)
    0x0800d994   0x00000028   Data   RO         5525    .constdata          STemWin524b_CM4_Keil.lib(f20_1.o)
    0x0800d9bc   0x00000028   Data   RO         5526    .constdata          STemWin524b_CM4_Keil.lib(f20_1.o)
    0x0800d9e4   0x00000028   Data   RO         5527    .constdata          STemWin524b_CM4_Keil.lib(f20_1.o)
    0x0800da0c   0x00000028   Data   RO         5528    .constdata          STemWin524b_CM4_Keil.lib(f20_1.o)
    0x0800da34   0x00000028   Data   RO         5529    .constdata          STemWin524b_CM4_Keil.lib(f20_1.o)
    0x0800da5c   0x00000028   Data   RO         5530    .constdata          STemWin524b_CM4_Keil.lib(f20_1.o)
    0x0800da84   0x00000028   Data   RO         5531    .constdata          STemWin524b_CM4_Keil.lib(f20_1.o)
    0x0800daac   0x00000028   Data   RO         5532    .constdata          STemWin524b_CM4_Keil.lib(f20_1.o)
    0x0800dad4   0x00000028   Data   RO         5533    .constdata          STemWin524b_CM4_Keil.lib(f20_1.o)
    0x0800dafc   0x00000028   Data   RO         5534    .constdata          STemWin524b_CM4_Keil.lib(f20_1.o)
    0x0800db24   0x00000028   Data   RO         5535    .constdata          STemWin524b_CM4_Keil.lib(f20_1.o)
    0x0800db4c   0x00000028   Data   RO         5536    .constdata          STemWin524b_CM4_Keil.lib(f20_1.o)
    0x0800db74   0x00000028   Data   RO         5537    .constdata          STemWin524b_CM4_Keil.lib(f20_1.o)
    0x0800db9c   0x00000028   Data   RO         5538    .constdata          STemWin524b_CM4_Keil.lib(f20_1.o)
    0x0800dbc4   0x00000028   Data   RO         5539    .constdata          STemWin524b_CM4_Keil.lib(f20_1.o)
    0x0800dbec   0x00000028   Data   RO         5540    .constdata          STemWin524b_CM4_Keil.lib(f20_1.o)
    0x0800dc14   0x00000028   Data   RO         5541    .constdata          STemWin524b_CM4_Keil.lib(f20_1.o)
    0x0800dc3c   0x00000028   Data   RO         5542    .constdata          STemWin524b_CM4_Keil.lib(f20_1.o)
    0x0800dc64   0x00000028   Data   RO         5543    .constdata          STemWin524b_CM4_Keil.lib(f20_1.o)
    0x0800dc8c   0x00000028   Data   RO         5544    .constdata          STemWin524b_CM4_Keil.lib(f20_1.o)
    0x0800dcb4   0x00000028   Data   RO         5545    .constdata          STemWin524b_CM4_Keil.lib(f20_1.o)
    0x0800dcdc   0x00000028   Data   RO         5546    .constdata          STemWin524b_CM4_Keil.lib(f20_1.o)
    0x0800dd04   0x00000028   Data   RO         5547    .constdata          STemWin524b_CM4_Keil.lib(f20_1.o)
    0x0800dd2c   0x00000028   Data   RO         5548    .constdata          STemWin524b_CM4_Keil.lib(f20_1.o)
    0x0800dd54   0x00000028   Data   RO         5549    .constdata          STemWin524b_CM4_Keil.lib(f20_1.o)
    0x0800dd7c   0x00000014   Data   RO         5550    .constdata          STemWin524b_CM4_Keil.lib(f20_1.o)
    0x0800dd90   0x00000014   Data   RO         5551    .constdata          STemWin524b_CM4_Keil.lib(f20_1.o)
    0x0800dda4   0x00000014   Data   RO         5552    .constdata          STemWin524b_CM4_Keil.lib(f20_1.o)
    0x0800ddb8   0x00000014   Data   RO         5553    .constdata          STemWin524b_CM4_Keil.lib(f20_1.o)
    0x0800ddcc   0x00000028   Data   RO         5554    .constdata          STemWin524b_CM4_Keil.lib(f20_1.o)
    0x0800ddf4   0x00000028   Data   RO         5555    .constdata          STemWin524b_CM4_Keil.lib(f20_1.o)
    0x0800de1c   0x00000028   Data   RO         5556    .constdata          STemWin524b_CM4_Keil.lib(f20_1.o)
    0x0800de44   0x00000028   Data   RO         5557    .constdata          STemWin524b_CM4_Keil.lib(f20_1.o)
    0x0800de6c   0x00000028   Data   RO         5558    .constdata          STemWin524b_CM4_Keil.lib(f20_1.o)
    0x0800de94   0x00000028   Data   RO         5559    .constdata          STemWin524b_CM4_Keil.lib(f20_1.o)
    0x0800debc   0x00000028   Data   RO         5560    .constdata          STemWin524b_CM4_Keil.lib(f20_1.o)
    0x0800dee4   0x00000028   Data   RO         5561    .constdata          STemWin524b_CM4_Keil.lib(f20_1.o)
    0x0800df0c   0x00000028   Data   RO         5562    .constdata          STemWin524b_CM4_Keil.lib(f20_1.o)
    0x0800df34   0x00000028   Data   RO         5563    .constdata          STemWin524b_CM4_Keil.lib(f20_1.o)
    0x0800df5c   0x00000028   Data   RO         5564    .constdata          STemWin524b_CM4_Keil.lib(f20_1.o)
    0x0800df84   0x00000028   Data   RO         5565    .constdata          STemWin524b_CM4_Keil.lib(f20_1.o)
    0x0800dfac   0x00000028   Data   RO         5566    .constdata          STemWin524b_CM4_Keil.lib(f20_1.o)
    0x0800dfd4   0x00000028   Data   RO         5567    .constdata          STemWin524b_CM4_Keil.lib(f20_1.o)
    0x0800dffc   0x00000028   Data   RO         5568    .constdata          STemWin524b_CM4_Keil.lib(f20_1.o)
    0x0800e024   0x00000028   Data   RO         5569    .constdata          STemWin524b_CM4_Keil.lib(f20_1.o)
    0x0800e04c   0x00000300   Data   RO         5570    .constdata          STemWin524b_CM4_Keil.lib(f20_1.o)
    0x0800e34c   0x0000000c   Data   RO         5571    .constdata          STemWin524b_CM4_Keil.lib(f20_1.o)
    0x0800e358   0x0000000c   Data   RO         5572    .constdata          STemWin524b_CM4_Keil.lib(f20_1.o)
    0x0800e364   0x00000024   Data   RO         5573    .constdata          STemWin524b_CM4_Keil.lib(f20_1.o)
    0x0800e388   0x00000018   Data   RO         5574    .constdata          STemWin524b_CM4_Keil.lib(f24_1.o)
    0x0800e3a0   0x00000018   Data   RO         5575    .constdata          STemWin524b_CM4_Keil.lib(f24_1.o)
    0x0800e3b8   0x00000030   Data   RO         5576    .constdata          STemWin524b_CM4_Keil.lib(f24_1.o)
    0x0800e3e8   0x00000030   Data   RO         5577    .constdata          STemWin524b_CM4_Keil.lib(f24_1.o)
    0x0800e418   0x00000030   Data   RO         5578    .constdata          STemWin524b_CM4_Keil.lib(f24_1.o)
    0x0800e448   0x00000030   Data   RO         5579    .constdata          STemWin524b_CM4_Keil.lib(f24_1.o)
    0x0800e478   0x00000018   Data   RO         5580    .constdata          STemWin524b_CM4_Keil.lib(f24_1.o)
    0x0800e490   0x00000030   Data   RO         5581    .constdata          STemWin524b_CM4_Keil.lib(f24_1.o)
    0x0800e4c0   0x00000018   Data   RO         5582    .constdata          STemWin524b_CM4_Keil.lib(f24_1.o)
    0x0800e4d8   0x00000030   Data   RO         5583    .constdata          STemWin524b_CM4_Keil.lib(f24_1.o)
    0x0800e508   0x00000018   Data   RO         5584    .constdata          STemWin524b_CM4_Keil.lib(f24_1.o)
    0x0800e520   0x00000030   Data   RO         5585    .constdata          STemWin524b_CM4_Keil.lib(f24_1.o)
    0x0800e550   0x00000030   Data   RO         5586    .constdata          STemWin524b_CM4_Keil.lib(f24_1.o)
    0x0800e580   0x00000018   Data   RO         5587    .constdata          STemWin524b_CM4_Keil.lib(f24_1.o)
    0x0800e598   0x00000030   Data   RO         5588    .constdata          STemWin524b_CM4_Keil.lib(f24_1.o)
    0x0800e5c8   0x00000030   Data   RO         5589    .constdata          STemWin524b_CM4_Keil.lib(f24_1.o)
    0x0800e5f8   0x00000018   Data   RO         5590    .constdata          STemWin524b_CM4_Keil.lib(f24_1.o)
    0x0800e610   0x00000030   Data   RO         5591    .constdata          STemWin524b_CM4_Keil.lib(f24_1.o)
    0x0800e640   0x00000018   Data   RO         5592    .constdata          STemWin524b_CM4_Keil.lib(f24_1.o)
    0x0800e658   0x00000018   Data   RO         5593    .constdata          STemWin524b_CM4_Keil.lib(f24_1.o)
    0x0800e670   0x00000018   Data   RO         5594    .constdata          STemWin524b_CM4_Keil.lib(f24_1.o)
    0x0800e688   0x00000030   Data   RO         5595    .constdata          STemWin524b_CM4_Keil.lib(f24_1.o)
    0x0800e6b8   0x00000030   Data   RO         5596    .constdata          STemWin524b_CM4_Keil.lib(f24_1.o)
    0x0800e6e8   0x00000018   Data   RO         5597    .constdata          STemWin524b_CM4_Keil.lib(f24_1.o)
    0x0800e700   0x00000018   Data   RO         5598    .constdata          STemWin524b_CM4_Keil.lib(f24_1.o)
    0x0800e718   0x00000018   Data   RO         5599    .constdata          STemWin524b_CM4_Keil.lib(f24_1.o)
    0x0800e730   0x00000018   Data   RO         5600    .constdata          STemWin524b_CM4_Keil.lib(f24_1.o)
    0x0800e748   0x00000030   Data   RO         5601    .constdata          STemWin524b_CM4_Keil.lib(f24_1.o)
    0x0800e778   0x00000048   Data   RO         5602    .constdata          STemWin524b_CM4_Keil.lib(f24_1.o)
    0x0800e7c0   0x00000048   Data   RO         5603    .constdata          STemWin524b_CM4_Keil.lib(f24_1.o)
    0x0800e808   0x00000048   Data   RO         5604    .constdata          STemWin524b_CM4_Keil.lib(f24_1.o)
    0x0800e850   0x00000030   Data   RO         5605    .constdata          STemWin524b_CM4_Keil.lib(f24_1.o)
    0x0800e880   0x00000030   Data   RO         5606    .constdata          STemWin524b_CM4_Keil.lib(f24_1.o)
    0x0800e8b0   0x00000030   Data   RO         5607    .constdata          STemWin524b_CM4_Keil.lib(f24_1.o)
    0x0800e8e0   0x00000030   Data   RO         5608    .constdata          STemWin524b_CM4_Keil.lib(f24_1.o)
    0x0800e910   0x00000030   Data   RO         5609    .constdata          STemWin524b_CM4_Keil.lib(f24_1.o)
    0x0800e940   0x00000030   Data   RO         5610    .constdata          STemWin524b_CM4_Keil.lib(f24_1.o)
    0x0800e970   0x00000030   Data   RO         5611    .constdata          STemWin524b_CM4_Keil.lib(f24_1.o)
    0x0800e9a0   0x00000048   Data   RO         5612    .constdata          STemWin524b_CM4_Keil.lib(f24_1.o)
    0x0800e9e8   0x00000030   Data   RO         5613    .constdata          STemWin524b_CM4_Keil.lib(f24_1.o)
    0x0800ea18   0x00000030   Data   RO         5614    .constdata          STemWin524b_CM4_Keil.lib(f24_1.o)
    0x0800ea48   0x00000030   Data   RO         5615    .constdata          STemWin524b_CM4_Keil.lib(f24_1.o)
    0x0800ea78   0x00000030   Data   RO         5616    .constdata          STemWin524b_CM4_Keil.lib(f24_1.o)
    0x0800eaa8   0x00000030   Data   RO         5617    .constdata          STemWin524b_CM4_Keil.lib(f24_1.o)
    0x0800ead8   0x00000018   Data   RO         5618    .constdata          STemWin524b_CM4_Keil.lib(f24_1.o)
    0x0800eaf0   0x00000018   Data   RO         5619    .constdata          STemWin524b_CM4_Keil.lib(f24_1.o)
    0x0800eb08   0x00000018   Data   RO         5620    .constdata          STemWin524b_CM4_Keil.lib(f24_1.o)
    0x0800eb20   0x00000018   Data   RO         5621    .constdata          STemWin524b_CM4_Keil.lib(f24_1.o)
    0x0800eb38   0x00000030   Data   RO         5622    .constdata          STemWin524b_CM4_Keil.lib(f24_1.o)
    0x0800eb68   0x00000030   Data   RO         5623    .constdata          STemWin524b_CM4_Keil.lib(f24_1.o)
    0x0800eb98   0x00000030   Data   RO         5624    .constdata          STemWin524b_CM4_Keil.lib(f24_1.o)
    0x0800ebc8   0x00000030   Data   RO         5625    .constdata          STemWin524b_CM4_Keil.lib(f24_1.o)
    0x0800ebf8   0x00000030   Data   RO         5626    .constdata          STemWin524b_CM4_Keil.lib(f24_1.o)
    0x0800ec28   0x00000030   Data   RO         5627    .constdata          STemWin524b_CM4_Keil.lib(f24_1.o)
    0x0800ec58   0x00000030   Data   RO         5628    .constdata          STemWin524b_CM4_Keil.lib(f24_1.o)
    0x0800ec88   0x00000030   Data   RO         5629    .constdata          STemWin524b_CM4_Keil.lib(f24_1.o)
    0x0800ecb8   0x00000030   Data   RO         5630    .constdata          STemWin524b_CM4_Keil.lib(f24_1.o)
    0x0800ece8   0x00000030   Data   RO         5631    .constdata          STemWin524b_CM4_Keil.lib(f24_1.o)
    0x0800ed18   0x00000030   Data   RO         5632    .constdata          STemWin524b_CM4_Keil.lib(f24_1.o)
    0x0800ed48   0x00000030   Data   RO         5633    .constdata          STemWin524b_CM4_Keil.lib(f24_1.o)
    0x0800ed78   0x00000030   Data   RO         5634    .constdata          STemWin524b_CM4_Keil.lib(f24_1.o)
    0x0800eda8   0x00000030   Data   RO         5635    .constdata          STemWin524b_CM4_Keil.lib(f24_1.o)
    0x0800edd8   0x00000030   Data   RO         5636    .constdata          STemWin524b_CM4_Keil.lib(f24_1.o)
    0x0800ee08   0x00000030   Data   RO         5637    .constdata          STemWin524b_CM4_Keil.lib(f24_1.o)
    0x0800ee38   0x00000030   Data   RO         5638    .constdata          STemWin524b_CM4_Keil.lib(f24_1.o)
    0x0800ee68   0x00000030   Data   RO         5639    .constdata          STemWin524b_CM4_Keil.lib(f24_1.o)
    0x0800ee98   0x00000030   Data   RO         5640    .constdata          STemWin524b_CM4_Keil.lib(f24_1.o)
    0x0800eec8   0x00000030   Data   RO         5641    .constdata          STemWin524b_CM4_Keil.lib(f24_1.o)
    0x0800eef8   0x00000030   Data   RO         5642    .constdata          STemWin524b_CM4_Keil.lib(f24_1.o)
    0x0800ef28   0x00000030   Data   RO         5643    .constdata          STemWin524b_CM4_Keil.lib(f24_1.o)
    0x0800ef58   0x00000048   Data   RO         5644    .constdata          STemWin524b_CM4_Keil.lib(f24_1.o)
    0x0800efa0   0x00000030   Data   RO         5645    .constdata          STemWin524b_CM4_Keil.lib(f24_1.o)
    0x0800efd0   0x00000030   Data   RO         5646    .constdata          STemWin524b_CM4_Keil.lib(f24_1.o)
    0x0800f000   0x00000030   Data   RO         5647    .constdata          STemWin524b_CM4_Keil.lib(f24_1.o)
    0x0800f030   0x00000030   Data   RO         5648    .constdata          STemWin524b_CM4_Keil.lib(f24_1.o)
    0x0800f060   0x00000030   Data   RO         5649    .constdata          STemWin524b_CM4_Keil.lib(f24_1.o)
    0x0800f090   0x00000018   Data   RO         5650    .constdata          STemWin524b_CM4_Keil.lib(f24_1.o)
    0x0800f0a8   0x00000018   Data   RO         5651    .constdata          STemWin524b_CM4_Keil.lib(f24_1.o)
    0x0800f0c0   0x00000018   Data   RO         5652    .constdata          STemWin524b_CM4_Keil.lib(f24_1.o)
    0x0800f0d8   0x00000018   Data   RO         5653    .constdata          STemWin524b_CM4_Keil.lib(f24_1.o)
    0x0800f0f0   0x00000030   Data   RO         5654    .constdata          STemWin524b_CM4_Keil.lib(f24_1.o)
    0x0800f120   0x00000030   Data   RO         5655    .constdata          STemWin524b_CM4_Keil.lib(f24_1.o)
    0x0800f150   0x00000030   Data   RO         5656    .constdata          STemWin524b_CM4_Keil.lib(f24_1.o)
    0x0800f180   0x00000030   Data   RO         5657    .constdata          STemWin524b_CM4_Keil.lib(f24_1.o)
    0x0800f1b0   0x00000030   Data   RO         5658    .constdata          STemWin524b_CM4_Keil.lib(f24_1.o)
    0x0800f1e0   0x00000030   Data   RO         5659    .constdata          STemWin524b_CM4_Keil.lib(f24_1.o)
    0x0800f210   0x00000030   Data   RO         5660    .constdata          STemWin524b_CM4_Keil.lib(f24_1.o)
    0x0800f240   0x00000030   Data   RO         5661    .constdata          STemWin524b_CM4_Keil.lib(f24_1.o)
    0x0800f270   0x00000030   Data   RO         5662    .constdata          STemWin524b_CM4_Keil.lib(f24_1.o)
    0x0800f2a0   0x00000030   Data   RO         5663    .constdata          STemWin524b_CM4_Keil.lib(f24_1.o)
    0x0800f2d0   0x00000030   Data   RO         5664    .constdata          STemWin524b_CM4_Keil.lib(f24_1.o)
    0x0800f300   0x00000030   Data   RO         5665    .constdata          STemWin524b_CM4_Keil.lib(f24_1.o)
    0x0800f330   0x00000030   Data   RO         5666    .constdata          STemWin524b_CM4_Keil.lib(f24_1.o)
    0x0800f360   0x00000030   Data   RO         5667    .constdata          STemWin524b_CM4_Keil.lib(f24_1.o)
    0x0800f390   0x00000030   Data   RO         5668    .constdata          STemWin524b_CM4_Keil.lib(f24_1.o)
    0x0800f3c0   0x00000030   Data   RO         5669    .constdata          STemWin524b_CM4_Keil.lib(f24_1.o)
    0x0800f3f0   0x00000300   Data   RO         5670    .constdata          STemWin524b_CM4_Keil.lib(f24_1.o)
    0x0800f6f0   0x0000000c   Data   RO         5671    .constdata          STemWin524b_CM4_Keil.lib(f24_1.o)
    0x0800f6fc   0x0000000c   Data   RO         5672    .constdata          STemWin524b_CM4_Keil.lib(f24_1.o)
    0x0800f708   0x00000024   Data   RO         5673    .constdata          STemWin524b_CM4_Keil.lib(f24_1.o)
    0x0800f72c   0x00000018   Data   RO         5677    .constdata          STemWin524b_CM4_Keil.lib(guicc_16.o)
    0x0800f744   0x00000010   Data   RO         5681    .constdata          STemWin524b_CM4_Keil.lib(gui__divtbl_15_255.o)
    0x0800f754   0x00000020   Data   RO         5682    .constdata          STemWin524b_CM4_Keil.lib(gui__divtbl_31_255.o)
    0x0800f774   0x00000040   Data   RO         5683    .constdata          STemWin524b_CM4_Keil.lib(gui__divtbl_63_255.o)
    0x0800f7b4   0x00000100   Data   RO         5684    .constdata          STemWin524b_CM4_Keil.lib(gui__divtbl_255_15.o)
    0x0800f8b4   0x00000100   Data   RO         5685    .constdata          STemWin524b_CM4_Keil.lib(gui__divtbl_255_31.o)
    0x0800f9b4   0x00000100   Data   RO         5686    .constdata          STemWin524b_CM4_Keil.lib(gui__divtbl_255_63.o)
    0x0800fab4   0x00000010   Data   RO         5732    .constdata          STemWin524b_CM4_Keil.lib(gui_uc_encodenone.o)
    0x0800fac4   0x00000018   Data   RO         5743    .constdata          STemWin524b_CM4_Keil.lib(guicc_0.o)
    0x0800fadc   0x00000100   Data   RO         5757    .constdata          STemWin524b_CM4_Keil.lib(lcd_mirror.o)
    0x0800fbdc   0x00000014   Data   RO         5768    .constdata          STemWin524b_CM4_Keil.lib(f20_ascii.o)
    0x0800fbf0   0x00000014   Data   RO         5769    .constdata          STemWin524b_CM4_Keil.lib(f20_ascii.o)
    0x0800fc04   0x00000014   Data   RO         5770    .constdata          STemWin524b_CM4_Keil.lib(f20_ascii.o)
    0x0800fc18   0x00000028   Data   RO         5771    .constdata          STemWin524b_CM4_Keil.lib(f20_ascii.o)
    0x0800fc40   0x00000028   Data   RO         5772    .constdata          STemWin524b_CM4_Keil.lib(f20_ascii.o)
    0x0800fc68   0x00000028   Data   RO         5773    .constdata          STemWin524b_CM4_Keil.lib(f20_ascii.o)
    0x0800fc90   0x00000028   Data   RO         5774    .constdata          STemWin524b_CM4_Keil.lib(f20_ascii.o)
    0x0800fcb8   0x00000014   Data   RO         5775    .constdata          STemWin524b_CM4_Keil.lib(f20_ascii.o)
    0x0800fccc   0x00000014   Data   RO         5776    .constdata          STemWin524b_CM4_Keil.lib(f20_ascii.o)
    0x0800fce0   0x00000014   Data   RO         5777    .constdata          STemWin524b_CM4_Keil.lib(f20_ascii.o)
    0x0800fcf4   0x00000014   Data   RO         5778    .constdata          STemWin524b_CM4_Keil.lib(f20_ascii.o)
    0x0800fd08   0x00000028   Data   RO         5779    .constdata          STemWin524b_CM4_Keil.lib(f20_ascii.o)
    0x0800fd30   0x00000014   Data   RO         5780    .constdata          STemWin524b_CM4_Keil.lib(f20_ascii.o)
    0x0800fd44   0x00000014   Data   RO         5781    .constdata          STemWin524b_CM4_Keil.lib(f20_ascii.o)
    0x0800fd58   0x00000014   Data   RO         5782    .constdata          STemWin524b_CM4_Keil.lib(f20_ascii.o)
    0x0800fd6c   0x00000014   Data   RO         5783    .constdata          STemWin524b_CM4_Keil.lib(f20_ascii.o)
    0x0800fd80   0x00000028   Data   RO         5784    .constdata          STemWin524b_CM4_Keil.lib(f20_ascii.o)
    0x0800fda8   0x00000028   Data   RO         5785    .constdata          STemWin524b_CM4_Keil.lib(f20_ascii.o)
    0x0800fdd0   0x00000028   Data   RO         5786    .constdata          STemWin524b_CM4_Keil.lib(f20_ascii.o)
    0x0800fdf8   0x00000028   Data   RO         5787    .constdata          STemWin524b_CM4_Keil.lib(f20_ascii.o)
    0x0800fe20   0x00000028   Data   RO         5788    .constdata          STemWin524b_CM4_Keil.lib(f20_ascii.o)
    0x0800fe48   0x00000028   Data   RO         5789    .constdata          STemWin524b_CM4_Keil.lib(f20_ascii.o)
    0x0800fe70   0x00000028   Data   RO         5790    .constdata          STemWin524b_CM4_Keil.lib(f20_ascii.o)
    0x0800fe98   0x00000028   Data   RO         5791    .constdata          STemWin524b_CM4_Keil.lib(f20_ascii.o)
    0x0800fec0   0x00000028   Data   RO         5792    .constdata          STemWin524b_CM4_Keil.lib(f20_ascii.o)
    0x0800fee8   0x00000028   Data   RO         5793    .constdata          STemWin524b_CM4_Keil.lib(f20_ascii.o)
    0x0800ff10   0x00000014   Data   RO         5794    .constdata          STemWin524b_CM4_Keil.lib(f20_ascii.o)
    0x0800ff24   0x00000014   Data   RO         5795    .constdata          STemWin524b_CM4_Keil.lib(f20_ascii.o)
    0x0800ff38   0x00000028   Data   RO         5796    .constdata          STemWin524b_CM4_Keil.lib(f20_ascii.o)
    0x0800ff60   0x00000028   Data   RO         5797    .constdata          STemWin524b_CM4_Keil.lib(f20_ascii.o)
    0x0800ff88   0x00000028   Data   RO         5798    .constdata          STemWin524b_CM4_Keil.lib(f20_ascii.o)
    0x0800ffb0   0x00000028   Data   RO         5799    .constdata          STemWin524b_CM4_Keil.lib(f20_ascii.o)
    0x0800ffd8   0x0000003c   Data   RO         5800    .constdata          STemWin524b_CM4_Keil.lib(f20_ascii.o)
    0x08010014   0x00000028   Data   RO         5801    .constdata          STemWin524b_CM4_Keil.lib(f20_ascii.o)
    0x0801003c   0x00000028   Data   RO         5802    .constdata          STemWin524b_CM4_Keil.lib(f20_ascii.o)
    0x08010064   0x00000028   Data   RO         5803    .constdata          STemWin524b_CM4_Keil.lib(f20_ascii.o)
    0x0801008c   0x00000028   Data   RO         5804    .constdata          STemWin524b_CM4_Keil.lib(f20_ascii.o)
    0x080100b4   0x00000028   Data   RO         5805    .constdata          STemWin524b_CM4_Keil.lib(f20_ascii.o)
    0x080100dc   0x00000028   Data   RO         5806    .constdata          STemWin524b_CM4_Keil.lib(f20_ascii.o)
    0x08010104   0x00000028   Data   RO         5807    .constdata          STemWin524b_CM4_Keil.lib(f20_ascii.o)
    0x0801012c   0x00000028   Data   RO         5808    .constdata          STemWin524b_CM4_Keil.lib(f20_ascii.o)
    0x08010154   0x00000014   Data   RO         5809    .constdata          STemWin524b_CM4_Keil.lib(f20_ascii.o)
    0x08010168   0x00000028   Data   RO         5810    .constdata          STemWin524b_CM4_Keil.lib(f20_ascii.o)
    0x08010190   0x00000028   Data   RO         5811    .constdata          STemWin524b_CM4_Keil.lib(f20_ascii.o)
    0x080101b8   0x00000028   Data   RO         5812    .constdata          STemWin524b_CM4_Keil.lib(f20_ascii.o)
    0x080101e0   0x00000028   Data   RO         5813    .constdata          STemWin524b_CM4_Keil.lib(f20_ascii.o)
    0x08010208   0x00000028   Data   RO         5814    .constdata          STemWin524b_CM4_Keil.lib(f20_ascii.o)
    0x08010230   0x00000028   Data   RO         5815    .constdata          STemWin524b_CM4_Keil.lib(f20_ascii.o)
    0x08010258   0x00000028   Data   RO         5816    .constdata          STemWin524b_CM4_Keil.lib(f20_ascii.o)
    0x08010280   0x00000028   Data   RO         5817    .constdata          STemWin524b_CM4_Keil.lib(f20_ascii.o)
    0x080102a8   0x00000028   Data   RO         5818    .constdata          STemWin524b_CM4_Keil.lib(f20_ascii.o)
    0x080102d0   0x00000028   Data   RO         5819    .constdata          STemWin524b_CM4_Keil.lib(f20_ascii.o)
    0x080102f8   0x00000028   Data   RO         5820    .constdata          STemWin524b_CM4_Keil.lib(f20_ascii.o)
    0x08010320   0x00000028   Data   RO         5821    .constdata          STemWin524b_CM4_Keil.lib(f20_ascii.o)
    0x08010348   0x00000028   Data   RO         5822    .constdata          STemWin524b_CM4_Keil.lib(f20_ascii.o)
    0x08010370   0x0000003c   Data   RO         5823    .constdata          STemWin524b_CM4_Keil.lib(f20_ascii.o)
    0x080103ac   0x00000028   Data   RO         5824    .constdata          STemWin524b_CM4_Keil.lib(f20_ascii.o)
    0x080103d4   0x00000028   Data   RO         5825    .constdata          STemWin524b_CM4_Keil.lib(f20_ascii.o)
    0x080103fc   0x00000028   Data   RO         5826    .constdata          STemWin524b_CM4_Keil.lib(f20_ascii.o)
    0x08010424   0x00000014   Data   RO         5827    .constdata          STemWin524b_CM4_Keil.lib(f20_ascii.o)
    0x08010438   0x00000014   Data   RO         5828    .constdata          STemWin524b_CM4_Keil.lib(f20_ascii.o)
    0x0801044c   0x00000014   Data   RO         5829    .constdata          STemWin524b_CM4_Keil.lib(f20_ascii.o)
    0x08010460   0x00000014   Data   RO         5830    .constdata          STemWin524b_CM4_Keil.lib(f20_ascii.o)
    0x08010474   0x00000028   Data   RO         5831    .constdata          STemWin524b_CM4_Keil.lib(f20_ascii.o)
    0x0801049c   0x00000014   Data   RO         5832    .constdata          STemWin524b_CM4_Keil.lib(f20_ascii.o)
    0x080104b0   0x00000028   Data   RO         5833    .constdata          STemWin524b_CM4_Keil.lib(f20_ascii.o)
    0x080104d8   0x00000028   Data   RO         5834    .constdata          STemWin524b_CM4_Keil.lib(f20_ascii.o)
    0x08010500   0x00000028   Data   RO         5835    .constdata          STemWin524b_CM4_Keil.lib(f20_ascii.o)
    0x08010528   0x00000028   Data   RO         5836    .constdata          STemWin524b_CM4_Keil.lib(f20_ascii.o)
    0x08010550   0x00000028   Data   RO         5837    .constdata          STemWin524b_CM4_Keil.lib(f20_ascii.o)
    0x08010578   0x00000014   Data   RO         5838    .constdata          STemWin524b_CM4_Keil.lib(f20_ascii.o)
    0x0801058c   0x00000028   Data   RO         5839    .constdata          STemWin524b_CM4_Keil.lib(f20_ascii.o)
    0x080105b4   0x00000028   Data   RO         5840    .constdata          STemWin524b_CM4_Keil.lib(f20_ascii.o)
    0x080105dc   0x00000014   Data   RO         5841    .constdata          STemWin524b_CM4_Keil.lib(f20_ascii.o)
    0x080105f0   0x00000014   Data   RO         5842    .constdata          STemWin524b_CM4_Keil.lib(f20_ascii.o)
    0x08010604   0x00000028   Data   RO         5843    .constdata          STemWin524b_CM4_Keil.lib(f20_ascii.o)
    0x0801062c   0x00000014   Data   RO         5844    .constdata          STemWin524b_CM4_Keil.lib(f20_ascii.o)
    0x08010640   0x00000028   Data   RO         5845    .constdata          STemWin524b_CM4_Keil.lib(f20_ascii.o)
    0x08010668   0x00000028   Data   RO         5846    .constdata          STemWin524b_CM4_Keil.lib(f20_ascii.o)
    0x08010690   0x00000028   Data   RO         5847    .constdata          STemWin524b_CM4_Keil.lib(f20_ascii.o)
    0x080106b8   0x00000028   Data   RO         5848    .constdata          STemWin524b_CM4_Keil.lib(f20_ascii.o)
    0x080106e0   0x00000028   Data   RO         5849    .constdata          STemWin524b_CM4_Keil.lib(f20_ascii.o)
    0x08010708   0x00000014   Data   RO         5850    .constdata          STemWin524b_CM4_Keil.lib(f20_ascii.o)
    0x0801071c   0x00000028   Data   RO         5851    .constdata          STemWin524b_CM4_Keil.lib(f20_ascii.o)
    0x08010744   0x00000014   Data   RO         5852    .constdata          STemWin524b_CM4_Keil.lib(f20_ascii.o)
    0x08010758   0x00000028   Data   RO         5853    .constdata          STemWin524b_CM4_Keil.lib(f20_ascii.o)
    0x08010780   0x00000028   Data   RO         5854    .constdata          STemWin524b_CM4_Keil.lib(f20_ascii.o)
    0x080107a8   0x00000028   Data   RO         5855    .constdata          STemWin524b_CM4_Keil.lib(f20_ascii.o)
    0x080107d0   0x00000014   Data   RO         5856    .constdata          STemWin524b_CM4_Keil.lib(f20_ascii.o)
    0x080107e4   0x00000028   Data   RO         5857    .constdata          STemWin524b_CM4_Keil.lib(f20_ascii.o)
    0x0801080c   0x00000014   Data   RO         5858    .constdata          STemWin524b_CM4_Keil.lib(f20_ascii.o)
    0x08010820   0x00000014   Data   RO         5859    .constdata          STemWin524b_CM4_Keil.lib(f20_ascii.o)
    0x08010834   0x00000014   Data   RO         5860    .constdata          STemWin524b_CM4_Keil.lib(f20_ascii.o)
    0x08010848   0x00000014   Data   RO         5861    .constdata          STemWin524b_CM4_Keil.lib(f20_ascii.o)
    0x0801085c   0x00000028   Data   RO         5862    .constdata          STemWin524b_CM4_Keil.lib(f20_ascii.o)
    0x08010884   0x000002f8   Data   RO         5863    .constdata          STemWin524b_CM4_Keil.lib(f20_ascii.o)
    0x08010b7c   0x00000018   Data   RO         5866    .constdata          STemWin524b_CM4_Keil.lib(f24_ascii.o)
    0x08010b94   0x00000018   Data   RO         5867    .constdata          STemWin524b_CM4_Keil.lib(f24_ascii.o)
    0x08010bac   0x00000018   Data   RO         5868    .constdata          STemWin524b_CM4_Keil.lib(f24_ascii.o)
    0x08010bc4   0x00000030   Data   RO         5869    .constdata          STemWin524b_CM4_Keil.lib(f24_ascii.o)
    0x08010bf4   0x00000030   Data   RO         5870    .constdata          STemWin524b_CM4_Keil.lib(f24_ascii.o)
    0x08010c24   0x00000048   Data   RO         5871    .constdata          STemWin524b_CM4_Keil.lib(f24_ascii.o)
    0x08010c6c   0x00000030   Data   RO         5872    .constdata          STemWin524b_CM4_Keil.lib(f24_ascii.o)
    0x08010c9c   0x00000018   Data   RO         5873    .constdata          STemWin524b_CM4_Keil.lib(f24_ascii.o)
    0x08010cb4   0x00000018   Data   RO         5874    .constdata          STemWin524b_CM4_Keil.lib(f24_ascii.o)
    0x08010ccc   0x00000018   Data   RO         5875    .constdata          STemWin524b_CM4_Keil.lib(f24_ascii.o)
    0x08010ce4   0x00000018   Data   RO         5876    .constdata          STemWin524b_CM4_Keil.lib(f24_ascii.o)
    0x08010cfc   0x00000030   Data   RO         5877    .constdata          STemWin524b_CM4_Keil.lib(f24_ascii.o)
    0x08010d2c   0x00000018   Data   RO         5878    .constdata          STemWin524b_CM4_Keil.lib(f24_ascii.o)
    0x08010d44   0x00000018   Data   RO         5879    .constdata          STemWin524b_CM4_Keil.lib(f24_ascii.o)
    0x08010d5c   0x00000018   Data   RO         5880    .constdata          STemWin524b_CM4_Keil.lib(f24_ascii.o)
    0x08010d74   0x00000018   Data   RO         5881    .constdata          STemWin524b_CM4_Keil.lib(f24_ascii.o)
    0x08010d8c   0x00000030   Data   RO         5882    .constdata          STemWin524b_CM4_Keil.lib(f24_ascii.o)
    0x08010dbc   0x00000030   Data   RO         5883    .constdata          STemWin524b_CM4_Keil.lib(f24_ascii.o)
    0x08010dec   0x00000030   Data   RO         5884    .constdata          STemWin524b_CM4_Keil.lib(f24_ascii.o)
    0x08010e1c   0x00000030   Data   RO         5885    .constdata          STemWin524b_CM4_Keil.lib(f24_ascii.o)
    0x08010e4c   0x00000030   Data   RO         5886    .constdata          STemWin524b_CM4_Keil.lib(f24_ascii.o)
    0x08010e7c   0x00000030   Data   RO         5887    .constdata          STemWin524b_CM4_Keil.lib(f24_ascii.o)
    0x08010eac   0x00000030   Data   RO         5888    .constdata          STemWin524b_CM4_Keil.lib(f24_ascii.o)
    0x08010edc   0x00000030   Data   RO         5889    .constdata          STemWin524b_CM4_Keil.lib(f24_ascii.o)
    0x08010f0c   0x00000030   Data   RO         5890    .constdata          STemWin524b_CM4_Keil.lib(f24_ascii.o)
    0x08010f3c   0x00000030   Data   RO         5891    .constdata          STemWin524b_CM4_Keil.lib(f24_ascii.o)
    0x08010f6c   0x00000018   Data   RO         5892    .constdata          STemWin524b_CM4_Keil.lib(f24_ascii.o)
    0x08010f84   0x00000018   Data   RO         5893    .constdata          STemWin524b_CM4_Keil.lib(f24_ascii.o)
    0x08010f9c   0x00000030   Data   RO         5894    .constdata          STemWin524b_CM4_Keil.lib(f24_ascii.o)
    0x08010fcc   0x00000030   Data   RO         5895    .constdata          STemWin524b_CM4_Keil.lib(f24_ascii.o)
    0x08010ffc   0x00000030   Data   RO         5896    .constdata          STemWin524b_CM4_Keil.lib(f24_ascii.o)
    0x0801102c   0x00000030   Data   RO         5897    .constdata          STemWin524b_CM4_Keil.lib(f24_ascii.o)
    0x0801105c   0x00000048   Data   RO         5898    .constdata          STemWin524b_CM4_Keil.lib(f24_ascii.o)
    0x080110a4   0x00000030   Data   RO         5899    .constdata          STemWin524b_CM4_Keil.lib(f24_ascii.o)
    0x080110d4   0x00000030   Data   RO         5900    .constdata          STemWin524b_CM4_Keil.lib(f24_ascii.o)
    0x08011104   0x00000030   Data   RO         5901    .constdata          STemWin524b_CM4_Keil.lib(f24_ascii.o)
    0x08011134   0x00000030   Data   RO         5902    .constdata          STemWin524b_CM4_Keil.lib(f24_ascii.o)
    0x08011164   0x00000030   Data   RO         5903    .constdata          STemWin524b_CM4_Keil.lib(f24_ascii.o)
    0x08011194   0x00000030   Data   RO         5904    .constdata          STemWin524b_CM4_Keil.lib(f24_ascii.o)
    0x080111c4   0x00000030   Data   RO         5905    .constdata          STemWin524b_CM4_Keil.lib(f24_ascii.o)
    0x080111f4   0x00000030   Data   RO         5906    .constdata          STemWin524b_CM4_Keil.lib(f24_ascii.o)
    0x08011224   0x00000018   Data   RO         5907    .constdata          STemWin524b_CM4_Keil.lib(f24_ascii.o)
    0x0801123c   0x00000030   Data   RO         5908    .constdata          STemWin524b_CM4_Keil.lib(f24_ascii.o)
    0x0801126c   0x00000030   Data   RO         5909    .constdata          STemWin524b_CM4_Keil.lib(f24_ascii.o)
    0x0801129c   0x00000030   Data   RO         5910    .constdata          STemWin524b_CM4_Keil.lib(f24_ascii.o)
    0x080112cc   0x00000048   Data   RO         5911    .constdata          STemWin524b_CM4_Keil.lib(f24_ascii.o)
    0x08011314   0x00000030   Data   RO         5912    .constdata          STemWin524b_CM4_Keil.lib(f24_ascii.o)
    0x08011344   0x00000030   Data   RO         5913    .constdata          STemWin524b_CM4_Keil.lib(f24_ascii.o)
    0x08011374   0x00000030   Data   RO         5914    .constdata          STemWin524b_CM4_Keil.lib(f24_ascii.o)
    0x080113a4   0x00000030   Data   RO         5915    .constdata          STemWin524b_CM4_Keil.lib(f24_ascii.o)
    0x080113d4   0x00000030   Data   RO         5916    .constdata          STemWin524b_CM4_Keil.lib(f24_ascii.o)
    0x08011404   0x00000030   Data   RO         5917    .constdata          STemWin524b_CM4_Keil.lib(f24_ascii.o)
    0x08011434   0x00000030   Data   RO         5918    .constdata          STemWin524b_CM4_Keil.lib(f24_ascii.o)
    0x08011464   0x00000030   Data   RO         5919    .constdata          STemWin524b_CM4_Keil.lib(f24_ascii.o)
    0x08011494   0x00000030   Data   RO         5920    .constdata          STemWin524b_CM4_Keil.lib(f24_ascii.o)
    0x080114c4   0x00000048   Data   RO         5921    .constdata          STemWin524b_CM4_Keil.lib(f24_ascii.o)
    0x0801150c   0x00000030   Data   RO         5922    .constdata          STemWin524b_CM4_Keil.lib(f24_ascii.o)
    0x0801153c   0x00000030   Data   RO         5923    .constdata          STemWin524b_CM4_Keil.lib(f24_ascii.o)
    0x0801156c   0x00000030   Data   RO         5924    .constdata          STemWin524b_CM4_Keil.lib(f24_ascii.o)
    0x0801159c   0x00000018   Data   RO         5925    .constdata          STemWin524b_CM4_Keil.lib(f24_ascii.o)
    0x080115b4   0x00000018   Data   RO         5926    .constdata          STemWin524b_CM4_Keil.lib(f24_ascii.o)
    0x080115cc   0x00000018   Data   RO         5927    .constdata          STemWin524b_CM4_Keil.lib(f24_ascii.o)
    0x080115e4   0x00000018   Data   RO         5928    .constdata          STemWin524b_CM4_Keil.lib(f24_ascii.o)
    0x080115fc   0x00000030   Data   RO         5929    .constdata          STemWin524b_CM4_Keil.lib(f24_ascii.o)
    0x0801162c   0x00000018   Data   RO         5930    .constdata          STemWin524b_CM4_Keil.lib(f24_ascii.o)
    0x08011644   0x00000030   Data   RO         5931    .constdata          STemWin524b_CM4_Keil.lib(f24_ascii.o)
    0x08011674   0x00000030   Data   RO         5932    .constdata          STemWin524b_CM4_Keil.lib(f24_ascii.o)
    0x080116a4   0x00000030   Data   RO         5933    .constdata          STemWin524b_CM4_Keil.lib(f24_ascii.o)
    0x080116d4   0x00000030   Data   RO         5934    .constdata          STemWin524b_CM4_Keil.lib(f24_ascii.o)
    0x08011704   0x00000030   Data   RO         5935    .constdata          STemWin524b_CM4_Keil.lib(f24_ascii.o)
    0x08011734   0x00000018   Data   RO         5936    .constdata          STemWin524b_CM4_Keil.lib(f24_ascii.o)
    0x0801174c   0x00000030   Data   RO         5937    .constdata          STemWin524b_CM4_Keil.lib(f24_ascii.o)
    0x0801177c   0x00000030   Data   RO         5938    .constdata          STemWin524b_CM4_Keil.lib(f24_ascii.o)
    0x080117ac   0x00000018   Data   RO         5939    .constdata          STemWin524b_CM4_Keil.lib(f24_ascii.o)
    0x080117c4   0x00000018   Data   RO         5940    .constdata          STemWin524b_CM4_Keil.lib(f24_ascii.o)
    0x080117dc   0x00000030   Data   RO         5941    .constdata          STemWin524b_CM4_Keil.lib(f24_ascii.o)
    0x0801180c   0x00000018   Data   RO         5942    .constdata          STemWin524b_CM4_Keil.lib(f24_ascii.o)
    0x08011824   0x00000030   Data   RO         5943    .constdata          STemWin524b_CM4_Keil.lib(f24_ascii.o)
    0x08011854   0x00000030   Data   RO         5944    .constdata          STemWin524b_CM4_Keil.lib(f24_ascii.o)
    0x08011884   0x00000030   Data   RO         5945    .constdata          STemWin524b_CM4_Keil.lib(f24_ascii.o)
    0x080118b4   0x00000030   Data   RO         5946    .constdata          STemWin524b_CM4_Keil.lib(f24_ascii.o)
    0x080118e4   0x00000030   Data   RO         5947    .constdata          STemWin524b_CM4_Keil.lib(f24_ascii.o)
    0x08011914   0x00000018   Data   RO         5948    .constdata          STemWin524b_CM4_Keil.lib(f24_ascii.o)
    0x0801192c   0x00000030   Data   RO         5949    .constdata          STemWin524b_CM4_Keil.lib(f24_ascii.o)
    0x0801195c   0x00000018   Data   RO         5950    .constdata          STemWin524b_CM4_Keil.lib(f24_ascii.o)
    0x08011974   0x00000030   Data   RO         5951    .constdata          STemWin524b_CM4_Keil.lib(f24_ascii.o)
    0x080119a4   0x00000030   Data   RO         5952    .constdata          STemWin524b_CM4_Keil.lib(f24_ascii.o)
    0x080119d4   0x00000030   Data   RO         5953    .constdata          STemWin524b_CM4_Keil.lib(f24_ascii.o)
    0x08011a04   0x00000030   Data   RO         5954    .constdata          STemWin524b_CM4_Keil.lib(f24_ascii.o)
    0x08011a34   0x00000030   Data   RO         5955    .constdata          STemWin524b_CM4_Keil.lib(f24_ascii.o)
    0x08011a64   0x00000030   Data   RO         5956    .constdata          STemWin524b_CM4_Keil.lib(f24_ascii.o)
    0x08011a94   0x00000018   Data   RO         5957    .constdata          STemWin524b_CM4_Keil.lib(f24_ascii.o)
    0x08011aac   0x00000018   Data   RO         5958    .constdata          STemWin524b_CM4_Keil.lib(f24_ascii.o)
    0x08011ac4   0x00000018   Data   RO         5959    .constdata          STemWin524b_CM4_Keil.lib(f24_ascii.o)
    0x08011adc   0x00000030   Data   RO         5960    .constdata          STemWin524b_CM4_Keil.lib(f24_ascii.o)
    0x08011b0c   0x000002f8   Data   RO         5961    .constdata          STemWin524b_CM4_Keil.lib(f24_ascii.o)
    0x08011e04   0x00000074   Data   RO         5981    .constdata          STemWin524b_CM4_Keil.lib(guidev_32.o)
    0x08011e78   0x00000088   Data   RO         6781    .constdata          m_wm.l(pow.o)
    0x08011f00   0x00000008   Data   RO         7098    .constdata          m_wm.l(qnan.o)
    0x08011f08   0x00000020   Data   RO         7167    Region$$Table       anon$$obj.o


    Execution Region RW_IRAM1 (Base: 0x20000000, Size: 0x0002a380, Max: 0x00030000, ABSOLUTE, COMPRESSED[0x00000080])

    Base Addr    Size         Type   Attr      Idx    E Section Name        Object

    0x20000000   0x00000008   Data   RW           42    .data               blueradio_fh_lib.o
    0x20000008   0x00000008   Data   RW          565    .data               itm_retarget.o
    0x20000010   0x0000018c   Data   RW          774    .data               main.o
    0x2000019c   0x00000001   Data   RW          775    .data               main.o
    0x2000019d   0x00000003   PAD
    0x200001a0   0x00000008   Data   RW          899    .data               stm32f4xx_it.o
    0x200001a8   0x00000018   Data   RW         1413    .data               stm32f429i_discovery.o
    0x200001c0   0x00000014   Data   RW         2043    .data               system_stm32f4xx.o
    0x200001d4   0x00000004   Data   RW         2123    .data               lcdconf_stm32f429i_disco.o
    0x200001d8   0x00000004   Data   RW         2303    .data               gui_x.o
    0x200001dc   0x00000004   Data   RW         2372    .data               stm32f4xx_hal.o
    0x200001e0   0x00000008   Data   RW         4962    .data               STemWin524b_CM4_Keil.lib(guicc_m1555i.o)
    0x200001e8   0x00000008   Data   RW         4976    .data               STemWin524b_CM4_Keil.lib(guicc_m4444i.o)
    0x200001f0   0x00000008   Data   RW         4990    .data               STemWin524b_CM4_Keil.lib(guicc_m8888i.o)
    0x200001f8   0x00000028   Data   RW         5007    .data               STemWin524b_CM4_Keil.lib(gui__alpha.o)
    0x20000220   0x00000008   Data   RW         5053    .data               STemWin524b_CM4_Keil.lib(gui_alloc.o)
    0x20000228   0x0000002c   Data   RW         5100    .data               STemWin524b_CM4_Keil.lib(gui_core.o)
    0x20000254   0x00000004   Data   RW         5103    .data               STemWin524b_CM4_Keil.lib(gui_core.o)
    0x20000258   0x00000004   Data   RW         5104    .data               STemWin524b_CM4_Keil.lib(gui_core.o)
    0x2000025c   0x00000004   Data   RW         5107    .data               STemWin524b_CM4_Keil.lib(gui_core.o)
    0x20000260   0x00000002   Data   RW         5108    .data               STemWin524b_CM4_Keil.lib(gui_core.o)
    0x20000262   0x00000002   Data   RW         5109    .data               STemWin524b_CM4_Keil.lib(gui_core.o)
    0x20000264   0x00000024   Data   RW         5157    .data               STemWin524b_CM4_Keil.lib(gui_multibuf.o)
    0x20000288   0x00000008   Data   RW         5197    .data               STemWin524b_CM4_Keil.lib(guicc_m565.o)
    0x20000290   0x00000008   Data   RW         5210    .data               STemWin524b_CM4_Keil.lib(guicc_m888.o)
    0x20000298   0x00000004   Data   RW         5235    .data               STemWin524b_CM4_Keil.lib(lcd.o)
    0x2000029c   0x00000010   Data   RW         5261    .data               STemWin524b_CM4_Keil.lib(lcd_color.o)
    0x200002ac   0x00000060   Data   RW         6055    .data               STemWin524b_CM4_Keil.lib(wm.o)
    0x2000030c   0x00000008   Data   RW         6120    .data               STemWin524b_CM4_Keil.lib(gui__managecache.o)
    0x20000314   0x00000004   Data   RW         6145    .data               STemWin524b_CM4_Keil.lib(gui_charline.o)
    0x20000318   0x0000000c   Data   RW         6174    .data               STemWin524b_CM4_Keil.lib(gui_onkey.o)
    0x20000324   0x0000000c   Data   RW         6218    .data               STemWin524b_CM4_Keil.lib(gui_waitevent.o)
    0x20000330   0x00000004   Data   RW         6286    .data               STemWin524b_CM4_Keil.lib(wm__sendmessage.o)
    0x20000334   0x00000004   Data   RW         7132    .data               mc_w.l(errno.o)
    0x20000338   0x00000032   Zero   RW           40    .bss                blueradio_fh_lib.o
    0x2000036a   0x00000002   PAD
    0x2000036c   0x00000094   Zero   RW          320    .bss                blueradio_lib.o
    0x20000400   0x00000038   Zero   RW          531    .bss                i2c.o
    0x20000438   0x0000003c   Zero   RW          711    .bss                usart.o
    0x20000474   0x00000195   Zero   RW          772    .bss                main.o
    0x20000609   0x00000013   Zero   RW          976    .bss                lcd_maintask.o
    0x2000061c   0x0000008c   Zero   RW         1411    .bss                stm32f429i_discovery.o
    0x200006a8   0x000000b0   Zero   RW         1935    .bss                stm32f429i_discovery_sdram.o
    0x20000758   0x00025800   Zero   RW         2072    .bss                guiconf.o
    0x20025f58   0x00003234   Zero   RW         2122    .bss                lcdconf_stm32f429i_disco.o
    0x2002918c   0x000000c8   Zero   RW         5052    .bss                STemWin524b_CM4_Keil.lib(gui_alloc.o)
    0x20029254   0x00000070   Zero   RW         5098    .bss                STemWin524b_CM4_Keil.lib(gui_core.o)
    0x200292c4   0x00000018   Zero   RW         6054    .bss                STemWin524b_CM4_Keil.lib(wm.o)
    0x200292dc   0x00000058   Zero   RW         6173    .bss                STemWin524b_CM4_Keil.lib(gui_onkey.o)
    0x20029334   0x00000048   Zero   RW         6327    .bss                STemWin524b_CM4_Keil.lib(wm_touch.o)
    0x2002937c   0x00000004   PAD
    0x20029380   0x00001000   Zero   RW            1    STACK               startup_stm32f429xx.o


==============================================================================

Image component sizes


      Code (inc. data)   RO Data    RW Data    ZI Data      Debug   Object Name

      1446        224         96          8         50     385906   blueradio_fh_lib.o
      1484        104        307          0        148      10627   blueradio_lib.o
        40          4          0          0          0      48291   gpio.o
         4          0          0          4          0       1174   gui_x.o
        32         10          0          0     153600        567   guiconf.o
        64         48          0          0          0       1487   hal_i2c_callbacks.o
        52          4          0          0          0       1112   hal_uart_callbacks.o
       168         34          0          0         56       1464   i2c.o
       658          0          0          0          0       4912   ili9341.o
        36          4          0          8          0      28771   itm_retarget.o
       688        244          0          0         19       1864   lcd_maintask.o
      2932        356          0          4      12852      26373   lcdconf_stm32f429i_disco.o
      1516        616        190        397        405      79277   main.o
       496         24          0          0          0       4046   mpl3115_lib.o
        36          8        428          0       4096        828   startup_stm32f429xx.o
       456         68          0         24        140       6325   stm32f429i_discovery.o
       524         48          0          0        176       2797   stm32f429i_discovery_sdram.o
       136         16          0          4          0       4014   stm32f4xx_hal.o
       204         14          0          0          0      30883   stm32f4xx_hal_cortex.o
      2620         36          0          0          0       2260   stm32f4xx_hal_dma.o
        86          0          0          0          0       1161   stm32f4xx_hal_dma2d.o
       462         52          0          0          0       3048   stm32f4xx_hal_gpio.o
      2572         60          0          0          0      13840   stm32f4xx_hal_i2c.o
      1458         10          0          0          0      10991   stm32f4xx_hal_ltdc.o
        22          0          0          0          0        490   stm32f4xx_hal_msp.o
       104         14          0          0          0        738   stm32f4xx_hal_pwr_ex.o
      1532         68         16          0          0       5935   stm32f4xx_hal_rcc.o
       624         36          0          0          0       1544   stm32f4xx_hal_rcc_ex.o
       144          0          0          0          0       3000   stm32f4xx_hal_sdram.o
       666          0          0          0          0       5092   stm32f4xx_hal_spi.o
      1090         10          0          0          0       6184   stm32f4xx_hal_uart.o
       176         44          0          8          0       5210   stm32f4xx_it.o
       244          0          0          0          0       3148   stm32f4xx_ll_fmc.o
        84         18          0         20          0       1237   system_stm32f4xx.o
       630         28          0          0         60       3633   usart.o

    ----------------------------------------------------------------------
     23524       2202       1072        480     171604     708229   Object Totals
         0          0         32          0          0          0   (incl. Generated)
        38          0          3          3          2          0   (incl. Padding)

    ----------------------------------------------------------------------

      Code (inc. data)   RO Data    RW Data    ZI Data      Debug   Library Member Name

         0          0       4248          0          0          0   f20_1.o
         0          0       4000          0          0          0   f20_ascii.o
         0          0       5028          0          0          0   f24_1.o
         0          0       4744          0          0          0   f24_ascii.o
         0          0       1816          0          0          0   f6x8.o
       886         56          0         40          0       1148   gui__alpha.o
       356          0          0          0          0        132   gui__compactpixelindices.o
         0          0         16          0          0          0   gui__divtbl_15_255.o
         0          0        256          0          0          0   gui__divtbl_255_15.o
         0          0        256          0          0          0   gui__divtbl_255_31.o
         0          0        256          0          0          0   gui__divtbl_255_63.o
         0          0         32          0          0          0   gui__divtbl_31_255.o
         0          0         64          0          0          0   gui__divtbl_63_255.o
       322          0          0          0          0        156   gui__expandpixelindices.o
        58          0          0          0          0        116   gui__intersectrect.o
        82          0          0          0          0        128   gui__intersectrects.o
       188          8          0          8          0        248   gui__managecache.o
        76          0          0          0          0        124   gui__memset.o
      1654         92          0          8        200       2504   gui_alloc.o
        36          0          0          0          0        128   gui_alloc_alloczero.o
        60          0          0          0          0        124   gui_calccolordist.o
        96         22          0          0          0        464   gui_char.o
       458         36          0          4          0        760   gui_charline.o
       394         12          0          0          0        492   gui_charm.o
       316         10          0          0          0        624   gui_charp.o
       472         84          8         60        112       1120   gui_core.o
       348         24          0          0          0        852   gui_device.o
       256          4          0          0          0        136   gui_dispstring.o
        16          4          0          0          0        116   gui_dispstringat.o
        28          0          0          0          0        256   gui_getcolor.o
        12          4          0          0          0        116   gui_getdrawmode.o
        52         12          0          0          0        360   gui_goto.o
        88          0          0          0          0        124   gui_mergerect.o
        30          0          0          0          0        116   gui_moverect.o
        44          6          0         36          0        116   gui_multibuf.o
        16          4          0         12         88        116   gui_onkey.o
        56          0          0          0          0        116   gui_rectsintersect.o
        58          8          0          0          0        256   gui_selectlayer.o
        18          0          0          0          0        128   gui_selectlcd.o
         8          0          0          0          0        232   gui_setcolor.o
        20          6          0          0          0        116   gui_setfont.o
        56         18          0          0          0        128   gui_setorg.o
        84         10          0          0          0        264   gui_uc.o
        18          0         16          0          0        464   gui_uc_encodenone.o
        16          4          0         12          0        116   gui_waitevent.o
       198          0         24          0          0        388   guicc_0.o
       172          0         24          0          0        376   guicc_16.o
       228         36         24          0          0        636   guicc_1616i.o
       186          0         24          0          0        356   guicc_8666.o
       194         18         24          0          0        636   guicc_88666i.o
         2          0          0          0          0        116   guicc_8888_index2color.o
         2          0          0          0          0        116   guicc_888_index2color.o
       306         32         24          8          0        768   guicc_m1555i.o
       304         20         24          8          0        768   guicc_m4444i.o
       270         50         24          8          0        768   guicc_m565.o
       142         16         24          8          0        636   guicc_m888.o
       218         12         24          8          0        768   guicc_m8888i.o
        20          0          0          0          0        116   guicc_m888_index2color.o
        64          6          0          0          0        128   guidev.o
      2356         62        116          0          0       2256   guidev_32.o
        22          0          0          0          0        128   guidev_getdataptr.o
        76          0          0          0          0        260   guidev_usage.o
       280         14          0          0          0        144   guidev_writetoactivealpha.o
      2688        176         52          0          0       4448   guidrv_lin_32.o
      1210         98         12          4          0       2016   lcd.o
       264         26          0         16          0        744   lcd_color.o
        32         12          0          0          0        232   lcd_getcolorindex.o
       228         30          0          0          0       1780   lcd_getex.o
        26          0          0          0          0        128   lcd_getnumdisplays.o
         0          0        256          0          0          0   lcd_mirror.o
       504         18          0          0          0        280   lcd_readrect.o
        64         10          0          0          0        128   lcd_selectlcd.o
       260          0          0          0          0        788   lcd_set.o
        48         10          0          0          0        128   lcd_setcliprectex.o
        36          4          0          0          0        128   lcd_updatecolorindices.o
      2966        132          0         96         24       4096   wm.o
        18          0          0          0          0        124   wm__getfirstsibling.o
        36          0          0          0          0        128   wm__getprevsibling.o
        60          6          0          4          0        136   wm__sendmessage.o
       126          0          0          0          0        140   wm_bringtobottom.o
        16          6          0          0          0        116   wm_criticalhandle.o
        32          0          0          0          0        128   wm_getclientrect.o
        24         10          0          0          0        116   wm_getdesktopwindow.o
        14          0          0          0          0        124   wm_getfirstchild.o
        14          0          0          0          0        124   wm_getparent.o
        30          0          0          0          0        140   wm_sendtoparent.o
         0          0          0          0         72          0   wm_touch.o
       164         44          0          0          0        620   dunder.o
        24          0          0          0          0        124   fabs.o
        48          0          0          0          0        124   fpclassify.o
       248          0          0          0          0        152   poly.o
      3128        302        136          0          0        356   pow.o
         0          0          8          0          0          0   qnan.o
       110          0          0          0          0        148   sqrt.o
        86          0          0          0          0          0   __dczerorl2.o
         0          0          0          0          0          0   entry.o
         0          0          0          0          0          0   entry10a.o
         0          0          0          0          0          0   entry11a.o
         8          4          0          0          0          0   entry2.o
         4          0          0          0          0          0   entry5.o
         0          0          0          0          0          0   entry7b.o
         0          0          0          0          0          0   entry8b.o
         8          4          0          0          0          0   entry9a.o
        12          6          0          4          0         68   errno.o
        30          0          0          0          0          0   handlers.o
        36          8          0          0          0         68   init.o
         0          0          0          0          0          0   iusefp.o
        30          0          0          0          0         68   llshl.o
        36          0          0          0          0         68   llsshr.o
        32          0          0          0          0         68   llushr.o
        64          0          0          0          0         76   memmovea.o
      1216         58          0          0          0        504   printf8.o
        28          0          0          0          0         76   strcmp.o
        98          0          0          0          0         92   uldiv.o
        48          0          0          0          0         68   cdrcmple.o
        56          0          0          0          0         88   d2f.o
       334          0          0          0          0        148   dadd.o
       222          0          0          0          0        100   ddiv.o
       186          0          0          0          0        176   depilogue.o
        34          0          0          0          0         76   dflti.o
       228          0          0          0          0         96   dmul.o
        46          0          0          0          0         80   dscalb.o
       162          0          0          0          0        100   dsqrt.o
        38          0          0          0          0         68   f2d.o
       110          0          0          0          0        168   fepilogue.o

    ----------------------------------------------------------------------
     27356       1654      21560        344        500      41712   Library Totals
        68          0          0          0          4          0   (incl. Padding)

    ----------------------------------------------------------------------

      Code (inc. data)   RO Data    RW Data    ZI Data      Debug   Library Name

     20414       1228      21416        340        496      37932   STemWin524b_CM4_Keil.lib
      3722        346        144          0          0       1524   m_wm.l
      1688         80          0          4          0       1088   mc_w.l
      1464          0          0          0          0       1168   mf_w.l

    ----------------------------------------------------------------------
     27356       1654      21560        344        500      41712   Library Totals

    ----------------------------------------------------------------------

==============================================================================


      Code (inc. data)   RO Data    RW Data    ZI Data      Debug   

     50880       3856      22632        824     172104     697581   Grand Totals
     50880       3856      22632        128     172104     697581   ELF Image Totals (compressed)
     50880       3856      22632        128          0          0   ROM Totals

==============================================================================

    Total RO  Size (Code + RO Data)                73512 (  71.79kB)
    Total RW  Size (RW Data + ZI Data)            172928 ( 168.88kB)
    Total ROM Size (Code + RO Data + RW Data)      73640 (  71.91kB)

==============================================================================

