Component: ARM Compiler 5.05 update 1 (build 106) Tool: armlink [4d0efa]

==============================================================================

Section Cross References

    startup_stm32f429xx.o(RESET) refers to startup_stm32f429xx.o(STACK) for __initial_sp
    startup_stm32f429xx.o(RESET) refers to startup_stm32f429xx.o(.text) for Reset_Handler
    startup_stm32f429xx.o(RESET) refers to stm32f4xx_it.o(i.NMI_Handler) for NMI_Handler
    startup_stm32f429xx.o(RESET) refers to stm32f4xx_it.o(i.HardFault_Handler) for HardFault_Handler
    startup_stm32f429xx.o(RESET) refers to stm32f4xx_it.o(i.MemManage_Handler) for MemManage_Handler
    startup_stm32f429xx.o(RESET) refers to stm32f4xx_it.o(i.BusFault_Handler) for BusFault_Handler
    startup_stm32f429xx.o(RESET) refers to stm32f4xx_it.o(i.UsageFault_Handler) for UsageFault_Handler
    startup_stm32f429xx.o(RESET) refers to stm32f4xx_it.o(i.DebugMon_Handler) for DebugMon_Handler
    startup_stm32f429xx.o(RESET) refers to stm32f4xx_it.o(i.SysTick_Handler) for SysTick_Handler
    startup_stm32f429xx.o(RESET) refers to stm32f4xx_it.o(i.UART5_IRQHandler) for UART5_IRQHandler
    startup_stm32f429xx.o(RESET) refers to stm32f4xx_it.o(i.I2C3_EV_IRQHandler) for I2C3_EV_IRQHandler
    startup_stm32f429xx.o(RESET) refers to stm32f4xx_it.o(i.I2C3_ER_IRQHandler) for I2C3_ER_IRQHandler
    startup_stm32f429xx.o(RESET) refers to stm32f4xx_it.o(i.LTDC_IRQHandler) for LTDC_IRQHandler
    startup_stm32f429xx.o(.text) refers to system_stm32f4xx.o(i.SystemInit) for SystemInit
    startup_stm32f429xx.o(.text) refers to entry.o(.ARM.Collect$$$$00000000) for __main
    blueradio_fh_lib.o(i.bl_fh_CONNECT) refers to blueradio_fh_lib.o(i.bl_split_data) for bl_split_data
    blueradio_fh_lib.o(i.bl_fh_CONNECT) refers to printf8.o(i.__0printf$8) for __2printf
    blueradio_fh_lib.o(i.bl_fh_CONNECT) refers to blueradio_fh_lib.o(.bss) for .bss
    blueradio_fh_lib.o(i.bl_fh_CONNECT) refers to blueradio_fh_lib.o(.data) for .data
    blueradio_fh_lib.o(i.bl_fh_DONE) refers to printf8.o(i.__0printf$8) for __2printf
    blueradio_fh_lib.o(i.bl_fh_ERROR) refers to printf8.o(i.__0printf$8) for __2printf
    blueradio_fh_lib.o(i.bl_fh_ERROR) refers to blueradio_fh_lib.o(i.bl_split_data) for bl_split_data
    blueradio_fh_lib.o(i.bl_fh_ERROR) refers to blueradio_fh_lib.o(.bss) for .bss
    blueradio_fh_lib.o(i.bl_fh_ERROR) refers to blueradio_fh_lib.o(.data) for .data
    blueradio_fh_lib.o(i.bl_fh_OK) refers to printf8.o(i.__0printf$8) for __2printf
    blueradio_fh_lib.o(i.bl_fh_run) refers to blueradio_fh_lib.o(.constdata) for .constdata
    blueradio_fh_lib.o(.constdata) refers to blueradio_fh_lib.o(i.bl_fh_OK) for bl_fh_OK
    blueradio_fh_lib.o(.constdata) refers to blueradio_fh_lib.o(i.bl_fh_ERROR) for bl_fh_ERROR
    blueradio_fh_lib.o(.constdata) refers to blueradio_fh_lib.o(i.bl_fh_DONE) for bl_fh_DONE
    blueradio_fh_lib.o(.constdata) refers to blueradio_fh_lib.o(i.bl_fh_CONNECT) for bl_fh_CONNECT
    blueradio_fh_lib.o(.constdata) refers to blueradio_fh_lib.o(i.bl_fh_DISCONNECT) for bl_fh_DISCONNECT
    blueradio_fh_lib.o(.constdata) refers to blueradio_fh_lib.o(i.bl_fh_DISCOVERY) for bl_fh_DISCOVERY
    blueradio_fh_lib.o(.constdata) refers to blueradio_fh_lib.o(i.bl_fh_PAIR_REQ) for bl_fh_PAIR_REQ
    blueradio_fh_lib.o(.constdata) refers to blueradio_fh_lib.o(i.bl_fh_PAIRED) for bl_fh_PAIRED
    blueradio_fh_lib.o(.constdata) refers to blueradio_fh_lib.o(i.bl_fh_PAIR_FAIL) for bl_fh_PAIR_FAIL
    blueradio_fh_lib.o(.constdata) refers to blueradio_fh_lib.o(i.bl_fh_PK_REQ) for bl_fh_PK_REQ
    blueradio_fh_lib.o(.constdata) refers to blueradio_fh_lib.o(i.bl_fh_PK_DIS) for bl_fh_PK_DIS
    blueradio_fh_lib.o(.constdata) refers to blueradio_fh_lib.o(i.bl_fh_SCCPS) for bl_fh_SCCPS
    blueradio_fh_lib.o(.constdata) refers to blueradio_fh_lib.o(i.bl_fh_CPU) for bl_fh_CPU
    blueradio_fh_lib.o(.constdata) refers to blueradio_fh_lib.o(i.bl_fh_GATT_DONE) for bl_fh_GATT_DONE
    blueradio_fh_lib.o(.constdata) refers to blueradio_fh_lib.o(i.bl_fh_GATT_DPS) for bl_fh_GATT_DPS
    blueradio_fh_lib.o(.constdata) refers to blueradio_fh_lib.o(i.bl_fh_GATT_DC) for bl_fh_GATT_DC
    blueradio_fh_lib.o(.constdata) refers to blueradio_fh_lib.o(i.bl_fh_GATT_DCD) for bl_fh_GATT_DCD
    blueradio_fh_lib.o(.constdata) refers to blueradio_fh_lib.o(i.bl_fh_GATT_VAL) for bl_fh_GATT_VAL
    blueradio_fh_lib.o(.constdata) refers to blueradio_fh_lib.o(i.bl_fh_BRSP) for bl_fh_BRSP
    blueradio_fh_lib.o(.constdata) refers to blueradio_fh_lib.o(i.bl_fh_RN) for bl_fh_RN
    blueradio_fh_lib.o(.constdata) refers to blueradio_fh_lib.o(i.bl_fh_RS) for bl_fh_RS
    blueradio_fh_lib.o(.constdata) refers to blueradio_fh_lib.o(i.bl_UC_REQ) for bl_UC_REQ
    blueradio_fh_lib.o(.constdata) refers to blueradio_fh_lib.o(i.bl_fh_PIN_REQ) for bl_fh_PIN_REQ
    blueradio_fh_lib.o(.constdata) refers to blueradio_fh_lib.o(i.bl_fh_SPP) for bl_fh_SPP
[...]
    0x08006cec   0x00000002   Code   RO          855    i.UsageFault_Handler  stm32f4xx_it.o
    0x08006cee   0x00000002   PAD
    0x08006cf0   0x00000010   Code   RO         5945    i.WM_Activate       STemWin524b_CM4_Keil.lib(wm.o)
    0x08006d00   0x0000007e   Code   RO         6234    i.WM_BringToBottom  STemWin524b_CM4_Keil.lib(wm_bringtobottom.o)
    0x08006d7e   0x00000002   PAD
    0x08006d80   0x00000148   Code   RO         5947    i.WM_CreateWindowAsChild  STemWin524b_CM4_Keil.lib(wm.o)
    0x08006ec8   0x00000046   Code   RO         5949    i.WM_DefaultProc    STemWin524b_CM4_Keil.lib(wm.o)
    0x08006f0e   0x00000002   PAD
    0x08006f10   0x00000018   Code   RO         6058    i.WM_GetDesktopWindow  STemWin524b_CM4_Keil.lib(wm_getdesktopwindow.o)
    0x08006f28   0x0000000e   Code   RO         6246    i.WM_GetFirstChild  STemWin524b_CM4_Keil.lib(wm_getfirstchild.o)
    0x08006f36   0x0000000e   Code   RO         6548    i.WM_GetParent      STemWin524b_CM4_Keil.lib(wm_getparent.o)
    0x08006f44   0x000000d4   Code   RO         5953    i.WM_Init           STemWin524b_CM4_Keil.lib(wm.o)
    0x08007018   0x00000076   Code   RO         5954    i.WM_InvalidateRect  STemWin524b_CM4_Keil.lib(wm.o)
    0x0800708e   0x00000006   Code   RO         5955    i.WM_InvalidateWindow  STemWin524b_CM4_Keil.lib(wm.o)
    0x08007094   0x0000005e   Code   RO         5956    i.WM_InvalidateWindowAndDescsEx  STemWin524b_CM4_Keil.lib(wm.o)
    0x080070f2   0x00000002   PAD
    0x080070f4   0x0000003c   Code   RO         5957    i.WM_SelectWindow   STemWin524b_CM4_Keil.lib(wm.o)
    0x08007130   0x0000001e   Code   RO         6252    i.WM_SendToParent   STemWin524b_CM4_Keil.lib(wm_sendtoparent.o)
    0x0800714e   0x00000002   PAD
    0x08007150   0x00000048   Code   RO         5960    i.WM__ActivateClipRect  STemWin524b_CM4_Keil.lib(wm.o)
    0x08007198   0x00000010   Code   RO         6236    i.WM__AddCriticalHandle  STemWin524b_CM4_Keil.lib(wm_criticalhandle.o)
    0x080071a8   0x00000010   Code   RO         5961    i.WM__Client2Screen  STemWin524b_CM4_Keil.lib(wm.o)
    0x080071b8   0x0000004e   Code   RO         5962    i.WM__ClipAtParentBorders  STemWin524b_CM4_Keil.lib(wm.o)
    0x08007206   0x00000020   Code   RO         6242    i.WM__GetClientRectEx  STemWin524b_CM4_Keil.lib(wm_getclientrect.o)
    0x08007226   0x00000018   Code   RO         5965    i.WM__GetClientRectWin  STemWin524b_CM4_Keil.lib(wm.o)
    0x0800723e   0x00000012   Code   RO         6693    i.WM__GetFirstSibling  STemWin524b_CM4_Keil.lib(wm__getfirstsibling.o)
    0x08007250   0x00000040   Code   RO         5966    i.WM__GetNextIVR    STemWin524b_CM4_Keil.lib(wm.o)
    0x08007290   0x00000024   Code   RO         6528    i.WM__GetPrevSibling  STemWin524b_CM4_Keil.lib(wm__getprevsibling.o)
    0x080072b4   0x00000018   Code   RO         5967    i.WM__GetTopLevelLayer  STemWin524b_CM4_Keil.lib(wm.o)
    0x080072cc   0x000000f0   Code   RO         5968    i.WM__InitIVRSearch  STemWin524b_CM4_Keil.lib(wm.o)
    0x080073bc   0x000000a4   Code   RO         5969    i.WM__InsertWindowIntoList  STemWin524b_CM4_Keil.lib(wm.o)
    0x08007460   0x00000006   Code   RO         5970    i.WM__Invalidate1Abs  STemWin524b_CM4_Keil.lib(wm.o)
    0x08007466   0x00000002   PAD
    0x08007468   0x00000054   Code   RO         5971    i.WM__InvalidateDrawAndDescs  STemWin524b_CM4_Keil.lib(wm.o)
    0x080074bc   0x00000076   Code   RO         5973    i.WM__InvalidateRect  STemWin524b_CM4_Keil.lib(wm.o)
    0x08007532   0x00000006   Code   RO         5974    i.WM__InvalidateRectEx  STemWin524b_CM4_Keil.lib(wm.o)
    0x08007538   0x00000020   Code   RO         5979    i.WM__RectIsNZ      STemWin524b_CM4_Keil.lib(wm.o)
    0x08007558   0x00000014   Code   RO         5982    i.WM__SelectTopLevelLayer  STemWin524b_CM4_Keil.lib(wm.o)
    0x0800756c   0x0000003c   Code   RO         6231    i.WM__SendMessage   STemWin524b_CM4_Keil.lib(wm__sendmessage.o)
    0x080075a8   0x0000000e   Code   RO         5983    i.WM__SendMsgNoData  STemWin524b_CM4_Keil.lib(wm.o)
    0x080075b6   0x00000002   PAD
    0x080075b8   0x00000078   Code   RO         4986    i._AddFreeMemory    STemWin524b_CM4_Keil.lib(gui_alloc.o)
    0x08007630   0x000000bc   Code   RO         4987    i._Alloc            STemWin524b_CM4_Keil.lib(gui_alloc.o)
    0x080076ec   0x00000004   Code   RO         5674    i._CalcSizeOfChar   STemWin524b_CM4_Keil.lib(gui_uc_encodenone.o)
    0x080076f0   0x0000004c   Code   RO         5138    i._Color2IndexBulk  STemWin524b_CM4_Keil.lib(guicc_m565.o)
    0x0800773c   0x00000034   Code   RO         5151    i._Color2IndexBulk  STemWin524b_CM4_Keil.lib(guicc_m888.o)
    0x08007770   0x00000044   Code   RO         4872    i._Color2IndexBulk_1616I  STemWin524b_CM4_Keil.lib(guicc_1616i.o)
    0x080077b4   0x00000038   Code   RO         4890    i._Color2IndexBulk_88666I  STemWin524b_CM4_Keil.lib(guicc_88666i.o)
    0x080077ec   0x0000005c   Code   RO         4902    i._Color2IndexBulk_M1555I  STemWin524b_CM4_Keil.lib(guicc_m1555i.o)
    0x08007848   0x00000058   Code   RO         4916    i._Color2IndexBulk_M4444I  STemWin524b_CM4_Keil.lib(guicc_m4444i.o)
    0x080078a0   0x00000044   Code   RO         4930    i._Color2IndexBulk_M8888I  STemWin524b_CM4_Keil.lib(guicc_m8888i.o)
    0x080078e4   0x00000054   Code   RO         5686    i._Color2Index_0    STemWin524b_CM4_Keil.lib(guicc_0.o)
    0x08007938   0x00000072   Code   RO         5620    i._Color2Index_16   STemWin524b_CM4_Keil.lib(guicc_16.o)
    0x080079aa   0x00000002   PAD
    0x080079ac   0x00000028   Code   RO         4873    i._Color2Index_1616I  STemWin524b_CM4_Keil.lib(guicc_1616i.o)
    0x080079d4   0x00000020   Code   RO         4891    i._Color2Index_88666I  STemWin524b_CM4_Keil.lib(guicc_88666i.o)
    0x080079f4   0x00000038   Code   RO         4903    i._Color2Index_M1555I  STemWin524b_CM4_Keil.lib(guicc_m1555i.o)
    0x08007a2c   0x0000003a   Code   RO         4917    i._Color2Index_M4444I  STemWin524b_CM4_Keil.lib(guicc_m4444i.o)
    0x08007a66   0x00000002   PAD
    0x08007a68   0x0000002c   Code   RO         5139    i._Color2Index_M565  STemWin524b_CM4_Keil.lib(guicc_m565.o)
    0x08007a94   0x00000014   Code   RO         5152    i._Color2Index_M888  STemWin524b_CM4_Keil.lib(guicc_m888.o)
    0x08007aa8   0x00000020   Code   RO         4931    i._Color2Index_M8888I  STemWin524b_CM4_Keil.lib(guicc_m8888i.o)
    0x08007ac8   0x00000050   Code   RO         5343    i._CopyBuffer       STemWin524b_CM4_Keil.lib(guidrv_lin_32.o)
    0x08007b18   0x00000020   Code   RO         5985    i._DesktopHandle2Index  STemWin524b_CM4_Keil.lib(wm.o)
    0x08007b38   0x00000074   Code   RO         6089    i._DispLine         STemWin524b_CM4_Keil.lib(gui_charline.o)
    0x08007bac   0x00000104   Code   RO         5344    i._DrawBitLine1BPP  STemWin524b_CM4_Keil.lib(guidrv_lin_32.o)
    0x08007cb0   0x0000011c   Code   RO         5910    i._DrawBitLine1BPP  STemWin524b_CM4_Keil.lib(guidev_32.o)
    0x08007dcc   0x00000094   Code   RO         5345    i._DrawBitLine2BPP  STemWin524b_CM4_Keil.lib(guidrv_lin_32.o)
    0x08007e60   0x000000e0   Code   RO         5911    i._DrawBitLine2BPP  STemWin524b_CM4_Keil.lib(guidev_32.o)
    0x08007f40   0x00000094   Code   RO         5912    i._DrawBitLine32BPP_DDB  STemWin524b_CM4_Keil.lib(guidev_32.o)
    0x08007fd4   0x0000009c   Code   RO         5346    i._DrawBitLine4BPP  STemWin524b_CM4_Keil.lib(guidrv_lin_32.o)
    0x08008070   0x00000158   Code   RO         5913    i._DrawBitLine4BPP  STemWin524b_CM4_Keil.lib(guidev_32.o)
    0x080081c8   0x000000f0   Code   RO         5347    i._DrawBitLine8BPP  STemWin524b_CM4_Keil.lib(guidrv_lin_32.o)
    0x080082b8   0x00000188   Code   RO         5348    i._DrawBitmap       STemWin524b_CM4_Keil.lib(guidrv_lin_32.o)
    0x08008440   0x000002a4   Code   RO         5914    i._DrawBitmap       STemWin524b_CM4_Keil.lib(guidev_32.o)
    0x080086e4   0x0000000a   Code   RO         5349    i._DrawHLine        STemWin524b_CM4_Keil.lib(guidrv_lin_32.o)
    0x080086ee   0x0000000a   Code   RO         5915    i._DrawHLine        STemWin524b_CM4_Keil.lib(guidev_32.o)
    0x080086f8   0x0000000c   Code   RO         5350    i._DrawVLine        STemWin524b_CM4_Keil.lib(guidrv_lin_32.o)
    0x08008704   0x000000ac   Code   RO         5916    i._DrawVLine        STemWin524b_CM4_Keil.lib(guidev_32.o)
    0x080087b0   0x00000006   Code   RO         5675    i._Encode           STemWin524b_CM4_Keil.lib(gui_uc_encodenone.o)
    0x080087b6   0x00000002   PAD
    0x080087b8   0x00000098   Code   RO         4988    i._EnlargeBlocks    STemWin524b_CM4_Keil.lib(gui_alloc.o)
    0x08008850   0x00000028   Code   RO         5351    i._FillRect         STemWin524b_CM4_Keil.lib(guidrv_lin_32.o)
    0x08008878   0x000000a4   Code   RO         5917    i._FillRect         STemWin524b_CM4_Keil.lib(guidev_32.o)
    0x0800891c   0x000000d4   Code   RO         5352    i._FillRectOpt32    STemWin524b_CM4_Keil.lib(guidrv_lin_32.o)
    0x080089f0   0x00000148   Code   RO         5988    i._FindNext_IVR     STemWin524b_CM4_Keil.lib(wm.o)
    0x08008b38   0x0000007c   Code   RO         5989    i._Findx0           STemWin524b_CM4_Keil.lib(wm.o)
    0x08008bb4   0x00000072   Code   RO         5990    i._Findx1           STemWin524b_CM4_Keil.lib(wm.o)
    0x08008c26   0x000000a6   Code   RO         5991    i._Findy1           STemWin524b_CM4_Keil.lib(wm.o)
    0x08008ccc   0x00000004   Code   RO         5676    i._GetCharCode      STemWin524b_CM4_Keil.lib(gui_uc_encodenone.o)
    0x08008cd0   0x00000004   Code   RO         5677    i._GetCharSize      STemWin524b_CM4_Keil.lib(gui_uc_encodenone.o)
    0x08008cd4   0x00000010   Code   RO         5353    i._GetDevData       STemWin524b_CM4_Keil.lib(guidrv_lin_32.o)
    0x08008ce4   0x00000010   Code   RO         5918    i._GetDevData       STemWin524b_CM4_Keil.lib(guidev_32.o)
    0x08008cf4   0x000000dc   Code   RO         5354    i._GetDevFunc       STemWin524b_CM4_Keil.lib(guidrv_lin_32.o)
    0x08008dd0   0x00000010   Code   RO         5919    i._GetDevFunc       STemWin524b_CM4_Keil.lib(guidev_32.o)
    0x08008de0   0x0000001e   Code   RO         5252    i._GetDevProp       STemWin524b_CM4_Keil.lib(lcd_getex.o)
    0x08008dfe   0x0000003c   Code   RO         5355    i._GetDevProp       STemWin524b_CM4_Keil.lib(guidrv_lin_32.o)
    0x08008e3a   0x0000000c   Code   RO         5920    i._GetDevProp       STemWin524b_CM4_Keil.lib(guidev_32.o)
    0x08008e46   0x00000052   Code   RO         5687    i._GetIndexMask_0   STemWin524b_CM4_Keil.lib(guicc_0.o)
    0x08008e98   0x00000004   Code   RO         5621    i._GetIndexMask_16  STemWin524b_CM4_Keil.lib(guicc_16.o)
    0x08008e9c   0x00000004   Code   RO         4874    i._GetIndexMask_1616I  STemWin524b_CM4_Keil.lib(guicc_1616i.o)
    0x08008ea0   0x00000004   Code   RO         4885    i._GetIndexMask_8666  STemWin524b_CM4_Keil.lib(guicc_8666.o)
    0x08008ea4   0x00000006   Code   RO         4892    i._GetIndexMask_88666I  STemWin524b_CM4_Keil.lib(guicc_88666i.o)
    0x08008eaa   0x00000006   Code   RO         4904    i._GetIndexMask_M1555I  STemWin524b_CM4_Keil.lib(guicc_m1555i.o)
    0x08008eb0   0x00000006   Code   RO         4918    i._GetIndexMask_M4444I  STemWin524b_CM4_Keil.lib(guicc_m4444i.o)
    0x08008eb6   0x00000006   Code   RO         5140    i._GetIndexMask_M565  STemWin524b_CM4_Keil.lib(guicc_m565.o)
    0x08008ebc   0x00000006   Code   RO         5153    i._GetIndexMask_M888  STemWin524b_CM4_Keil.lib(guicc_m888.o)
    0x08008ec2   0x00000006   Code   RO         4932    i._GetIndexMask_M8888I  STemWin524b_CM4_Keil.lib(guicc_m8888i.o)
    0x08008ec8   0x0000001e   Code   RO         5253    i._GetMaxValue      STemWin524b_CM4_Keil.lib(lcd_getex.o)
    0x08008ee6   0x00000002   PAD
    0x08008ee8   0x0000001c   Code   RO         4989    i._GetMinIndex      STemWin524b_CM4_Keil.lib(gui_alloc.o)
    0x08008f04   0x00000010   Code   RO         5356    i._GetPixelIndex    STemWin524b_CM4_Keil.lib(guidrv_lin_32.o)
    0x08008f14   0x0000000e   Code   RO         5921    i._GetPixelIndex    STemWin524b_CM4_Keil.lib(guidev_32.o)
    0x08008f22   0x0000001c   Code   RO         5357    i._GetPos           STemWin524b_CM4_Keil.lib(guidrv_lin_32.o)
    0x08008f3e   0x00000016   Code   RO         5358    i._GetRect          STemWin524b_CM4_Keil.lib(guidrv_lin_32.o)
    0x08008f54   0x00000030   Code   RO         5922    i._GetRect          STemWin524b_CM4_Keil.lib(guidev_32.o)
    0x08008f84   0x00000010   Code   RO         5662    i._GotoX            STemWin524b_CM4_Keil.lib(gui_goto.o)
    0x08008f94   0x00000010   Code   RO         5663    i._GotoY            STemWin524b_CM4_Keil.lib(gui_goto.o)
    0x08008fa4   0x00000058   Code   RO         5141    i._Index2ColorBulk  STemWin524b_CM4_Keil.lib(guicc_m565.o)
    0x08008ffc   0x00000034   Code   RO         5154    i._Index2ColorBulk  STemWin524b_CM4_Keil.lib(guicc_m888.o)
    0x08009030   0x0000004c   Code   RO         4875    i._Index2ColorBulk_1616I  STemWin524b_CM4_Keil.lib(guicc_1616i.o)
    0x0800907c   0x00000044   Code   RO         4893    i._Index2ColorBulk_88666I  STemWin524b_CM4_Keil.lib(guicc_88666i.o)
    0x080090c0   0x0000005c   Code   RO         4905    i._Index2ColorBulk_M1555I  STemWin524b_CM4_Keil.lib(guicc_m1555i.o)
    0x0800911c   0x0000005c   Code   RO         4919    i._Index2ColorBulk_M4444I  STemWin524b_CM4_Keil.lib(guicc_m4444i.o)
    0x08009178   0x00000044   Code   RO         4933    i._Index2ColorBulk_M8888I  STemWin524b_CM4_Keil.lib(guicc_m8888i.o)
    0x080091bc   0x00000020   Code   RO         5688    i._Index2Color_0    STemWin524b_CM4_Keil.lib(guicc_0.o)
    0x080091dc   0x00000036   Code   RO         5622    i._Index2Color_16   STemWin524b_CM4_Keil.lib(guicc_16.o)
    0x08009212   0x00000002   PAD
    0x08009214   0x00000028   Code   RO         4876    i._Index2Color_1616I  STemWin524b_CM4_Keil.lib(guicc_1616i.o)
    0x0800923c   0x00000020   Code   RO         4894    i._Index2Color_88666I  STemWin524b_CM4_Keil.lib(guicc_88666i.o)
    0x0800925c   0x00000030   Code   RO         4906    i._Index2Color_M1555I  STemWin524b_CM4_Keil.lib(guicc_m1555i.o)
    0x0800928c   0x00000030   Code   RO         4920    i._Index2Color_M4444I  STemWin524b_CM4_Keil.lib(guicc_m4444i.o)
    0x080092bc   0x00000020   Code   RO         4934    i._Index2Color_M8888I  STemWin524b_CM4_Keil.lib(guicc_m8888i.o)
    0x080092dc   0x00000018   Code   RO         5359    i._Init             STemWin524b_CM4_Keil.lib(guidrv_lin_32.o)
    0x080092f4   0x00000070   Code   RO         5042    i._InitContext      STemWin524b_CM4_Keil.lib(gui_core.o)
    0x08009364   0x000000a8   Code   RO         4990    i._InitOnce         STemWin524b_CM4_Keil.lib(gui_alloc.o)
    0x0800940c   0x00000024   Code   RO         5360    i._InitOnce         STemWin524b_CM4_Keil.lib(guidrv_lin_32.o)
    0x08009430   0x00000080   Code   RO         5992    i._Invalidate1Abs   STemWin524b_CM4_Keil.lib(wm.o)
    0x080094b0   0x0000005c   Code   RO         2067    i._LCD_GetpPalConvTable  lcdconf_stm32f429i_disco.o
    0x0800950c   0x00000002   Code   RO         6090    i._Log2VisBuffered  STemWin524b_CM4_Keil.lib(gui_charline.o)
    0x0800950e   0x0000000a   Code   RO         5361    i._Off              STemWin524b_CM4_Keil.lib(guidrv_lin_32.o)
    0x08009518   0x0000000a   Code   RO         5362    i._On               STemWin524b_CM4_Keil.lib(guidrv_lin_32.o)
    0x08009522   0x00000002   PAD
    0x08009524   0x00000028   Code   RO         4952    i._OnExit           STemWin524b_CM4_Keil.lib(gui__alpha.o)
    0x0800954c   0x00000034   Code   RO         4991    i._OnExit           STemWin524b_CM4_Keil.lib(gui_alloc.o)
    0x08009580   0x0000002c   Code   RO         5043    i._OnExit           STemWin524b_CM4_Keil.lib(gui_core.o)
    0x080095ac   0x00000014   Code   RO         5206    i._OnExit           STemWin524b_CM4_Keil.lib(lcd_color.o)
    0x080095c0   0x00000034   Code   RO         5993    i._OnExit           STemWin524b_CM4_Keil.lib(wm.o)
    0x080095f4   0x00000040   Code   RO         4992    i._PopFreeBlock     STemWin524b_CM4_Keil.lib(gui_alloc.o)
    0x08009634   0x00000028   Code   RO         4993    i._PushFreeBlock    STemWin524b_CM4_Keil.lib(gui_alloc.o)
    0x0800965c   0x00000030   Code   RO         5363    i._ReadRect         STemWin524b_CM4_Keil.lib(guidrv_lin_32.o)
    0x0800968c   0x00000034   Code   RO         4994    i._RemoveFreeBlock  STemWin524b_CM4_Keil.lib(gui_alloc.o)
    0x080096c0   0x000000a0   Code   RO         4995    i._RemoveHoles      STemWin524b_CM4_Keil.lib(gui_alloc.o)
    0x08009760   0x00000026   Code   RO         5364    i._SetAlpha         STemWin524b_CM4_Keil.lib(guidrv_lin_32.o)
    0x08009786   0x00000010   Code   RO         5365    i._SetAlphaMode     STemWin524b_CM4_Keil.lib(guidrv_lin_32.o)
    0x08009796   0x00000002   PAD
    0x08009798   0x00000020   Code   RO         5176    i._SetBkColor       STemWin524b_CM4_Keil.lib(lcd.o)
    0x080097b8   0x00000012   Code   RO         5366    i._SetChroma        STemWin524b_CM4_Keil.lib(guidrv_lin_32.o)
    0x080097ca   0x00000010   Code   RO         5367    i._SetChromaMode    STemWin524b_CM4_Keil.lib(guidrv_lin_32.o)
    0x080097da   0x00000002   PAD
    0x080097dc   0x0000004c   Code   RO         5997    i._SetClipRectUserIntersect  STemWin524b_CM4_Keil.lib(wm.o)
    0x08009828   0x00000020   Code   RO         5177    i._SetColor         STemWin524b_CM4_Keil.lib(lcd.o)
    0x08009848   0x00000044   Code   RO         5368    i._SetDevFunc       STemWin524b_CM4_Keil.lib(guidrv_lin_32.o)
    0x0800988c   0x0000002c   Code   RO         5178    i._SetDrawMode      STemWin524b_CM4_Keil.lib(lcd.o)
    0x080098b8   0x000000a4   Code   RO         5369    i._SetOrg           STemWin524b_CM4_Keil.lib(guidrv_lin_32.o)
    0x0800995c   0x00000008   Code   RO         5923    i._SetOrg           STemWin524b_CM4_Keil.lib(guidev_32.o)
    0x08009964   0x00000012   Code   RO         5370    i._SetPixelIndex    STemWin524b_CM4_Keil.lib(guidrv_lin_32.o)
    0x08009976   0x00000002   PAD
    0x08009978   0x00000048   Code   RO         5924    i._SetPixelIndex    STemWin524b_CM4_Keil.lib(guidev_32.o)
    0x080099c0   0x0000002e   Code   RO         5371    i._SetPos           STemWin524b_CM4_Keil.lib(guidrv_lin_32.o)
    0x080099ee   0x00000044   Code   RO         5372    i._SetSize          STemWin524b_CM4_Keil.lib(guidrv_lin_32.o)
    0x08009a32   0x00000028   Code   RO         5373    i._SetVRAMAddr      STemWin524b_CM4_Keil.lib(guidrv_lin_32.o)
    0x08009a5a   0x0000002a   Code   RO         5374    i._SetVSize         STemWin524b_CM4_Keil.lib(guidrv_lin_32.o)
    0x08009a84   0x00000026   Code   RO         5375    i._SetVis           STemWin524b_CM4_Keil.lib(guidrv_lin_32.o)
    0x08009aaa   0x00000024   Code   RO         5376    i._ShowBuffer       STemWin524b_CM4_Keil.lib(guidrv_lin_32.o)
    0x08009ace   0x00000002   PAD
    0x08009ad0   0x000000ea   Code   RO         4996    i._TestRAM          STemWin524b_CM4_Keil.lib(gui_alloc.o)
    0x08009bba   0x00000002   PAD
    0x08009bbc   0x00000030   Code   RO         5076    i._UnlinkDevice     STemWin524b_CM4_Keil.lib(gui_device.o)
    0x08009bec   0x0000000e   Code   RO         4997    i._WriteTagData     STemWin524b_CM4_Keil.lib(gui_alloc.o)
    0x08009bfa   0x00000002   PAD
    0x08009bfc   0x0000003c   Code   RO         5925    i._XY2PTR           STemWin524b_CM4_Keil.lib(guidev_32.o)
    0x08009c38   0x00000028   Code   RO         5377    i._XorPixel         STemWin524b_CM4_Keil.lib(guidrv_lin_32.o)
    0x08009c60   0x00000058   Code   RO         5926    i._XorPixel         STemWin524b_CM4_Keil.lib(guidev_32.o)
    0x08009cb8   0x00000020   Code   RO         6958    i.__0printf$8       mc_w.l(printf8.o)
    0x08009cd8   0x00000028   Code   RO         6959    i.__0snprintf$8     mc_w.l(printf8.o)
    0x08009d00   0x00000030   Code   RO         7038    i.__ARM_fpclassify  m_wm.l(fpclassify.o)
    0x08009d30   0x00000c38   Code   RO         6724    i.__hardfp_pow      m_wm.l(pow.o)
    0x0800a968   0x000000f8   Code   RO         7040    i.__kernel_poly     m_wm.l(poly.o)
    0x0800aa60   0x00000030   Code   RO         7018    i.__mathlib_dbl_divzero  m_wm.l(dunder.o)
    0x0800aa90   0x00000014   Code   RO         7020    i.__mathlib_dbl_infnan2  m_wm.l(dunder.o)
    0x0800aaa4   0x00000004   PAD
    0x0800aaa8   0x00000020   Code   RO         7021    i.__mathlib_dbl_invalid  m_wm.l(dunder.o)
    0x0800aac8   0x00000020   Code   RO         7022    i.__mathlib_dbl_overflow  m_wm.l(dunder.o)
    0x0800aae8   0x00000020   Code   RO         7024    i.__mathlib_dbl_underflow  m_wm.l(dunder.o)
    0x0800ab08   0x0000000e   Code   RO         7113    i.__scatterload_copy  mc_w.l(handlers.o)
    0x0800ab16   0x00000002   Code   RO         7114    i.__scatterload_null  mc_w.l(handlers.o)
    0x0800ab18   0x0000000e   Code   RO         7115    i.__scatterload_zeroinit  mc_w.l(handlers.o)
    0x0800ab26   0x00000002   PAD
    0x0800ab28   0x0000000c   Code   RO         7075    i.__set_errno       mc_w.l(errno.o)
    0x0800ab34   0x00000410   Code   RO         6965    i._printf_core      mc_w.l(printf8.o)
    0x0800af44   0x00000024   Code   RO         6966    i._printf_post_padding  mc_w.l(printf8.o)
    0x0800af68   0x0000002e   Code   RO         6967    i._printf_pre_padding  mc_w.l(printf8.o)
    0x0800af96   0x00000016   Code   RO         6968    i._snputc           mc_w.l(printf8.o)
    0x0800afac   0x00000002   Code   RO           12    i.bl_UC_REQ         blueradio_fh_lib.o
    0x0800afae   0x00000002   PAD
    0x0800afb0   0x00000120   Code   RO          292    i.bl_advertUpdate   blueradio_lib.o
    0x0800b0d0   0x00000060   Code   RO          293    i.bl_advertisingON  blueradio_lib.o
    0x0800b130   0x0000001c   Code   RO          294    i.bl_buffer_clearStatus  blueradio_lib.o
    0x0800b14c   0x00000026   Code   RO          295    i.bl_buffers_init   blueradio_lib.o
    0x0800b172   0x00000002   PAD
    0x0800b174   0x0000001c   Code   RO          296    i.bl_buffers_release  blueradio_lib.o
    0x0800b190   0x0000002a   Code   RO          297    i.bl_buffers_reserve  blueradio_lib.o
    0x0800b1ba   0x0000007e   Code   RO          298    i.bl_checkEvents    blueradio_lib.o
    0x0800b238   0x00000042   Code   RO          299    i.bl_chngStatBuff   blueradio_lib.o
    0x0800b27a   0x00000002   Code   RO           13    i.bl_fh_BRSP        blueradio_fh_lib.o
    0x0800b27c   0x000000dc   Code   RO           14    i.bl_fh_CONNECT     blueradio_fh_lib.o
    0x0800b358   0x00000002   Code   RO           15    i.bl_fh_CPU         blueradio_fh_lib.o
    0x0800b35a   0x00000002   Code   RO           16    i.bl_fh_DISCONNECT  blueradio_fh_lib.o
    0x0800b35c   0x00000002   Code   RO           17    i.bl_fh_DISCOVERY   blueradio_fh_lib.o
    0x0800b35e   0x00000002   PAD
    0x0800b360   0x00000040   Code   RO           18    i.bl_fh_DONE        blueradio_fh_lib.o
    0x0800b3a0   0x00000080   Code   RO           19    i.bl_fh_ERROR       blueradio_fh_lib.o
    0x0800b420   0x00000002   Code   RO           20    i.bl_fh_GATT_DC     blueradio_fh_lib.o
    0x0800b422   0x00000002   Code   RO           21    i.bl_fh_GATT_DCD    blueradio_fh_lib.o
    0x0800b424   0x00000002   Code   RO           22    i.bl_fh_GATT_DONE   blueradio_fh_lib.o
    0x0800b426   0x00000002   Code   RO           23    i.bl_fh_GATT_DPS    blueradio_fh_lib.o
    0x0800b428   0x00000002   Code   RO           24    i.bl_fh_GATT_VAL    blueradio_fh_lib.o
    0x0800b42a   0x00000002   PAD
    0x0800b42c   0x00000030   Code   RO           25    i.bl_fh_OK          blueradio_fh_lib.o
    0x0800b45c   0x00000002   Code   RO           26    i.bl_fh_PAIRED      blueradio_fh_lib.o
    0x0800b45e   0x00000002   Code   RO           27    i.bl_fh_PAIR_FAIL   blueradio_fh_lib.o
    0x0800b460   0x00000002   Code   RO           28    i.bl_fh_PAIR_REQ    blueradio_fh_lib.o
    0x0800b462   0x00000002   Code   RO           29    i.bl_fh_PIN_REQ     blueradio_fh_lib.o
    0x0800b464   0x00000002   Code   RO           30    i.bl_fh_PK_DIS      blueradio_fh_lib.o
    0x0800b466   0x00000002   Code   RO           31    i.bl_fh_PK_REQ      blueradio_fh_lib.o
    0x0800b468   0x00000002   Code   RO           32    i.bl_fh_RN          blueradio_fh_lib.o
    0x0800b46a   0x00000002   Code   RO           33    i.bl_fh_RS          blueradio_fh_lib.o
    0x0800b46c   0x00000002   Code   RO           34    i.bl_fh_SCCPS       blueradio_fh_lib.o
    0x0800b46e   0x00000002   Code   RO           35    i.bl_fh_SPP         blueradio_fh_lib.o
    0x0800b470   0x00000010   Code   RO           36    i.bl_fh_run         blueradio_fh_lib.o
    0x0800b480   0x00000064   Code   RO          300    i.bl_handleResp     blueradio_lib.o
    0x0800b4e4   0x000000d4   Code   RO          727    i.bl_read_cmd       main.o
    0x0800b5b8   0x00000030   Code   RO           37    i.bl_split_data     blueradio_fh_lib.o
    0x0800b5e8   0x0000005c   Code   RO          301    i.ble_stopallcmd    blueradio_lib.o
    0x0800b644   0x00000050   Code   RO         5999    i.cbBackWin         STemWin524b_CM4_Keil.lib(wm.o)
    0x0800b694   0x00000018   Code   RO          728    i.delay_ms          main.o
    0x0800b6ac   0x0000008a   Code   RO         5179    i.emWin_LCD_Init    STemWin524b_CM4_Keil.lib(lcd.o)
    0x0800b736   0x00000018   Code   RO         7034    i.fabs              m_wm.l(fabs.o)
    0x0800b74e   0x00000002   PAD
    0x0800b750   0x00000024   Code   RO          522    i.fputc             itm_retarget.o
    0x0800b774   0x00000060   Code   RO          302    i.get_resp_name     blueradio_lib.o
    0x0800b7d4   0x00000292   Code   RO         1054    i.ili9341_Init      ili9341.o
    0x0800ba66   0x00000002   PAD
    0x0800ba68   0x00000330   Code   RO          729    i.main              main.o
    0x0800bd98   0x00000084   Code   RO          569    i.mpl_ReadStore_Data  mpl3115_lib.o
    0x0800be1c   0x00000012   Code   RO          571    i.mpl_get_Pfrac     mpl3115_lib.o
    0x0800be2e   0x00000002   PAD
    0x0800be30   0x000000c8   Code   RO          572    i.mpl_get_Psea      mpl3115_lib.o
    0x0800bef8   0x00000012   Code   RO          573    i.mpl_get_Pval      mpl3115_lib.o
    0x0800bf0a   0x00000020   Code   RO          574    i.mpl_get_Tempfrac  mpl3115_lib.o
    0x0800bf2a   0x00000060   Code   RO          577    i.mpl_start_OneShot  mpl3115_lib.o
    0x0800bf8a   0x0000006e   Code   RO         7045    i.sqrt              m_wm.l(sqrt.o)
    0x0800bff8   0x00000038   Code   RO          668    i.usart_sendString  usart.o
    0x0800c030   0x00000060   Data   RO           39    .constdata          blueradio_fh_lib.o
    0x0800c090   0x00000108   Data   RO          304    .constdata          blueradio_lib.o
    0x0800c198   0x00000010   Data   RO         3964    .constdata          stm32f4xx_hal_rcc.o
    0x0800c1a8   0x00000018   Data   RO         4877    .constdata          STemWin524b_CM4_Keil.lib(guicc_1616i.o)
    0x0800c1c0   0x00000018   Data   RO         4886    .constdata          STemWin524b_CM4_Keil.lib(guicc_8666.o)
    0x0800c1d8   0x00000018   Data   RO         4895    .constdata          STemWin524b_CM4_Keil.lib(guicc_88666i.o)
    0x0800c1f0   0x00000018   Data   RO         4907    .constdata          STemWin524b_CM4_Keil.lib(guicc_m1555i.o)
    0x0800c208   0x00000018   Data   RO         4921    .constdata          STemWin524b_CM4_Keil.lib(guicc_m4444i.o)
    0x0800c220   0x00000018   Data   RO         4935    .constdata          STemWin524b_CM4_Keil.lib(guicc_m8888i.o)
    0x0800c238   0x00000008   Data   RO         5045    .constdata          STemWin524b_CM4_Keil.lib(gui_core.o)
    0x0800c240   0x00000018   Data   RO         5142    .constdata          STemWin524b_CM4_Keil.lib(guicc_m565.o)
    0x0800c258   0x00000018   Data   RO         5155    .constdata          STemWin524b_CM4_Keil.lib(guicc_m888.o)
    0x0800c270   0x0000000c   Data   RO         5180    .constdata          STemWin524b_CM4_Keil.lib(lcd.o)
    0x0800c27c   0x00000034   Data   RO         5378    .constdata          STemWin524b_CM4_Keil.lib(guidrv_lin_32.o)
    0x0800c2b0   0x00000518   Data   RO         5414    .constdata          STemWin524b_CM4_Keil.lib(f6x8.o)
    0x0800c7c8   0x000001c0   Data   RO         5415    .constdata          STemWin524b_CM4_Keil.lib(f6x8.o)
    0x0800c988   0x00000008   Data   RO         5416    .constdata          STemWin524b_CM4_Keil.lib(f6x8.o)
    0x0800c990   0x00000014   Data   RO         5417    .constdata          STemWin524b_CM4_Keil.lib(f6x8.o)
    0x0800c9a4   0x00000024   Data   RO         5418    .constdata          STemWin524b_CM4_Keil.lib(f6x8.o)
    0x0800c9c8   0x00000014   Data   RO         5420    .constdata          STemWin524b_CM4_Keil.lib(f20_1.o)
    0x0800c9dc   0x00000014   Data   RO         5421    .constdata          STemWin524b_CM4_Keil.lib(f20_1.o)
    0x0800c9f0   0x00000028   Data   RO         5422    .constdata          STemWin524b_CM4_Keil.lib(f20_1.o)
    0x0800ca18   0x00000028   Data   RO         5423    .constdata          STemWin524b_CM4_Keil.lib(f20_1.o)
    0x0800ca40   0x00000028   Data   RO         5424    .constdata          STemWin524b_CM4_Keil.lib(f20_1.o)
    0x0800ca68   0x00000028   Data   RO         5425    .constdata          STemWin524b_CM4_Keil.lib(f20_1.o)
    0x0800ca90   0x00000014   Data   RO         5426    .constdata          STemWin524b_CM4_Keil.lib(f20_1.o)
    0x0800caa4   0x00000028   Data   RO         5427    .constdata          STemWin524b_CM4_Keil.lib(f20_1.o)
    0x0800cacc   0x00000014   Data   RO         5428    .constdata          STemWin524b_CM4_Keil.lib(f20_1.o)
    0x0800cae0   0x00000028   Data   RO         5429    .constdata          STemWin524b_CM4_Keil.lib(f20_1.o)
    0x0800cb08   0x00000014   Data   RO         5430    .constdata          STemWin524b_CM4_Keil.lib(f20_1.o)
    0x0800cb1c   0x00000028   Data   RO         5431    .constdata          STemWin524b_CM4_Keil.lib(f20_1.o)
    0x0800cb44   0x00000028   Data   RO         5432    .constdata          STemWin524b_CM4_Keil.lib(f20_1.o)
    0x0800cb6c   0x00000014   Data   RO         5433    .constdata          STemWin524b_CM4_Keil.lib(f20_1.o)
    0x0800cb80   0x00000028   Data   RO         5434    .constdata          STemWin524b_CM4_Keil.lib(f20_1.o)
    0x0800cba8   0x00000028   Data   RO         5435    .constdata          STemWin524b_CM4_Keil.lib(f20_1.o)
    0x0800cbd0   0x00000014   Data   RO         5436    .constdata          STemWin524b_CM4_Keil.lib(f20_1.o)
    0x0800cbe4   0x00000028   Data   RO         5437    .constdata          STemWin524b_CM4_Keil.lib(f20_1.o)
    0x0800cc0c   0x00000014   Data   RO         5438    .constdata          STemWin524b_CM4_Keil.lib(f20_1.o)
    0x0800cc20   0x00000014   Data   RO         5439    .constdata          STemWin524b_CM4_Keil.lib(f20_1.o)
    0x0800cc34   0x00000014   Data   RO         5440    .constdata          STemWin524b_CM4_Keil.lib(f20_1.o)
    0x0800cc48   0x00000028   Data   RO         5441    .constdata          STemWin524b_CM4_Keil.lib(f20_1.o)
    0x0800cc70   0x00000028   Data   RO         5442    .constdata          STemWin524b_CM4_Keil.lib(f20_1.o)
    0x0800cc98   0x00000014   Data   RO         5443    .constdata          STemWin524b_CM4_Keil.lib(f20_1.o)
    0x0800ccac   0x00000014   Data   RO         5444    .constdata          STemWin524b_CM4_Keil.lib(f20_1.o)
    0x0800ccc0   0x00000014   Data   RO         5445    .constdata          STemWin524b_CM4_Keil.lib(f20_1.o)
    0x0800ccd4   0x00000014   Data   RO         5446    .constdata          STemWin524b_CM4_Keil.lib(f20_1.o)
    0x0800cce8   0x00000028   Data   RO         5447    .constdata          STemWin524b_CM4_Keil.lib(f20_1.o)
    0x0800cd10   0x00000028   Data   RO         5448    .constdata          STemWin524b_CM4_Keil.lib(f20_1.o)
    0x0800cd38   0x00000028   Data   RO         5449    .constdata          STemWin524b_CM4_Keil.lib(f20_1.o)
    0x0800cd60   0x00000028   Data   RO         5450    .constdata          STemWin524b_CM4_Keil.lib(f20_1.o)
    0x0800cd88   0x00000028   Data   RO         5451    .constdata          STemWin524b_CM4_Keil.lib(f20_1.o)
    0x0800cdb0   0x00000028   Data   RO         5452    .constdata          STemWin524b_CM4_Keil.lib(f20_1.o)
    0x0800cdd8   0x00000028   Data   RO         5453    .constdata          STemWin524b_CM4_Keil.lib(f20_1.o)
    0x0800ce00   0x00000028   Data   RO         5454    .constdata          STemWin524b_CM4_Keil.lib(f20_1.o)
    0x0800ce28   0x00000028   Data   RO         5455    .constdata          STemWin524b_CM4_Keil.lib(f20_1.o)
    0x0800ce50   0x00000028   Data   RO         5456    .constdata          STemWin524b_CM4_Keil.lib(f20_1.o)
    0x0800ce78   0x00000028   Data   RO         5457    .constdata          STemWin524b_CM4_Keil.lib(f20_1.o)
    0x0800cea0   0x0000003c   Data   RO         5458    .constdata          STemWin524b_CM4_Keil.lib(f20_1.o)
    0x0800cedc   0x00000028   Data   RO         5459    .constdata          STemWin524b_CM4_Keil.lib(f20_1.o)
    0x0800cf04   0x00000028   Data   RO         5460    .constdata          STemWin524b_CM4_Keil.lib(f20_1.o)
    0x0800cf2c   0x00000028   Data   RO         5461    .constdata          STemWin524b_CM4_Keil.lib(f20_1.o)
    0x0800cf54   0x00000028   Data   RO         5462    .constdata          STemWin524b_CM4_Keil.lib(f20_1.o)
    0x0800cf7c   0x00000028   Data   RO         5463    .constdata          STemWin524b_CM4_Keil.lib(f20_1.o)
    0x0800cfa4   0x00000014   Data   RO         5464    .constdata          STemWin524b_CM4_Keil.lib(f20_1.o)
    0x0800cfb8   0x00000014   Data   RO         5465    .constdata          STemWin524b_CM4_Keil.lib(f20_1.o)
    0x0800cfcc   0x00000014   Data   RO         5466    .constdata          STemWin524b_CM4_Keil.lib(f20_1.o)
    0x0800cfe0   0x00000014   Data   RO         5467    .constdata          STemWin524b_CM4_Keil.lib(f20_1.o)
    0x0800cff4   0x00000028   Data   RO         5468    .constdata          STemWin524b_CM4_Keil.lib(f20_1.o)
    0x0800d01c   0x00000028   Data   RO         5469    .constdata          STemWin524b_CM4_Keil.lib(f20_1.o)
    0x0800d044   0x00000028   Data   RO         5470    .constdata          STemWin524b_CM4_Keil.lib(f20_1.o)
    0x0800d06c   0x00000028   Data   RO         5471    .constdata          STemWin524b_CM4_Keil.lib(f20_1.o)
    0x0800d094   0x00000028   Data   RO         5472    .constdata          STemWin524b_CM4_Keil.lib(f20_1.o)
    0x0800d0bc   0x00000028   Data   RO         5473    .constdata          STemWin524b_CM4_Keil.lib(f20_1.o)
    0x0800d0e4   0x00000028   Data   RO         5474    .constdata          STemWin524b_CM4_Keil.lib(f20_1.o)
    0x0800d10c   0x00000028   Data   RO         5475    .constdata          STemWin524b_CM4_Keil.lib(f20_1.o)
    0x0800d134   0x00000028   Data   RO         5476    .constdata          STemWin524b_CM4_Keil.lib(f20_1.o)
    0x0800d15c   0x00000028   Data   RO         5477    .constdata          STemWin524b_CM4_Keil.lib(f20_1.o)
    0x0800d184   0x00000028   Data   RO         5478    .constdata          STemWin524b_CM4_Keil.lib(f20_1.o)
    0x0800d1ac   0x00000028   Data   RO         5479    .constdata          STemWin524b_CM4_Keil.lib(f20_1.o)
    0x0800d1d4   0x00000028   Data   RO         5480    .constdata          STemWin524b_CM4_Keil.lib(f20_1.o)
    0x0800d1fc   0x00000028   Data   RO         5481    .constdata          STemWin524b_CM4_Keil.lib(f20_1.o)
    0x0800d224   0x00000028   Data   RO         5482    .constdata          STemWin524b_CM4_Keil.lib(f20_1.o)
    0x0800d24c   0x00000028   Data   RO         5483    .constdata          STemWin524b_CM4_Keil.lib(f20_1.o)
    0x0800d274   0x00000028   Data   RO         5484    .constdata          STemWin524b_CM4_Keil.lib(f20_1.o)
    0x0800d29c   0x00000028   Data   RO         5485    .constdata          STemWin524b_CM4_Keil.lib(f20_1.o)
    0x0800d2c4   0x00000028   Data   RO         5486    .constdata          STemWin524b_CM4_Keil.lib(f20_1.o)
    0x0800d2ec   0x00000028   Data   RO         5487    .constdata          STemWin524b_CM4_Keil.lib(f20_1.o)
    0x0800d314   0x00000028   Data   RO         5488    .constdata          STemWin524b_CM4_Keil.lib(f20_1.o)
    0x0800d33c   0x00000028   Data   RO         5489    .constdata          STemWin524b_CM4_Keil.lib(f20_1.o)
    0x0800d364   0x00000028   Data   RO         5490    .constdata          STemWin524b_CM4_Keil.lib(f20_1.o)
    0x0800d38c   0x00000028   Data   RO         5491    .constdata          STemWin524b_CM4_Keil.lib(f20_1.o)
    0x0800d3b4   0x00000028   Data   RO         5492    .constdata          STemWin524b_CM4_Keil.lib(f20_1.o)
    0x0800d3dc   0x00000028   Data   RO         5493    .constdata          STemWin524b_CM4_Keil.lib(f20_1.o)
    0x0800d404   0x00000028   Data   RO         5494    .constdata          STemWin524b_CM4_Keil.lib(f20_1.o)
    0x0800d42c   0x00000028   Data   RO         5495    .constdata          STemWin524b_CM4_Keil.lib(f20_1.o)
    0x0800d454   0x00000014   Data   RO         5496    .constdata          STemWin524b_CM4_Keil.lib(f20_1.o)
    0x0800d468   0x00000014   Data   RO         5497    .constdata          STemWin524b_CM4_Keil.lib(f20_1.o)
    0x0800d47c   0x00000014   Data   RO         5498    .constdata          STemWin524b_CM4_Keil.lib(f20_1.o)
    0x0800d490   0x00000014   Data   RO         5499    .constdata          STemWin524b_CM4_Keil.lib(f20_1.o)
    0x0800d4a4   0x00000028   Data   RO         5500    .constdata          STemWin524b_CM4_Keil.lib(f20_1.o)
    0x0800d4cc   0x00000028   Data   RO         5501    .constdata          STemWin524b_CM4_Keil.lib(f20_1.o)
    0x0800d4f4   0x00000028   Data   RO         5502    .constdata          STemWin524b_CM4_Keil.lib(f20_1.o)
    0x0800d51c   0x00000028   Data   RO         5503    .constdata          STemWin524b_CM4_Keil.lib(f20_1.o)
    0x0800d544   0x00000028   Data   RO         5504    .constdata          STemWin524b_CM4_Keil.lib(f20_1.o)
    0x0800d56c   0x00000028   Data   RO         5505    .constdata          STemWin524b_CM4_Keil.lib(f20_1.o)
    0x0800d594   0x00000028   Data   RO         5506    .constdata          STemWin524b_CM4_Keil.lib(f20_1.o)
    0x0800d5bc   0x00000028   Data   RO         5507    .constdata          STemWin524b_CM4_Keil.lib(f20_1.o)
    0x0800d5e4   0x00000028   Data   RO         5508    .constdata          STemWin524b_CM4_Keil.lib(f20_1.o)
    0x0800d60c   0x00000028   Data   RO         5509    .constdata          STemWin524b_CM4_Keil.lib(f20_1.o)
    0x0800d634   0x00000028   Data   RO         5510    .constdata          STemWin524b_CM4_Keil.lib(f20_1.o)
    0x0800d65c   0x00000028   Data   RO         5511    .constdata          STemWin524b_CM4_Keil.lib(f20_1.o)
    0x0800d684   0x00000028   Data   RO         5512    .constdata          STemWin524b_CM4_Keil.lib(f20_1.o)
    0x0800d6ac   0x00000028   Data   RO         5513    .constdata          STemWin524b_CM4_Keil.lib(f20_1.o)
    0x0800d6d4   0x00000028   Data   RO         5514    .constdata          STemWin524b_CM4_Keil.lib(f20_1.o)
    0x0800d6fc   0x00000028   Data   RO         5515    .constdata          STemWin524b_CM4_Keil.lib(f20_1.o)
    0x0800d724   0x00000300   Data   RO         5516    .constdata          STemWin524b_CM4_Keil.lib(f20_1.o)
    0x0800da24   0x0000000c   Data   RO         5517    .constdata          STemWin524b_CM4_Keil.lib(f20_1.o)
    0x0800da30   0x0000000c   Data   RO         5518    .constdata          STemWin524b_CM4_Keil.lib(f20_1.o)
    0x0800da3c   0x00000024   Data   RO         5519    .constdata          STemWin524b_CM4_Keil.lib(f20_1.o)
    0x0800da60   0x00000018   Data   RO         5520    .constdata          STemWin524b_CM4_Keil.lib(f24_1.o)
    0x0800da78   0x00000018   Data   RO         5521    .constdata          STemWin524b_CM4_Keil.lib(f24_1.o)
    0x0800da90   0x00000030   Data   RO         5522    .constdata          STemWin524b_CM4_Keil.lib(f24_1.o)
    0x0800dac0   0x00000030   Data   RO         5523    .constdata          STemWin524b_CM4_Keil.lib(f24_1.o)
    0x0800daf0   0x00000030   Data   RO         5524    .constdata          STemWin524b_CM4_Keil.lib(f24_1.o)
    0x0800db20   0x00000030   Data   RO         5525    .constdata          STemWin524b_CM4_Keil.lib(f24_1.o)
    0x0800db50   0x00000018   Data   RO         5526    .constdata          STemWin524b_CM4_Keil.lib(f24_1.o)
    0x0800db68   0x00000030   Data   RO         5527    .constdata          STemWin524b_CM4_Keil.lib(f24_1.o)
    0x0800db98   0x00000018   Data   RO         5528    .constdata          STemWin524b_CM4_Keil.lib(f24_1.o)
    0x0800dbb0   0x00000030   Data   RO         5529    .constdata          STemWin524b_CM4_Keil.lib(f24_1.o)
    0x0800dbe0   0x00000018   Data   RO         5530    .constdata          STemWin524b_CM4_Keil.lib(f24_1.o)
    0x0800dbf8   0x00000030   Data   RO         5531    .constdata          STemWin524b_CM4_Keil.lib(f24_1.o)
    0x0800dc28   0x00000030   Data   RO         5532    .constdata          STemWin524b_CM4_Keil.lib(f24_1.o)
    0x0800dc58   0x00000018   Data   RO         5533    .constdata          STemWin524b_CM4_Keil.lib(f24_1.o)
    0x0800dc70   0x00000030   Data   RO         5534    .constdata          STemWin524b_CM4_Keil.lib(f24_1.o)
    0x0800dca0   0x00000030   Data   RO         5535    .constdata          STemWin524b_CM4_Keil.lib(f24_1.o)
    0x0800dcd0   0x00000018   Data   RO         5536    .constdata          STemWin524b_CM4_Keil.lib(f24_1.o)
    0x0800dce8   0x00000030   Data   RO         5537    .constdata          STemWin524b_CM4_Keil.lib(f24_1.o)
    0x0800dd18   0x00000018   Data   RO         5538    .constdata          STemWin524b_CM4_Keil.lib(f24_1.o)
    0x0800dd30   0x00000018   Data   RO         5539    .constdata          STemWin524b_CM4_Keil.lib(f24_1.o)
    0x0800dd48   0x00000018   Data   RO         5540    .constdata          STemWin524b_CM4_Keil.lib(f24_1.o)
    0x0800dd60   0x00000030   Data   RO         5541    .constdata          STemWin524b_CM4_Keil.lib(f24_1.o)
    0x0800dd90   0x00000030   Data   RO         5542    .constdata          STemWin524b_CM4_Keil.lib(f24_1.o)
    0x0800ddc0   0x00000018   Data   RO         5543    .constdata          STemWin524b_CM4_Keil.lib(f24_1.o)
    0x0800ddd8   0x00000018   Data   RO         5544    .constdata          STemWin524b_CM4_Keil.lib(f24_1.o)
    0x0800ddf0   0x00000018   Data   RO         5545    .constdata          STemWin524b_CM4_Keil.lib(f24_1.o)
    0x0800de08   0x00000018   Data   RO         5546    .constdata          STemWin524b_CM4_Keil.lib(f24_1.o)
    0x0800de20   0x00000030   Data   RO         5547    .constdata          STemWin524b_CM4_Keil.lib(f24_1.o)
    0x0800de50   0x00000048   Data   RO         5548    .constdata          STemWin524b_CM4_Keil.lib(f24_1.o)
    0x0800de98   0x00000048   Data   RO         5549    .constdata          STemWin524b_CM4_Keil.lib(f24_1.o)
    0x0800dee0   0x00000048   Data   RO         5550    .constdata          STemWin524b_CM4_Keil.lib(f24_1.o)
    0x0800df28   0x00000030   Data   RO         5551    .constdata          STemWin524b_CM4_Keil.lib(f24_1.o)
    0x0800df58   0x00000030   Data   RO         5552    .constdata          STemWin524b_CM4_Keil.lib(f24_1.o)
    0x0800df88   0x00000030   Data   RO         5553    .constdata          STemWin524b_CM4_Keil.lib(f24_1.o)
    0x0800dfb8   0x00000030   Data   RO         5554    .constdata          STemWin524b_CM4_Keil.lib(f24_1.o)
    0x0800dfe8   0x00000030   Data   RO         5555    .constdata          STemWin524b_CM4_Keil.lib(f24_1.o)
    0x0800e018   0x00000030   Data   RO         5556    .constdata          STemWin524b_CM4_Keil.lib(f24_1.o)
    0x0800e048   0x00000030   Data   RO         5557    .constdata          STemWin524b_CM4_Keil.lib(f24_1.o)
    0x0800e078   0x00000048   Data   RO         5558    .constdata          STemWin524b_CM4_Keil.lib(f24_1.o)
    0x0800e0c0   0x00000030   Data   RO         5559    .constdata          STemWin524b_CM4_Keil.lib(f24_1.o)
    0x0800e0f0   0x00000030   Data   RO         5560    .constdata          STemWin524b_CM4_Keil.lib(f24_1.o)
    0x0800e120   0x00000030   Data   RO         5561    .constdata          STemWin524b_CM4_Keil.lib(f24_1.o)
    0x0800e150   0x00000030   Data   RO         5562    .constdata          STemWin524b_CM4_Keil.lib(f24_1.o)
    0x0800e180   0x00000030   Data   RO         5563    .constdata          STemWin524b_CM4_Keil.lib(f24_1.o)
    0x0800e1b0   0x00000018   Data   RO         5564    .constdata          STemWin524b_CM4_Keil.lib(f24_1.o)
    0x0800e1c8   0x00000018   Data   RO         5565    .constdata          STemWin524b_CM4_Keil.lib(f24_1.o)
    0x0800e1e0   0x00000018   Data   RO         5566    .constdata          STemWin524b_CM4_Keil.lib(f24_1.o)
    0x0800e1f8   0x00000018   Data   RO         5567    .constdata          STemWin524b_CM4_Keil.lib(f24_1.o)
    0x0800e210   0x00000030   Data   RO         5568    .constdata          STemWin524b_CM4_Keil.lib(f24_1.o)
    0x0800e240   0x00000030   Data   RO         5569    .constdata          STemWin524b_CM4_Keil.lib(f24_1.o)
    0x0800e270   0x00000030   Data   RO         5570    .constdata          STemWin524b_CM4_Keil.lib(f24_1.o)
    0x0800e2a0   0x00000030   Data   RO         5571    .constdata          STemWin524b_CM4_Keil.lib(f24_1.o)
    0x0800e2d0   0x00000030   Data   RO         5572    .constdata          STemWin524b_CM4_Keil.lib(f24_1.o)
    0x0800e300   0x00000030   Data   RO         5573    .constdata          STemWin524b_CM4_Keil.lib(f24_1.o)
    0x0800e330   0x00000030   Data   RO         5574    .constdata          STemWin524b_CM4_Keil.lib(f24_1.o)
    0x0800e360   0x00000030   Data   RO         5575    .constdata          STemWin524b_CM4_Keil.lib(f24_1.o)
    0x0800e390   0x00000030   Data   RO         5576    .constdata          STemWin524b_CM4_Keil.lib(f24_1.o)
    0x0800e3c0   0x00000030   Data   RO         5577    .constdata          STemWin524b_CM4_Keil.lib(f24_1.o)
    0x0800e3f0   0x00000030   Data   RO         5578    .constdata          STemWin524b_CM4_Keil.lib(f24_1.o)
    0x0800e420   0x00000030   Data   RO         5579    .constdata          STemWin524b_CM4_Keil.lib(f24_1.o)
    0x0800e450   0x00000030   Data   RO         5580    .constdata          STemWin524b_CM4_Keil.lib(f24_1.o)
    0x0800e480   0x00000030   Data   RO         5581    .constdata          STemWin524b_CM4_Keil.lib(f24_1.o)
    0x0800e4b0   0x00000030   Data   RO         5582    .constdata          STemWin524b_CM4_Keil.lib(f24_1.o)
    0x0800e4e0   0x00000030   Data   RO         5583    .constdata          STemWin524b_CM4_Keil.lib(f24_1.o)
    0x0800e510   0x00000030   Data   RO         5584    .constdata          STemWin524b_CM4_Keil.lib(f24_1.o)
    0x0800e540   0x00000030   Data   RO         5585    .constdata          STemWin524b_CM4_Keil.lib(f24_1.o)
    0x0800e570   0x00000030   Data   RO         5586    .constdata          STemWin524b_CM4_Keil.lib(f24_1.o)
    0x0800e5a0   0x00000030   Data   RO         5587    .constdata          STemWin524b_CM4_Keil.lib(f24_1.o)
    0x0800e5d0   0x00000030   Data   RO         5588    .constdata          STemWin524b_CM4_Keil.lib(f24_1.o)
    0x0800e600   0x00000030   Data   RO         5589    .constdata          STemWin524b_CM4_Keil.lib(f24_1.o)
    0x0800e630   0x00000048   Data   RO         5590    .constdata          STemWin524b_CM4_Keil.lib(f24_1.o)
    0x0800e678   0x00000030   Data   RO         5591    .constdata          STemWin524b_CM4_Keil.lib(f24_1.o)
    0x0800e6a8   0x00000030   Data   RO         5592    .constdata          STemWin524b_CM4_Keil.lib(f24_1.o)
    0x0800e6d8   0x00000030   Data   RO         5593    .constdata          STemWin524b_CM4_Keil.lib(f24_1.o)
    0x0800e708   0x00000030   Data   RO         5594    .constdata          STemWin524b_CM4_Keil.lib(f24_1.o)
    0x0800e738   0x00000030   Data   RO         5595    .constdata          STemWin524b_CM4_Keil.lib(f24_1.o)
    0x0800e768   0x00000018   Data   RO         5596    .constdata          STemWin524b_CM4_Keil.lib(f24_1.o)
    0x0800e780   0x00000018   Data   RO         5597    .constdata          STemWin524b_CM4_Keil.lib(f24_1.o)
    0x0800e798   0x00000018   Data   RO         5598    .constdata          STemWin524b_CM4_Keil.lib(f24_1.o)
    0x0800e7b0   0x00000018   Data   RO         5599    .constdata          STemWin524b_CM4_Keil.lib(f24_1.o)
    0x0800e7c8   0x00000030   Data   RO         5600    .constdata          STemWin524b_CM4_Keil.lib(f24_1.o)
    0x0800e7f8   0x00000030   Data   RO         5601    .constdata          STemWin524b_CM4_Keil.lib(f24_1.o)
    0x0800e828   0x00000030   Data   RO         5602    .constdata          STemWin524b_CM4_Keil.lib(f24_1.o)
    0x0800e858   0x00000030   Data   RO         5603    .constdata          STemWin524b_CM4_Keil.lib(f24_1.o)
    0x0800e888   0x00000030   Data   RO         5604    .constdata          STemWin524b_CM4_Keil.lib(f24_1.o)
    0x0800e8b8   0x00000030   Data   RO         5605    .constdata          STemWin524b_CM4_Keil.lib(f24_1.o)
    0x0800e8e8   0x00000030   Data   RO         5606    .constdata          STemWin524b_CM4_Keil.lib(f24_1.o)
    0x0800e918   0x00000030   Data   RO         5607    .constdata          STemWin524b_CM4_Keil.lib(f24_1.o)
    0x0800e948   0x00000030   Data   RO         5608    .constdata          STemWin524b_CM4_Keil.lib(f24_1.o)
    0x0800e978   0x00000030   Data   RO         5609    .constdata          STemWin524b_CM4_Keil.lib(f24_1.o)
    0x0800e9a8   0x00000030   Data   RO         5610    .constdata          STemWin524b_CM4_Keil.lib(f24_1.o)
    0x0800e9d8   0x00000030   Data   RO         5611    .constdata          STemWin524b_CM4_Keil.lib(f24_1.o)
    0x0800ea08   0x00000030   Data   RO         5612    .constdata          STemWin524b_CM4_Keil.lib(f24_1.o)
    0x0800ea38   0x00000030   Data   RO         5613    .constdata          STemWin524b_CM4_Keil.lib(f24_1.o)
    0x0800ea68   0x00000030   Data   RO         5614    .constdata          STemWin524b_CM4_Keil.lib(f24_1.o)
    0x0800ea98   0x00000030   Data   RO         5615    .constdata          STemWin524b_CM4_Keil.lib(f24_1.o)
    0x0800eac8   0x00000300   Data   RO         5616    .constdata          STemWin524b_CM4_Keil.lib(f24_1.o)
    0x0800edc8   0x0000000c   Data   RO         5617    .constdata          STemWin524b_CM4_Keil.lib(f24_1.o)
    0x0800edd4   0x0000000c   Data   RO         5618    .constdata          STemWin524b_CM4_Keil.lib(f24_1.o)
    0x0800ede0   0x00000024   Data   RO         5619    .constdata          STemWin524b_CM4_Keil.lib(f24_1.o)
    0x0800ee04   0x00000018   Data   RO         5623    .constdata          STemWin524b_CM4_Keil.lib(guicc_16.o)
    0x0800ee1c   0x00000010   Data   RO         5627    .constdata          STemWin524b_CM4_Keil.lib(gui__divtbl_15_255.o)
    0x0800ee2c   0x00000020   Data   RO         5628    .constdata          STemWin524b_CM4_Keil.lib(gui__divtbl_31_255.o)
    0x0800ee4c   0x00000040   Data   RO         5629    .constdata          STemWin524b_CM4_Keil.lib(gui__divtbl_63_255.o)
    0x0800ee8c   0x00000100   Data   RO         5630    .constdata          STemWin524b_CM4_Keil.lib(gui__divtbl_255_15.o)
    0x0800ef8c   0x00000100   Data   RO         5631    .constdata          STemWin524b_CM4_Keil.lib(gui__divtbl_255_31.o)
    0x0800f08c   0x00000100   Data   RO         5632    .constdata          STemWin524b_CM4_Keil.lib(gui__divtbl_255_63.o)
    0x0800f18c   0x00000010   Data   RO         5678    .constdata          STemWin524b_CM4_Keil.lib(gui_uc_encodenone.o)
    0x0800f19c   0x00000018   Data   RO         5689    .constdata          STemWin524b_CM4_Keil.lib(guicc_0.o)
    0x0800f1b4   0x00000100   Data   RO         5703    .constdata          STemWin524b_CM4_Keil.lib(lcd_mirror.o)
    0x0800f2b4   0x00000014   Data   RO         5714    .constdata          STemWin524b_CM4_Keil.lib(f20_ascii.o)
    0x0800f2c8   0x00000014   Data   RO         5715    .constdata          STemWin524b_CM4_Keil.lib(f20_ascii.o)
    0x0800f2dc   0x00000014   Data   RO         5716    .constdata          STemWin524b_CM4_Keil.lib(f20_ascii.o)
    0x0800f2f0   0x00000028   Data   RO         5717    .constdata          STemWin524b_CM4_Keil.lib(f20_ascii.o)
    0x0800f318   0x00000028   Data   RO         5718    .constdata          STemWin524b_CM4_Keil.lib(f20_ascii.o)
    0x0800f340   0x00000028   Data   RO         5719    .constdata          STemWin524b_CM4_Keil.lib(f20_ascii.o)
    0x0800f368   0x00000028   Data   RO         5720    .constdata          STemWin524b_CM4_Keil.lib(f20_ascii.o)
    0x0800f390   0x00000014   Data   RO         5721    .constdata          STemWin524b_CM4_Keil.lib(f20_ascii.o)
    0x0800f3a4   0x00000014   Data   RO         5722    .constdata          STemWin524b_CM4_Keil.lib(f20_ascii.o)
    0x0800f3b8   0x00000014   Data   RO         5723    .constdata          STemWin524b_CM4_Keil.lib(f20_ascii.o)
    0x0800f3cc   0x00000014   Data   RO         5724    .constdata          STemWin524b_CM4_Keil.lib(f20_ascii.o)
    0x0800f3e0   0x00000028   Data   RO         5725    .constdata          STemWin524b_CM4_Keil.lib(f20_ascii.o)
    0x0800f408   0x00000014   Data   RO         5726    .constdata          STemWin524b_CM4_Keil.lib(f20_ascii.o)
    0x0800f41c   0x00000014   Data   RO         5727    .constdata          STemWin524b_CM4_Keil.lib(f20_ascii.o)
    0x0800f430   0x00000014   Data   RO         5728    .constdata          STemWin524b_CM4_Keil.lib(f20_ascii.o)
    0x0800f444   0x00000014   Data   RO         5729    .constdata          STemWin524b_CM4_Keil.lib(f20_ascii.o)
    0x0800f458   0x00000028   Data   RO         5730    .constdata          STemWin524b_CM4_Keil.lib(f20_ascii.o)
    0x0800f480   0x00000028   Data   RO         5731    .constdata          STemWin524b_CM4_Keil.lib(f20_ascii.o)
    0x0800f4a8   0x00000028   Data   RO         5732    .constdata          STemWin524b_CM4_Keil.lib(f20_ascii.o)
    0x0800f4d0   0x00000028   Data   RO         5733    .constdata          STemWin524b_CM4_Keil.lib(f20_ascii.o)
    0x0800f4f8   0x00000028   Data   RO         5734    .constdata          STemWin524b_CM4_Keil.lib(f20_ascii.o)
    0x0800f520   0x00000028   Data   RO         5735    .constdata          STemWin524b_CM4_Keil.lib(f20_ascii.o)
    0x0800f548   0x00000028   Data   RO         5736    .constdata          STemWin524b_CM4_Keil.lib(f20_ascii.o)
    0x0800f570   0x00000028   Data   RO         5737    .constdata          STemWin524b_CM4_Keil.lib(f20_ascii.o)
    0x0800f598   0x00000028   Data   RO         5738    .constdata          STemWin524b_CM4_Keil.lib(f20_ascii.o)
    0x0800f5c0   0x00000028   Data   RO         5739    .constdata          STemWin524b_CM4_Keil.lib(f20_ascii.o)
    0x0800f5e8   0x00000014   Data   RO         5740    .constdata          STemWin524b_CM4_Keil.lib(f20_ascii.o)
    0x0800f5fc   0x00000014   Data   RO         5741    .constdata          STemWin524b_CM4_Keil.lib(f20_ascii.o)
    0x0800f610   0x00000028   Data   RO         5742    .constdata          STemWin524b_CM4_Keil.lib(f20_ascii.o)
    0x0800f638   0x00000028   Data   RO         5743    .constdata          STemWin524b_CM4_Keil.lib(f20_ascii.o)
    0x0800f660   0x00000028   Data   RO         5744    .constdata          STemWin524b_CM4_Keil.lib(f20_ascii.o)
    0x0800f688   0x00000028   Data   RO         5745    .constdata          STemWin524b_CM4_Keil.lib(f20_ascii.o)
    0x0800f6b0   0x0000003c   Data   RO         5746    .constdata          STemWin524b_CM4_Keil.lib(f20_ascii.o)
    0x0800f6ec   0x00000028   Data   RO         5747    .constdata          STemWin524b_CM4_Keil.lib(f20_ascii.o)
    0x0800f714   0x00000028   Data   RO         5748    .constdata          STemWin524b_CM4_Keil.lib(f20_ascii.o)
    0x0800f73c   0x00000028   Data   RO         5749    .constdata          STemWin524b_CM4_Keil.lib(f20_ascii.o)
    0x0800f764   0x00000028   Data   RO         5750    .constdata          STemWin524b_CM4_Keil.lib(f20_ascii.o)
    0x0800f78c   0x00000028   Data   RO         5751    .constdata          STemWin524b_CM4_Keil.lib(f20_ascii.o)
    0x0800f7b4   0x00000028   Data   RO         5752    .constdata          STemWin524b_CM4_Keil.lib(f20_ascii.o)
    0x0800f7dc   0x00000028   Data   RO         5753    .constdata          STemWin524b_CM4_Keil.lib(f20_ascii.o)
    0x0800f804   0x00000028   Data   RO         5754    .constdata          STemWin524b_CM4_Keil.lib(f20_ascii.o)
    0x0800f82c   0x00000014   Data   RO         5755    .constdata          STemWin524b_CM4_Keil.lib(f20_ascii.o)
    0x0800f840   0x00000028   Data   RO         5756    .constdata          STemWin524b_CM4_Keil.lib(f20_ascii.o)
    0x0800f868   0x00000028   Data   RO         5757    .constdata          STemWin524b_CM4_Keil.lib(f20_ascii.o)
    0x0800f890   0x00000028   Data   RO         5758    .constdata          STemWin524b_CM4_Keil.lib(f20_ascii.o)
    0x0800f8b8   0x00000028   Data   RO         5759    .constdata          STemWin524b_CM4_Keil.lib(f20_ascii.o)
    0x0800f8e0   0x00000028   Data   RO         5760    .constdata          STemWin524b_CM4_Keil.lib(f20_ascii.o)
    0x0800f908   0x00000028   Data   RO         5761    .constdata          STemWin524b_CM4_Keil.lib(f20_ascii.o)
    0x0800f930   0x00000028   Data   RO         5762    .constdata          STemWin524b_CM4_Keil.lib(f20_ascii.o)
    0x0800f958   0x00000028   Data   RO         5763    .constdata          STemWin524b_CM4_Keil.lib(f20_ascii.o)
    0x0800f980   0x00000028   Data   RO         5764    .constdata          STemWin524b_CM4_Keil.lib(f20_ascii.o)
    0x0800f9a8   0x00000028   Data   RO         5765    .constdata          STemWin524b_CM4_Keil.lib(f20_ascii.o)
    0x0800f9d0   0x00000028   Data   RO         5766    .constdata          STemWin524b_CM4_Keil.lib(f20_ascii.o)
    0x0800f9f8   0x00000028   Data   RO         5767    .constdata          STemWin524b_CM4_Keil.lib(f20_ascii.o)
    0x0800fa20   0x00000028   Data   RO         5768    .constdata          STemWin524b_CM4_Keil.lib(f20_ascii.o)
    0x0800fa48   0x0000003c   Data   RO         5769    .constdata          STemWin524b_CM4_Keil.lib(f20_ascii.o)
    0x0800fa84   0x00000028   Data   RO         5770    .constdata          STemWin524b_CM4_Keil.lib(f20_ascii.o)
    0x0800faac   0x00000028   Data   RO         5771    .constdata          STemWin524b_CM4_Keil.lib(f20_ascii.o)
    0x0800fad4   0x00000028   Data   RO         5772    .constdata          STemWin524b_CM4_Keil.lib(f20_ascii.o)
    0x0800fafc   0x00000014   Data   RO         5773    .constdata          STemWin524b_CM4_Keil.lib(f20_ascii.o)
    0x0800fb10   0x00000014   Data   RO         5774    .constdata          STemWin524b_CM4_Keil.lib(f20_ascii.o)
    0x0800fb24   0x00000014   Data   RO         5775    .constdata          STemWin524b_CM4_Keil.lib(f20_ascii.o)
    0x0800fb38   0x00000014   Data   RO         5776    .constdata          STemWin524b_CM4_Keil.lib(f20_ascii.o)
    0x0800fb4c   0x00000028   Data   RO         5777    .constdata          STemWin524b_CM4_Keil.lib(f20_ascii.o)
    0x0800fb74   0x00000014   Data   RO         5778    .constdata          STemWin524b_CM4_Keil.lib(f20_ascii.o)
    0x0800fb88   0x00000028   Data   RO         5779    .constdata          STemWin524b_CM4_Keil.lib(f20_ascii.o)
    0x0800fbb0   0x00000028   Data   RO         5780    .constdata          STemWin524b_CM4_Keil.lib(f20_ascii.o)
    0x0800fbd8   0x00000028   Data   RO         5781    .constdata          STemWin524b_CM4_Keil.lib(f20_ascii.o)
    0x0800fc00   0x00000028   Data   RO         5782    .constdata          STemWin524b_CM4_Keil.lib(f20_ascii.o)
    0x0800fc28   0x00000028   Data   RO         5783    .constdata          STemWin524b_CM4_Keil.lib(f20_ascii.o)
    0x0800fc50   0x00000014   Data   RO         5784    .constdata          STemWin524b_CM4_Keil.lib(f20_ascii.o)
    0x0800fc64   0x00000028   Data   RO         5785    .constdata          STemWin524b_CM4_Keil.lib(f20_ascii.o)
    0x0800fc8c   0x00000028   Data   RO         5786    .constdata          STemWin524b_CM4_Keil.lib(f20_ascii.o)
    0x0800fcb4   0x00000014   Data   RO         5787    .constdata          STemWin524b_CM4_Keil.lib(f20_ascii.o)
    0x0800fcc8   0x00000014   Data   RO         5788    .constdata          STemWin524b_CM4_Keil.lib(f20_ascii.o)
    0x0800fcdc   0x00000028   Data   RO         5789    .constdata          STemWin524b_CM4_Keil.lib(f20_ascii.o)
    0x0800fd04   0x00000014   Data   RO         5790    .constdata          STemWin524b_CM4_Keil.lib(f20_ascii.o)
    0x0800fd18   0x00000028   Data   RO         5791    .constdata          STemWin524b_CM4_Keil.lib(f20_ascii.o)
    0x0800fd40   0x00000028   Data   RO         5792    .constdata          STemWin524b_CM4_Keil.lib(f20_ascii.o)
    0x0800fd68   0x00000028   Data   RO         5793    .constdata          STemWin524b_CM4_Keil.lib(f20_ascii.o)
    0x0800fd90   0x00000028   Data   RO         5794    .constdata          STemWin524b_CM4_Keil.lib(f20_ascii.o)
    0x0800fdb8   0x00000028   Data   RO         5795    .constdata          STemWin524b_CM4_Keil.lib(f20_ascii.o)
    0x0800fde0   0x00000014   Data   RO         5796    .constdata          STemWin524b_CM4_Keil.lib(f20_ascii.o)
    0x0800fdf4   0x00000028   Data   RO         5797    .constdata          STemWin524b_CM4_Keil.lib(f20_ascii.o)
    0x0800fe1c   0x00000014   Data   RO         5798    .constdata          STemWin524b_CM4_Keil.lib(f20_ascii.o)
    0x0800fe30   0x00000028   Data   RO         5799    .constdata          STemWin524b_CM4_Keil.lib(f20_ascii.o)
    0x0800fe58   0x00000028   Data   RO         5800    .constdata          STemWin524b_CM4_Keil.lib(f20_ascii.o)
    0x0800fe80   0x00000028   Data   RO         5801    .constdata          STemWin524b_CM4_Keil.lib(f20_ascii.o)
    0x0800fea8   0x00000014   Data   RO         5802    .constdata          STemWin524b_CM4_Keil.lib(f20_ascii.o)
    0x0800febc   0x00000028   Data   RO         5803    .constdata          STemWin524b_CM4_Keil.lib(f20_ascii.o)
    0x0800fee4   0x00000014   Data   RO         5804    .constdata          STemWin524b_CM4_Keil.lib(f20_ascii.o)
    0x0800fef8   0x00000014   Data   RO         5805    .constdata          STemWin524b_CM4_Keil.lib(f20_ascii.o)
    0x0800ff0c   0x00000014   Data   RO         5806    .constdata          STemWin524b_CM4_Keil.lib(f20_ascii.o)
    0x0800ff20   0x00000014   Data   RO         5807    .constdata          STemWin524b_CM4_Keil.lib(f20_ascii.o)
    0x0800ff34   0x00000028   Data   RO         5808    .constdata          STemWin524b_CM4_Keil.lib(f20_ascii.o)
    0x0800ff5c   0x000002f8   Data   RO         5809    .constdata          STemWin524b_CM4_Keil.lib(f20_ascii.o)
    0x08010254   0x00000018   Data   RO         5812    .constdata          STemWin524b_CM4_Keil.lib(f24_ascii.o)
    0x0801026c   0x00000018   Data   RO         5813    .constdata          STemWin524b_CM4_Keil.lib(f24_ascii.o)
    0x08010284   0x00000018   Data   RO         5814    .constdata          STemWin524b_CM4_Keil.lib(f24_ascii.o)
    0x0801029c   0x00000030   Data   RO         5815    .constdata          STemWin524b_CM4_Keil.lib(f24_ascii.o)
    0x080102cc   0x00000030   Data   RO         5816    .constdata          STemWin524b_CM4_Keil.lib(f24_ascii.o)
    0x080102fc   0x00000048   Data   RO         5817    .constdata          STemWin524b_CM4_Keil.lib(f24_ascii.o)
    0x08010344   0x00000030   Data   RO         5818    .constdata          STemWin524b_CM4_Keil.lib(f24_ascii.o)
    0x08010374   0x00000018   Data   RO         5819    .constdata          STemWin524b_CM4_Keil.lib(f24_ascii.o)
    0x0801038c   0x00000018   Data   RO         5820    .constdata          STemWin524b_CM4_Keil.lib(f24_ascii.o)
    0x080103a4   0x00000018   Data   RO         5821    .constdata          STemWin524b_CM4_Keil.lib(f24_ascii.o)
    0x080103bc   0x00000018   Data   RO         5822    .constdata          STemWin524b_CM4_Keil.lib(f24_ascii.o)
    0x080103d4   0x00000030   Data   RO         5823    .constdata          STemWin524b_CM4_Keil.lib(f24_ascii.o)
    0x08010404   0x00000018   Data   RO         5824    .constdata          STemWin524b_CM4_Keil.lib(f24_ascii.o)
    0x0801041c   0x00000018   Data   RO         5825    .constdata          STemWin524b_CM4_Keil.lib(f24_ascii.o)
    0x08010434   0x00000018   Data   RO         5826    .constdata          STemWin524b_CM4_Keil.lib(f24_ascii.o)
    0x0801044c   0x00000018   Data   RO         5827    .constdata          STemWin524b_CM4_Keil.lib(f24_ascii.o)
    0x08010464   0x00000030   Data   RO         5828    .constdata          STemWin524b_CM4_Keil.lib(f24_ascii.o)
    0x08010494   0x00000030   Data   RO         5829    .constdata          STemWin524b_CM4_Keil.lib(f24_ascii.o)
    0x080104c4   0x00000030   Data   RO         5830    .constdata          STemWin524b_CM4_Keil.lib(f24_ascii.o)
    0x080104f4   0x00000030   Data   RO         5831    .constdata          STemWin524b_CM4_Keil.lib(f24_ascii.o)
    0x08010524   0x00000030   Data   RO         5832    .constdata          STemWin524b_CM4_Keil.lib(f24_ascii.o)
    0x08010554   0x00000030   Data   RO         5833    .constdata          STemWin524b_CM4_Keil.lib(f24_ascii.o)
    0x08010584   0x00000030   Data   RO         5834    .constdata          STemWin524b_CM4_Keil.lib(f24_ascii.o)
    0x080105b4   0x00000030   Data   RO         5835    .constdata          STemWin524b_CM4_Keil.lib(f24_ascii.o)
    0x080105e4   0x00000030   Data   RO         5836    .constdata          STemWin524b_CM4_Keil.lib(f24_ascii.o)
    0x08010614   0x00000030   Data   RO         5837    .constdata          STemWin524b_CM4_Keil.lib(f24_ascii.o)
    0x08010644   0x00000018   Data   RO         5838    .constdata          STemWin524b_CM4_Keil.lib(f24_ascii.o)
    0x0801065c   0x00000018   Data   RO         5839    .constdata          STemWin524b_CM4_Keil.lib(f24_ascii.o)
    0x08010674   0x00000030   Data   RO         5840    .constdata          STemWin524b_CM4_Keil.lib(f24_ascii.o)
    0x080106a4   0x00000030   Data   RO         5841    .constdata          STemWin524b_CM4_Keil.lib(f24_ascii.o)
    0x080106d4   0x00000030   Data   RO         5842    .constdata          STemWin524b_CM4_Keil.lib(f24_ascii.o)
    0x08010704   0x00000030   Data   RO         5843    .constdata          STemWin524b_CM4_Keil.lib(f24_ascii.o)
    0x08010734   0x00000048   Data   RO         5844    .constdata          STemWin524b_CM4_Keil.lib(f24_ascii.o)
    0x0801077c   0x00000030   Data   RO         5845    .constdata          STemWin524b_CM4_Keil.lib(f24_ascii.o)
    0x080107ac   0x00000030   Data   RO         5846    .constdata          STemWin524b_CM4_Keil.lib(f24_ascii.o)
    0x080107dc   0x00000030   Data   RO         5847    .constdata          STemWin524b_CM4_Keil.lib(f24_ascii.o)
    0x0801080c   0x00000030   Data   RO         5848    .constdata          STemWin524b_CM4_Keil.lib(f24_ascii.o)
    0x0801083c   0x00000030   Data   RO         5849    .constdata          STemWin524b_CM4_Keil.lib(f24_ascii.o)
    0x0801086c   0x00000030   Data   RO         5850    .constdata          STemWin524b_CM4_Keil.lib(f24_ascii.o)
    0x0801089c   0x00000030   Data   RO         5851    .constdata          STemWin524b_CM4_Keil.lib(f24_ascii.o)
    0x080108cc   0x00000030   Data   RO         5852    .constdata          STemWin524b_CM4_Keil.lib(f24_ascii.o)
    0x080108fc   0x00000018   Data   RO         5853    .constdata          STemWin524b_CM4_Keil.lib(f24_ascii.o)
    0x08010914   0x00000030   Data   RO         5854    .constdata          STemWin524b_CM4_Keil.lib(f24_ascii.o)
    0x08010944   0x00000030   Data   RO         5855    .constdata          STemWin524b_CM4_Keil.lib(f24_ascii.o)
    0x08010974   0x00000030   Data   RO         5856    .constdata          STemWin524b_CM4_Keil.lib(f24_ascii.o)
    0x080109a4   0x00000048   Data   RO         5857    .constdata          STemWin524b_CM4_Keil.lib(f24_ascii.o)
    0x080109ec   0x00000030   Data   RO         5858    .constdata          STemWin524b_CM4_Keil.lib(f24_ascii.o)
    0x08010a1c   0x00000030   Data   RO         5859    .constdata          STemWin524b_CM4_Keil.lib(f24_ascii.o)
    0x08010a4c   0x00000030   Data   RO         5860    .constdata          STemWin524b_CM4_Keil.lib(f24_ascii.o)
    0x08010a7c   0x00000030   Data   RO         5861    .constdata          STemWin524b_CM4_Keil.lib(f24_ascii.o)
    0x08010aac   0x00000030   Data   RO         5862    .constdata          STemWin524b_CM4_Keil.lib(f24_ascii.o)
    0x08010adc   0x00000030   Data   RO         5863    .constdata          STemWin524b_CM4_Keil.lib(f24_ascii.o)
    0x08010b0c   0x00000030   Data   RO         5864    .constdata          STemWin524b_CM4_Keil.lib(f24_ascii.o)
    0x08010b3c   0x00000030   Data   RO         5865    .constdata          STemWin524b_CM4_Keil.lib(f24_ascii.o)
    0x08010b6c   0x00000030   Data   RO         5866    .constdata          STemWin524b_CM4_Keil.lib(f24_ascii.o)
    0x08010b9c   0x00000048   Data   RO         5867    .constdata          STemWin524b_CM4_Keil.lib(f24_ascii.o)
    0x08010be4   0x00000030   Data   RO         5868    .constdata          STemWin524b_CM4_Keil.lib(f24_ascii.o)
    0x08010c14   0x00000030   Data   RO         5869    .constdata          STemWin524b_CM4_Keil.lib(f24_ascii.o)
    0x08010c44   0x00000030   Data   RO         5870    .constdata          STemWin524b_CM4_Keil.lib(f24_ascii.o)
    0x08010c74   0x00000018   Data   RO         5871    .constdata          STemWin524b_CM4_Keil.lib(f24_ascii.o)
    0x08010c8c   0x00000018   Data   RO         5872    .constdata          STemWin524b_CM4_Keil.lib(f24_ascii.o)
    0x08010ca4   0x00000018   Data   RO         5873    .constdata          STemWin524b_CM4_Keil.lib(f24_ascii.o)
    0x08010cbc   0x00000018   Data   RO         5874    .constdata          STemWin524b_CM4_Keil.lib(f24_ascii.o)
    0x08010cd4   0x00000030   Data   RO         5875    .constdata          STemWin524b_CM4_Keil.lib(f24_ascii.o)
    0x08010d04   0x00000018   Data   RO         5876    .constdata          STemWin524b_CM4_Keil.lib(f24_ascii.o)
    0x08010d1c   0x00000030   Data   RO         5877    .constdata          STemWin524b_CM4_Keil.lib(f24_ascii.o)
    0x08010d4c   0x00000030   Data   RO         5878    .constdata          STemWin524b_CM4_Keil.lib(f24_ascii.o)
    0x08010d7c   0x00000030   Data   RO         5879    .constdata          STemWin524b_CM4_Keil.lib(f24_ascii.o)
    0x08010dac   0x00000030   Data   RO         5880    .constdata          STemWin524b_CM4_Keil.lib(f24_ascii.o)
    0x08010ddc   0x00000030   Data   RO         5881    .constdata          STemWin524b_CM4_Keil.lib(f24_ascii.o)
    0x08010e0c   0x00000018   Data   RO         5882    .constdata          STemWin524b_CM4_Keil.lib(f24_ascii.o)
    0x08010e24   0x00000030   Data   RO         5883    .constdata          STemWin524b_CM4_Keil.lib(f24_ascii.o)
    0x08010e54   0x00000030   Data   RO         5884    .constdata          STemWin524b_CM4_Keil.lib(f24_ascii.o)
    0x08010e84   0x00000018   Data   RO         5885    .constdata          STemWin524b_CM4_Keil.lib(f24_ascii.o)
    0x08010e9c   0x00000018   Data   RO         5886    .constdata          STemWin524b_CM4_Keil.lib(f24_ascii.o)
    0x08010eb4   0x00000030   Data   RO         5887    .constdata          STemWin524b_CM4_Keil.lib(f24_ascii.o)
    0x08010ee4   0x00000018   Data   RO         5888    .constdata          STemWin524b_CM4_Keil.lib(f24_ascii.o)
    0x08010efc   0x00000030   Data   RO         5889    .constdata          STemWin524b_CM4_Keil.lib(f24_ascii.o)
    0x08010f2c   0x00000030   Data   RO         5890    .constdata          STemWin524b_CM4_Keil.lib(f24_ascii.o)
    0x08010f5c   0x00000030   Data   RO         5891    .constdata          STemWin524b_CM4_Keil.lib(f24_ascii.o)
    0x08010f8c   0x00000030   Data   RO         5892    .constdata          STemWin524b_CM4_Keil.lib(f24_ascii.o)
    0x08010fbc   0x00000030   Data   RO         5893    .constdata          STemWin524b_CM4_Keil.lib(f24_ascii.o)
    0x08010fec   0x00000018   Data   RO         5894    .constdata          STemWin524b_CM4_Keil.lib(f24_ascii.o)
    0x08011004   0x00000030   Data   RO         5895    .constdata          STemWin524b_CM4_Keil.lib(f24_ascii.o)
    0x08011034   0x00000018   Data   RO         5896    .constdata          STemWin524b_CM4_Keil.lib(f24_ascii.o)
    0x0801104c   0x00000030   Data   RO         5897    .constdata          STemWin524b_CM4_Keil.lib(f24_ascii.o)
    0x0801107c   0x00000030   Data   RO         5898    .constdata          STemWin524b_CM4_Keil.lib(f24_ascii.o)
    0x080110ac   0x00000030   Data   RO         5899    .constdata          STemWin524b_CM4_Keil.lib(f24_ascii.o)
    0x080110dc   0x00000030   Data   RO         5900    .constdata          STemWin524b_CM4_Keil.lib(f24_ascii.o)
    0x0801110c   0x00000030   Data   RO         5901    .constdata          STemWin524b_CM4_Keil.lib(f24_ascii.o)
    0x0801113c   0x00000030   Data   RO         5902    .constdata          STemWin524b_CM4_Keil.lib(f24_ascii.o)
    0x0801116c   0x00000018   Data   RO         5903    .constdata          STemWin524b_CM4_Keil.lib(f24_ascii.o)
    0x08011184   0x00000018   Data   RO         5904    .constdata          STemWin524b_CM4_Keil.lib(f24_ascii.o)
    0x0801119c   0x00000018   Data   RO         5905    .constdata          STemWin524b_CM4_Keil.lib(f24_ascii.o)
    0x080111b4   0x00000030   Data   RO         5906    .constdata          STemWin524b_CM4_Keil.lib(f24_ascii.o)
    0x080111e4   0x000002f8   Data   RO         5907    .constdata          STemWin524b_CM4_Keil.lib(f24_ascii.o)
    0x080114dc   0x00000074   Data   RO         5927    .constdata          STemWin524b_CM4_Keil.lib(guidev_32.o)
    0x08011550   0x00000088   Data   RO         6727    .constdata          m_wm.l(pow.o)
    0x080115d8   0x00000008   Data   RO         7042    .constdata          m_wm.l(qnan.o)
    0x080115e0   0x00000020   Data   RO         7111    Region$$Table       anon$$obj.o


    Execution Region RW_IRAM1 (Base: 0x20000000, Size: 0x0002a298, Max: 0x00030000, ABSOLUTE, COMPRESSED[0x00000054])

    Base Addr    Size         Type   Attr      Idx    E Section Name        Object

    0x20000000   0x00000008   Data   RW           40    .data               blueradio_fh_lib.o
    0x20000008   0x00000008   Data   RW          523    .data               itm_retarget.o
    0x20000010   0x0000000c   Data   RW          731    .data               main.o
    0x2000001c   0x00000018   Data   RW         1359    .data               stm32f429i_discovery.o
    0x20000034   0x00000014   Data   RW         1989    .data               system_stm32f4xx.o
    0x20000048   0x00000004   Data   RW         2069    .data               lcdconf_stm32f429i_disco.o
    0x2000004c   0x00000004   Data   RW         2249    .data               gui_x.o
    0x20000050   0x00000004   Data   RW         2318    .data               stm32f4xx_hal.o
    0x20000054   0x00000008   Data   RW         4908    .data               STemWin524b_CM4_Keil.lib(guicc_m1555i.o)
    0x2000005c   0x00000008   Data   RW         4922    .data               STemWin524b_CM4_Keil.lib(guicc_m4444i.o)
    0x20000064   0x00000008   Data   RW         4936    .data               STemWin524b_CM4_Keil.lib(guicc_m8888i.o)
    0x2000006c   0x00000028   Data   RW         4953    .data               STemWin524b_CM4_Keil.lib(gui__alpha.o)
    0x20000094   0x00000008   Data   RW         4999    .data               STemWin524b_CM4_Keil.lib(gui_alloc.o)
    0x2000009c   0x0000002c   Data   RW         5046    .data               STemWin524b_CM4_Keil.lib(gui_core.o)
    0x200000c8   0x00000004   Data   RW         5049    .data               STemWin524b_CM4_Keil.lib(gui_core.o)
    0x200000cc   0x00000004   Data   RW         5050    .data               STemWin524b_CM4_Keil.lib(gui_core.o)
    0x200000d0   0x00000004   Data   RW         5053    .data               STemWin524b_CM4_Keil.lib(gui_core.o)
    0x200000d4   0x00000002   Data   RW         5054    .data               STemWin524b_CM4_Keil.lib(gui_core.o)
    0x200000d6   0x00000002   Data   RW         5055    .data               STemWin524b_CM4_Keil.lib(gui_core.o)
    0x200000d8   0x00000024   Data   RW         5103    .data               STemWin524b_CM4_Keil.lib(gui_multibuf.o)
    0x200000fc   0x00000008   Data   RW         5143    .data               STemWin524b_CM4_Keil.lib(guicc_m565.o)
    0x20000104   0x00000008   Data   RW         5156    .data               STemWin524b_CM4_Keil.lib(guicc_m888.o)
    0x2000010c   0x00000004   Data   RW         5181    .data               STemWin524b_CM4_Keil.lib(lcd.o)
    0x20000110   0x00000010   Data   RW         5207    .data               STemWin524b_CM4_Keil.lib(lcd_color.o)
    0x20000120   0x00000060   Data   RW         6001    .data               STemWin524b_CM4_Keil.lib(wm.o)
    0x20000180   0x00000008   Data   RW         6066    .data               STemWin524b_CM4_Keil.lib(gui__managecache.o)
    0x20000188   0x00000004   Data   RW         6091    .data               STemWin524b_CM4_Keil.lib(gui_charline.o)
    0x2000018c   0x0000000c   Data   RW         6120    .data               STemWin524b_CM4_Keil.lib(gui_onkey.o)
    0x20000198   0x0000000c   Data   RW         6164    .data               STemWin524b_CM4_Keil.lib(gui_waitevent.o)
    0x200001a4   0x00000004   Data   RW         6232    .data               STemWin524b_CM4_Keil.lib(wm__sendmessage.o)
    0x200001a8   0x00000004   Data   RW         7076    .data               mc_w.l(errno.o)
    0x200001ac   0x0000000a   Zero   RW           38    .bss                blueradio_fh_lib.o
    0x200001b6   0x00000002   PAD
    0x200001b8   0x00000094   Zero   RW          303    .bss                blueradio_lib.o
    0x2000024c   0x00000038   Zero   RW          489    .bss                i2c.o
    0x20000284   0x0000003c   Zero   RW          669    .bss                usart.o
    0x200002c0   0x00000278   Zero   RW          730    .bss                main.o
    0x20000538   0x0000008c   Zero   RW         1357    .bss                stm32f429i_discovery.o
    0x200005c4   0x000000b0   Zero   RW         1881    .bss                stm32f429i_discovery_sdram.o
    0x20000674   0x00025800   Zero   RW         2018    .bss                guiconf.o
    0x20025e74   0x00003234   Zero   RW         2068    .bss                lcdconf_stm32f429i_disco.o
    0x200290a8   0x000000c8   Zero   RW         4998    .bss                STemWin524b_CM4_Keil.lib(gui_alloc.o)
    0x20029170   0x00000070   Zero   RW         5044    .bss                STemWin524b_CM4_Keil.lib(gui_core.o)
    0x200291e0   0x00000018   Zero   RW         6000    .bss                STemWin524b_CM4_Keil.lib(wm.o)
    0x200291f8   0x00000058   Zero   RW         6119    .bss                STemWin524b_CM4_Keil.lib(gui_onkey.o)
    0x20029250   0x00000048   Zero   RW         6273    .bss                STemWin524b_CM4_Keil.lib(wm_touch.o)
    0x20029298   0x00001000   Zero   RW            1    STACK               startup_stm32f429xx.o


==============================================================================

Image component sizes


      Code (inc. data)   RO Data    RW Data    ZI Data      Debug   Object Name

       564        126         96          8         10     383508   blueradio_fh_lib.o
      1000        154        264          0        148       7815   blueradio_lib.o
        40          4          0          0          0      48291   gpio.o
         4          0          0          4          0       1174   gui_x.o
        32         10          0          0     153600        567   guiconf.o
        64         48          0          0          0       1487   hal_i2c_callbacks.o
        52          4          0          0          0       1112   hal_uart_callbacks.o
       168         34          0          0         56       1464   i2c.o
       658          0          0          0          0       4912   ili9341.o
        36          4          0          8          0      28771   itm_retarget.o
       324        152          0          0          0        563   lcd_maintask.o
      2932        356          0          4      12852      26373   lcdconf_stm32f429i_disco.o
      1248        444          0         12        632      79073   main.o
       496         24          0          0          0       4046   mpl3115_lib.o
        36          8        428          0       4096        828   startup_stm32f429xx.o
       456         68          0         24        140       6325   stm32f429i_discovery.o
       524         48          0          0        176       2797   stm32f429i_discovery_sdram.o
       136         16          0          4          0       4014   stm32f4xx_hal.o
       204         14          0          0          0      30883   stm32f4xx_hal_cortex.o
      2620         36          0          0          0       2260   stm32f4xx_hal_dma.o
        86          0          0          0          0       1161   stm32f4xx_hal_dma2d.o
       462         52          0          0          0       3048   stm32f4xx_hal_gpio.o
      2572         60          0          0          0      13840   stm32f4xx_hal_i2c.o
      1458         10          0          0          0      10991   stm32f4xx_hal_ltdc.o
        22          0          0          0          0        490   stm32f4xx_hal_msp.o
       104         14          0          0          0        738   stm32f4xx_hal_pwr_ex.o
      1532         68         16          0          0       5935   stm32f4xx_hal_rcc.o
       624         36          0          0          0       1544   stm32f4xx_hal_rcc_ex.o
       144          0          0          0          0       3000   stm32f4xx_hal_sdram.o
       666          0          0          0          0       5092   stm32f4xx_hal_spi.o
      1090         10          0          0          0       6184   stm32f4xx_hal_uart.o
        96         32          0          0          0       4962   stm32f4xx_it.o
       244          0          0          0          0       3148   stm32f4xx_ll_fmc.o
        84         18          0         20          0       1237   system_stm32f4xx.o
       630         28          0          0         60       3633   usart.o

    ----------------------------------------------------------------------
     21444       1878        836         84     171772     701266   Object Totals
         0          0         32          0          0          0   (incl. Generated)
        36          0          0          0          2          0   (incl. Padding)

    ----------------------------------------------------------------------

      Code (inc. data)   RO Data    RW Data    ZI Data      Debug   Library Member Name

         0          0       4248          0          0          0   f20_1.o
         0          0       4000          0          0          0   f20_ascii.o
         0          0       5028          0          0          0   f24_1.o
         0          0       4744          0          0          0   f24_ascii.o
         0          0       1816          0          0          0   f6x8.o
       886         56          0         40          0       1148   gui__alpha.o
       356          0          0          0          0        132   gui__compactpixelindices.o
         0          0         16          0          0          0   gui__divtbl_15_255.o
         0          0        256          0          0          0   gui__divtbl_255_15.o
         0          0        256          0          0          0   gui__divtbl_255_31.o
         0          0        256          0          0          0   gui__divtbl_255_63.o
         0          0         32          0          0          0   gui__divtbl_31_255.o
         0          0         64          0          0          0   gui__divtbl_63_255.o
       322          0          0          0          0        156   gui__expandpixelindices.o
        58          0          0          0          0        116   gui__intersectrect.o
        82          0          0          0          0        128   gui__intersectrects.o
       188          8          0          8          0        248   gui__managecache.o
        76          0          0          0          0        124   gui__memset.o
      1654         92          0          8        200       2504   gui_alloc.o
        36          0          0          0          0        128   gui_alloc_alloczero.o
        60          0          0          0          0        124   gui_calccolordist.o
        96         22          0          0          0        464   gui_char.o
       458         36          0          4          0        760   gui_charline.o
       394         12          0          0          0        492   gui_charm.o
       316         10          0          0          0        624   gui_charp.o
       472         84          8         60        112       1120   gui_core.o
       348         24          0          0          0        852   gui_device.o
       256          4          0          0          0        136   gui_dispstring.o
        16          4          0          0          0        116   gui_dispstringat.o
        28          0          0          0          0        256   gui_getcolor.o
        12          4          0          0          0        116   gui_getdrawmode.o
        52         12          0          0          0        360   gui_goto.o
        88          0          0          0          0        124   gui_mergerect.o
        30          0          0          0          0        116   gui_moverect.o
        44          6          0         36          0        116   gui_multibuf.o
        16          4          0         12         88        116   gui_onkey.o
        56          0          0          0          0        116   gui_rectsintersect.o
        58          8          0          0          0        256   gui_selectlayer.o
        18          0          0          0          0        128   gui_selectlcd.o
         8          0          0          0          0        232   gui_setcolor.o
        20          6          0          0          0        116   gui_setfont.o
        56         18          0          0          0        128   gui_setorg.o
        84         10          0          0          0        264   gui_uc.o
        18          0         16          0          0        464   gui_uc_encodenone.o
        16          4          0         12          0        116   gui_waitevent.o
       198          0         24          0          0        388   guicc_0.o
       172          0         24          0          0        376   guicc_16.o
       228         36         24          0          0        636   guicc_1616i.o
       186          0         24          0          0        356   guicc_8666.o
       194         18         24          0          0        636   guicc_88666i.o
         2          0          0          0          0        116   guicc_8888_index2color.o
         2          0          0          0          0        116   guicc_888_index2color.o
       306         32         24          8          0        768   guicc_m1555i.o
       304         20         24          8          0        768   guicc_m4444i.o
       270         50         24          8          0        768   guicc_m565.o
       142         16         24          8          0        636   guicc_m888.o
       218         12         24          8          0        768   guicc_m8888i.o
        20          0          0          0          0        116   guicc_m888_index2color.o
        64          6          0          0          0        128   guidev.o
      2356         62        116          0          0       2256   guidev_32.o
        22          0          0          0          0        128   guidev_getdataptr.o
        76          0          0          0          0        260   guidev_usage.o
       280         14          0          0          0        144   guidev_writetoactivealpha.o
      2688        176         52          0          0       4448   guidrv_lin_32.o
      1210         98         12          4          0       2016   lcd.o
       264         26          0         16          0        744   lcd_color.o
        32         12          0          0          0        232   lcd_getcolorindex.o
       228         30          0          0          0       1780   lcd_getex.o
        26          0          0          0          0        128   lcd_getnumdisplays.o
         0          0        256          0          0          0   lcd_mirror.o
       504         18          0          0          0        280   lcd_readrect.o
        64         10          0          0          0        128   lcd_selectlcd.o
       260          0          0          0          0        788   lcd_set.o
        48         10          0          0          0        128   lcd_setcliprectex.o
        36          4          0          0          0        128   lcd_updatecolorindices.o
      2966        132          0         96         24       4096   wm.o
        18          0          0          0          0        124   wm__getfirstsibling.o
        36          0          0          0          0        128   wm__getprevsibling.o
        60          6          0          4          0        136   wm__sendmessage.o
       126          0          0          0          0        140   wm_bringtobottom.o
        16          6          0          0          0        116   wm_criticalhandle.o
        32          0          0          0          0        128   wm_getclientrect.o
        24         10          0          0          0        116   wm_getdesktopwindow.o
        14          0          0          0          0        124   wm_getfirstchild.o
        14          0          0          0          0        124   wm_getparent.o
        30          0          0          0          0        140   wm_sendtoparent.o
         0          0          0          0         72          0   wm_touch.o
       164         44          0          0          0        620   dunder.o
        24          0          0          0          0        124   fabs.o
        48          0          0          0          0        124   fpclassify.o
       248          0          0          0          0        152   poly.o
      3128        302        136          0          0        356   pow.o
         0          0          8          0          0          0   qnan.o
       110          0          0          0          0        148   sqrt.o
        86          0          0          0          0          0   __dczerorl2.o
         0          0          0          0          0          0   entry.o
         0          0          0          0          0          0   entry10a.o
         0          0          0          0          0          0   entry11a.o
         8          4          0          0          0          0   entry2.o
         4          0          0          0          0          0   entry5.o
         0          0          0          0          0          0   entry7b.o
         0          0          0          0          0          0   entry8b.o
         8          4          0          0          0          0   entry9a.o
        12          6          0          4          0         68   errno.o
        30          0          0          0          0          0   handlers.o
        36          8          0          0          0         68   init.o
         0          0          0          0          0          0   iusefp.o
        30          0          0          0          0         68   llshl.o
        36          0          0          0          0         68   llsshr.o
        32          0          0          0          0         68   llushr.o
        64          0          0          0          0         76   memmovea.o
      1216         58          0          0          0        504   printf8.o
        98          0          0          0          0         92   uldiv.o
        48          0          0          0          0         68   cdrcmple.o
        56          0          0          0          0         88   d2f.o
       334          0          0          0          0        148   dadd.o
       222          0          0          0          0        100   ddiv.o
       186          0          0          0          0        176   depilogue.o
        34          0          0          0          0         76   dflti.o
       228          0          0          0          0         96   dmul.o
        46          0          0          0          0         80   dscalb.o
       162          0          0          0          0        100   dsqrt.o
        38          0          0          0          0         68   f2d.o
       110          0          0          0          0        168   fepilogue.o

    ----------------------------------------------------------------------
     27328       1654      21560        344        496      41636   Library Totals
        68          0          0          0          0          0   (incl. Padding)

    ----------------------------------------------------------------------

      Code (inc. data)   RO Data    RW Data    ZI Data      Debug   Library Name

     20414       1228      21416        340        496      37932   STemWin524b_CM4_Keil.lib
      3722        346        144          0          0       1524   m_wm.l
      1660         80          0          4          0       1012   mc_w.l
      1464          0          0          0          0       1168   mf_w.l

    ----------------------------------------------------------------------
     27328       1654      21560        344        496      41636   Library Totals

    ----------------------------------------------------------------------

==============================================================================


      Code (inc. data)   RO Data    RW Data    ZI Data      Debug   

     48772       3532      22396        428     172268     691294   Grand Totals
     48772       3532      22396         84     172268     691294   ELF Image Totals (compressed)
     48772       3532      22396         84          0          0   ROM Totals

==============================================================================

    Total RO  Size (Code + RO Data)                71168 (  69.50kB)
    Total RW  Size (RW Data + ZI Data)            172696 ( 168.65kB)
    Total ROM Size (Code + RO Data + RW Data)      71252 (  69.58kB)

==============================================================================

